10:34:19 **** Incremental Build of configuration Debug for project lab3 ****
make all 
'Building target: lab3.elf'
'Invoking: MicroBlaze gcc linker'
mb-gcc -Wl,-T -Wl,../src/lscript.ld -L../../lab3_bsp/microblaze_0/lib -mlittle-endian -mcpu=v10.0 -mxl-soft-mul -Wl,--no-relax -Wl,--gc-sections -o "lab3.elf"  ./src/main.o   -Wl,--start-group,-lxil,-lgcc,-lc,--end-group
c:/xilinx/sdk/2018.2/gnu/microblaze/nt/bin/../lib/gcc/microblaze-xilinx-elf/7.2.0/../../../../microblaze-xilinx-elf/bin/ld.exe: lab3.elf section `.text' will not fit in region `microblaze_0_local_memory_ilmb_bram_if_cntlr_Mem_microblaze_0_local_memory_dlmb_bram_if_cntlr_Mem'
c:/xilinx/sdk/2018.2/gnu/microblaze/nt/bin/../lib/gcc/microblaze-xilinx-elf/7.2.0/../../../../microblaze-xilinx-elf/bin/ld.exe: region `microblaze_0_local_memory_ilmb_bram_if_cntlr_Mem_microblaze_0_local_memory_dlmb_bram_if_cntlr_Mem' overflowed by 94872 bytes
collect2.exe: error: ld returned 1 exit status
make: *** [lab3.elf] Error 1
10:34:23 **** Incremental Build of configuration Debug for project lab3 ****
make all 
'Building target: lab3.elf'
'Invoking: MicroBlaze gcc linker'
mb-gcc -Wl,-T -Wl,../src/lscript.ld -L../../lab3_bsp/microblaze_0/lib -mlittle-endian -mcpu=v10.0 -mxl-soft-mul -Wl,--no-relax -Wl,--gc-sections -o "lab3.elf"  ./src/main.o   -Wl,--start-group,-lxil,-lgcc,-lc,--end-group
c:/xilinx/sdk/2018.2/gnu/microblaze/nt/bin/../lib/gcc/microblaze-xilinx-elf/7.2.0/../../../../microblaze-xilinx-elf/bin/ld.exe: lab3.elf section `.text' will not fit in region `microblaze_0_local_memory_ilmb_bram_if_cntlr_Mem_microblaze_0_local_memory_dlmb_bram_if_cntlr_Mem'
c:/xilinx/sdk/2018.2/gnu/microblaze/nt/bin/../lib/gcc/microblaze-xilinx-elf/7.2.0/../../../../microblaze-xilinx-elf/bin/ld.exe: region `microblaze_0_local_memory_ilmb_bram_if_cntlr_Mem_microblaze_0_local_memory_dlmb_bram_if_cntlr_Mem' overflowed by 94872 bytes
collect2.exe: error: ld returned 1 exit status
make: *** [lab3.elf] Error 1
10:35:34 **** Incremental Build of configuration Debug for project lab3 ****
make all 
'Building target: lab3.elf'
'Invoking: MicroBlaze gcc linker'
mb-gcc -Wl,-T -Wl,../src/lscript.ld -L../../lab3_bsp/microblaze_0/lib -mlittle-endian -mcpu=v10.0 -mxl-soft-mul -Wl,--no-relax -Wl,--gc-sections -o "lab3.elf"  ./src/main.o   -Wl,--start-group,-lxil,-lgcc,-lc,--end-group
c:/xilinx/sdk/2018.2/gnu/microblaze/nt/bin/../lib/gcc/microblaze-xilinx-elf/7.2.0/../../../../microblaze-xilinx-elf/bin/ld.exe: lab3.elf section `.text' will not fit in region `microblaze_0_local_memory_ilmb_bram_if_cntlr_Mem_microblaze_0_local_memory_dlmb_bram_if_cntlr_Mem'
c:/xilinx/sdk/2018.2/gnu/microblaze/nt/bin/../lib/gcc/microblaze-xilinx-elf/7.2.0/../../../../microblaze-xilinx-elf/bin/ld.exe: region `microblaze_0_local_memory_ilmb_bram_if_cntlr_Mem_microblaze_0_local_memory_dlmb_bram_if_cntlr_Mem' overflowed by 94872 bytes
collect2.exe: error: ld returned 1 exit status
make: *** [lab3.elf] Error 1
10:37:26 **** Incremental Build of configuration Debug for project lab3 ****
make all 
'Building target: lab3.elf'
'Invoking: MicroBlaze gcc linker'
mb-gcc -Wl,-T -Wl,../src/lscript.ld -L../../lab3_bsp/microblaze_0/lib -mlittle-endian -mcpu=v10.0 -mxl-soft-mul -Wl,--no-relax -Wl,--gc-sections -o "lab3.elf"  ./src/main.o   -Wl,--start-group,-lxil,-lgcc,-lc,--end-group
c:/xilinx/sdk/2018.2/gnu/microblaze/nt/bin/../lib/gcc/microblaze-xilinx-elf/7.2.0/../../../../microblaze-xilinx-elf/bin/ld.exe: lab3.elf section `.text' will not fit in region `microblaze_0_local_memory_ilmb_bram_if_cntlr_Mem_microblaze_0_local_memory_dlmb_bram_if_cntlr_Mem'
c:/xilinx/sdk/2018.2/gnu/microblaze/nt/bin/../lib/gcc/microblaze-xilinx-elf/7.2.0/../../../../microblaze-xilinx-elf/bin/ld.exe: region `microblaze_0_local_memory_ilmb_bram_if_cntlr_Mem_microblaze_0_local_memory_dlmb_bram_if_cntlr_Mem' overflowed by 94872 bytes
collect2.exe: error: ld returned 1 exit status
make: *** [lab3.elf] Error 1
10:39:43 **** Auto Build of configuration Debug for project lab3 ****
make all 
'Building file: ../src/main.c'
'Invoking: MicroBlaze gcc compiler'
mb-gcc -Wall -O0 -g3 -c -fmessage-length=0 -MT"src/main.o" -I../../lab3_bsp/microblaze_0/include -mlittle-endian -mcpu=v10.0 -mxl-soft-mul -Wl,--no-relax -ffunction-sections -fdata-sections -MMD -MP -MF"src/main.d" -MT"src/main.o" -o "src/main.o" "../src/main.c"
'Finished building: ../src/main.c'
' '
'Building target: lab3.elf'
'Invoking: MicroBlaze gcc linker'
mb-gcc -Wl,-T -Wl,../src/lscript.ld -L../../lab3_bsp/microblaze_0/lib -mlittle-endian -mcpu=v10.0 -mxl-soft-mul -Wl,--no-relax -Wl,--gc-sections -o "lab3.elf"  ./src/main.o   -Wl,--start-group,-lxil,-lgcc,-lc,--end-group
'Finished building target: lab3.elf'
' '
'Invoking: MicroBlaze Print Size'
mb-size lab3.elf  |tee "lab3.elf.size"
   text	   data	    bss	    dec	    hex	filename
   1952	    268	   3108	   5328	   14d0	lab3.elf
'Finished building: lab3.elf.size'
' '
10:39:51 **** Incremental Build of configuration Debug for project lab3 ****
make all 
make: Nothing to be done for `all'.
10:40:01 **** Incremental Build of configuration Debug for project lab3 ****
make all 
make: Nothing to be done for `all'.
10:40:36 **** Auto Build of configuration Debug for project lab3 ****
make all 
'Building file: ../src/main.c'
'Invoking: MicroBlaze gcc compiler'
mb-gcc -Wall -O0 -g3 -c -fmessage-length=0 -MT"src/main.o" -I../../lab3_bsp/microblaze_0/include -mlittle-endian -mcpu=v10.0 -mxl-soft-mul -Wl,--no-relax -ffunction-sections -fdata-sections -MMD -MP -MF"src/main.d" -MT"src/main.o" -o "src/main.o" "../src/main.c"
../src/main.c: In function 'main':
../src/main.c:46:1: error: expected '=', ',', ';', 'asm' or '__attribute__' before '}' token
 }
 ^
make: *** [src/main.o] Error 1
10:40:41 **** Auto Build of configuration Debug for project lab3 ****
make all 
'Building file: ../src/main.c'
'Invoking: MicroBlaze gcc compiler'
mb-gcc -Wall -O0 -g3 -c -fmessage-length=0 -MT"src/main.o" -I../../lab3_bsp/microblaze_0/include -mlittle-endian -mcpu=v10.0 -mxl-soft-mul -Wl,--no-relax -ffunction-sections -fdata-sections -MMD -MP -MF"src/main.d" -MT"src/main.o" -o "src/main.o" "../src/main.c"
../src/main.c: In function 'main':
../src/main.c:45:7: warning: unused variable 'bufffer' [-Wunused-variable]
  char bufffer[20];
       ^~~~~~~
'Finished building: ../src/main.c'
' '
'Building target: lab3.elf'
'Invoking: MicroBlaze gcc linker'
mb-gcc -Wl,-T -Wl,../src/lscript.ld -L../../lab3_bsp/microblaze_0/lib -mlittle-endian -mcpu=v10.0 -mxl-soft-mul -Wl,--no-relax -Wl,--gc-sections -o "lab3.elf"  ./src/main.o   -Wl,--start-group,-lxil,-lgcc,-lc,--end-group
'Finished building target: lab3.elf'
' '
'Invoking: MicroBlaze Print Size'
mb-size lab3.elf  |tee "lab3.elf.size"
   text	   data	    bss	    dec	    hex	filename
   1952	    268	   3108	   5328	   14d0	lab3.elf
'Finished building: lab3.elf.size'
' '
10:40:44 **** Auto Build of configuration Debug for project lab3 ****
make all 
'Building file: ../src/main.c'
'Invoking: MicroBlaze gcc compiler'
mb-gcc -Wall -O0 -g3 -c -fmessage-length=0 -MT"src/main.o" -I../../lab3_bsp/microblaze_0/include -mlittle-endian -mcpu=v10.0 -mxl-soft-mul -Wl,--no-relax -ffunction-sections -fdata-sections -MMD -MP -MF"src/main.d" -MT"src/main.o" -o "src/main.o" "../src/main.c"
../src/main.c: In function 'main':
../src/main.c:45:7: warning: unused variable 'buffer' [-Wunused-variable]
  char buffer[20];
       ^~~~~~
'Finished building: ../src/main.c'
' '
'Building target: lab3.elf'
'Invoking: MicroBlaze gcc linker'
mb-gcc -Wl,-T -Wl,../src/lscript.ld -L../../lab3_bsp/microblaze_0/lib -mlittle-endian -mcpu=v10.0 -mxl-soft-mul -Wl,--no-relax -Wl,--gc-sections -o "lab3.elf"  ./src/main.o   -Wl,--start-group,-lxil,-lgcc,-lc,--end-group
'Finished building target: lab3.elf'
' '
'Invoking: MicroBlaze Print Size'
mb-size lab3.elf  |tee "lab3.elf.size"
   text	   data	    bss	    dec	    hex	filename
   1952	    268	   3108	   5328	   14d0	lab3.elf
'Finished building: lab3.elf.size'
' '
10:41:23 **** Auto Build of configuration Debug for project lab3 ****
make all 
'Building file: ../src/main.c'
'Invoking: MicroBlaze gcc compiler'
mb-gcc -Wall -O0 -g3 -c -fmessage-length=0 -MT"src/main.o" -I../../lab3_bsp/microblaze_0/include -mlittle-endian -mcpu=v10.0 -mxl-soft-mul -Wl,--no-relax -ffunction-sections -fdata-sections -MMD -MP -MF"src/main.d" -MT"src/main.o" -o "src/main.o" "../src/main.c"
../src/main.c: In function 'main':
../src/main.c:46:25: error: stray '\' in program
  print("Enter numbers:" \n);
                         ^
../src/main.c:46:26: error: expected ')' before 'n'
  print("Enter numbers:" \n);
                          ^
../src/main.c:47:2: warning: implicit declaration of function 'fgets' [-Wimplicit-function-declaration]
  fgets(buffer, sizeof(buffer), stdin);
  ^~~~~
../src/main.c:47:32: error: 'stdin' undeclared (first use in this function)
  fgets(buffer, sizeof(buffer), stdin);
                                ^~~~~
../src/main.c:47:32: note: each undeclared identifier is reported only once for each function it appears in
make: *** [src/main.o] Error 1
10:41:26 **** Auto Build of configuration Debug for project lab3 ****
make all 
'Building file: ../src/main.c'
'Invoking: MicroBlaze gcc compiler'
mb-gcc -Wall -O0 -g3 -c -fmessage-length=0 -MT"src/main.o" -I../../lab3_bsp/microblaze_0/include -mlittle-endian -mcpu=v10.0 -mxl-soft-mul -Wl,--no-relax -ffunction-sections -fdata-sections -MMD -MP -MF"src/main.d" -MT"src/main.o" -o "src/main.o" "../src/main.c"
../src/main.c: In function 'main':
../src/main.c:46:2: warning: implicit declaration of function 'printf' [-Wimplicit-function-declaration]
  printf("Enter numbers:" \n);
  ^~~~~~
../src/main.c:46:2: warning: incompatible implicit declaration of built-in function 'printf'
../src/main.c:46:2: note: include '<stdio.h>' or provide a declaration of 'printf'
../src/main.c:46:26: error: stray '\' in program
  printf("Enter numbers:" \n);
                          ^
../src/main.c:46:27: error: expected ')' before 'n'
  printf("Enter numbers:" \n);
                           ^
../src/main.c:47:2: warning: implicit declaration of function 'fgets' [-Wimplicit-function-declaration]
  fgets(buffer, sizeof(buffer), stdin);
  ^~~~~
../src/main.c:47:32: error: 'stdin' undeclared (first use in this function)
  fgets(buffer, sizeof(buffer), stdin);
                                ^~~~~
../src/main.c:47:32: note: each undeclared identifier is reported only once for each function it appears in
make: *** [src/main.o] Error 1
10:41:46 **** Auto Build of configuration Debug for project lab3 ****
make all 
'Building file: ../src/main.c'
'Invoking: MicroBlaze gcc compiler'
mb-gcc -Wall -O0 -g3 -c -fmessage-length=0 -MT"src/main.o" -I../../lab3_bsp/microblaze_0/include -mlittle-endian -mcpu=v10.0 -mxl-soft-mul -Wl,--no-relax -ffunction-sections -fdata-sections -MMD -MP -MF"src/main.d" -MT"src/main.o" -o "src/main.o" "../src/main.c"
../src/main.c: In function 'main':
../src/main.c:48:30: error: stray '\' in program
  xil_printf("Enter numbers:" \n);
                              ^
../src/main.c:48:31: error: expected ')' before 'n'
  xil_printf("Enter numbers:" \n);
                               ^
make: *** [src/main.o] Error 1
10:41:56 **** Auto Build of configuration Debug for project lab3 ****
make all 
'Building file: ../src/main.c'
'Invoking: MicroBlaze gcc compiler'
mb-gcc -Wall -O0 -g3 -c -fmessage-length=0 -MT"src/main.o" -I../../lab3_bsp/microblaze_0/include -mlittle-endian -mcpu=v10.0 -mxl-soft-mul -Wl,--no-relax -ffunction-sections -fdata-sections -MMD -MP -MF"src/main.d" -MT"src/main.o" -o "src/main.o" "../src/main.c"
'Finished building: ../src/main.c'
' '
'Building target: lab3.elf'
'Invoking: MicroBlaze gcc linker'
mb-gcc -Wl,-T -Wl,../src/lscript.ld -L../../lab3_bsp/microblaze_0/lib -mlittle-endian -mcpu=v10.0 -mxl-soft-mul -Wl,--no-relax -Wl,--gc-sections -o "lab3.elf"  ./src/main.o   -Wl,--start-group,-lxil,-lgcc,-lc,--end-group
'Finished building target: lab3.elf'
' '
'Invoking: MicroBlaze Print Size'
mb-size lab3.elf  |tee "lab3.elf.size"
   text	   data	    bss	    dec	    hex	filename
  24440	   1312	   3168	  28920	   70f8	lab3.elf
'Finished building: lab3.elf.size'
' '
10:45:14 **** Auto Build of configuration Debug for project lab3 ****
make all 
'Building file: ../src/main.c'
'Invoking: MicroBlaze gcc compiler'
mb-gcc -Wall -O0 -g3 -c -fmessage-length=0 -MT"src/main.o" -I../../lab3_bsp/microblaze_0/include -mlittle-endian -mcpu=v10.0 -mxl-soft-mul -Wl,--no-relax -ffunction-sections -fdata-sections -MMD -MP -MF"src/main.d" -MT"src/main.o" -o "src/main.o" "../src/main.c"
../src/main.c: In function 'main':
../src/main.c:53:2: error: too few arguments to function 'printf'
  printf()
  ^~~~~~
In file included from c:\xilinx\sdk\2018.2\gnu\microblaze\nt\microblaze-xilinx-elf\include\ctype.h:4:0,
                 from ../../lab3_bsp/microblaze_0/include/xil_printf.h:8,
                 from ../../lab3_bsp/microblaze_0/include/xil_io.h:65,
                 from ../../lab3_bsp/microblaze_0/include/xgpio_l.h:87,
                 from ../../lab3_bsp/microblaze_0/include/xgpio.h:136,
                 from ../src/main.c:9:
c:\xilinx\sdk\2018.2\gnu\microblaze\nt\microblaze-xilinx-elf\include\stdio.h:181:5: note: declared here
 int _EXFUN(printf, (const char *__restrict, ...)
     ^
../src/main.c:54:1: error: expected ';' before '}' token
 }
 ^
../src/main.c:50:8: warning: variable 'a' set but not used [-Wunused-but-set-variable]
  char *a;
        ^
make: *** [src/main.o] Error 1
10:45:47 **** Auto Build of configuration Debug for project lab3 ****
make all 
'Building file: ../src/main.c'
'Invoking: MicroBlaze gcc compiler'
mb-gcc -Wall -O0 -g3 -c -fmessage-length=0 -MT"src/main.o" -I../../lab3_bsp/microblaze_0/include -mlittle-endian -mcpu=v10.0 -mxl-soft-mul -Wl,--no-relax -ffunction-sections -fdata-sections -MMD -MP -MF"src/main.d" -MT"src/main.o" -o "src/main.o" "../src/main.c"
../src/main.c: In function 'main':
../src/main.c:52:6: error: 'token' undeclared (first use in this function); did you mean 'popen'?
  if (token != NULL) {
      ^~~~~
      popen
../src/main.c:52:6: note: each undeclared identifier is reported only once for each function it appears in
../src/main.c:53:3: error: 'b' undeclared (first use in this function)
   b = strtok(Null, "*")
   ^
../src/main.c:53:14: error: 'Null' undeclared (first use in this function)
   b = strtok(Null, "*")
              ^~~~
../src/main.c:54:2: error: expected ';' before '}' token
  }
  ^
../src/main.c:55:2: error: too few arguments to function 'printf'
  printf()
  ^~~~~~
In file included from c:\xilinx\sdk\2018.2\gnu\microblaze\nt\microblaze-xilinx-elf\include\ctype.h:4:0,
                 from ../../lab3_bsp/microblaze_0/include/xil_printf.h:8,
                 from ../../lab3_bsp/microblaze_0/include/xil_io.h:65,
                 from ../../lab3_bsp/microblaze_0/include/xgpio_l.h:87,
                 from ../../lab3_bsp/microblaze_0/include/xgpio.h:136,
                 from ../src/main.c:9:
c:\xilinx\sdk\2018.2\gnu\microblaze\nt\microblaze-xilinx-elf\include\stdio.h:181:5: note: declared here
 int _EXFUN(printf, (const char *__restrict, ...)
     ^
../src/main.c:56:1: error: expected ';' before '}' token
 }
 ^
../src/main.c:50:8: warning: variable 'a' set but not used [-Wunused-but-set-variable]
  char *a;
        ^
make: *** [src/main.o] Error 1
10:45:52 **** Auto Build of configuration Debug for project lab3 ****
make all 
'Building file: ../src/main.c'
'Invoking: MicroBlaze gcc compiler'
mb-gcc -Wall -O0 -g3 -c -fmessage-length=0 -MT"src/main.o" -I../../lab3_bsp/microblaze_0/include -mlittle-endian -mcpu=v10.0 -mxl-soft-mul -Wl,--no-relax -ffunction-sections -fdata-sections -MMD -MP -MF"src/main.d" -MT"src/main.o" -o "src/main.o" "../src/main.c"
../src/main.c: In function 'main':
../src/main.c:53:6: error: 'token' undeclared (first use in this function); did you mean 'popen'?
  if (token != NULL) {
      ^~~~~
      popen
../src/main.c:53:6: note: each undeclared identifier is reported only once for each function it appears in
../src/main.c:54:14: error: 'Null' undeclared (first use in this function)
   b = strtok(Null, "*")
              ^~~~
../src/main.c:55:2: error: expected ';' before '}' token
  }
  ^
../src/main.c:56:2: error: too few arguments to function 'printf'
  printf()
  ^~~~~~
In file included from c:\xilinx\sdk\2018.2\gnu\microblaze\nt\microblaze-xilinx-elf\include\ctype.h:4:0,
                 from ../../lab3_bsp/microblaze_0/include/xil_printf.h:8,
                 from ../../lab3_bsp/microblaze_0/include/xil_io.h:65,
                 from ../../lab3_bsp/microblaze_0/include/xgpio_l.h:87,
                 from ../../lab3_bsp/microblaze_0/include/xgpio.h:136,
                 from ../src/main.c:9:
c:\xilinx\sdk\2018.2\gnu\microblaze\nt\microblaze-xilinx-elf\include\stdio.h:181:5: note: declared here
 int _EXFUN(printf, (const char *__restrict, ...)
     ^
../src/main.c:57:1: error: expected ';' before '}' token
 }
 ^
../src/main.c:51:8: warning: variable 'b' set but not used [-Wunused-but-set-variable]
  char *b;
        ^
../src/main.c:50:8: warning: variable 'a' set but not used [-Wunused-but-set-variable]
  char *a;
        ^
make: *** [src/main.o] Error 1
10:46:08 **** Auto Build of configuration Debug for project lab3 ****
make all 
'Building file: ../src/main.c'
'Invoking: MicroBlaze gcc compiler'
mb-gcc -Wall -O0 -g3 -c -fmessage-length=0 -MT"src/main.o" -I../../lab3_bsp/microblaze_0/include -mlittle-endian -mcpu=v10.0 -mxl-soft-mul -Wl,--no-relax -ffunction-sections -fdata-sections -MMD -MP -MF"src/main.d" -MT"src/main.o" -o "src/main.o" "../src/main.c"
../src/main.c: In function 'main':
../src/main.c:54:14: error: 'Null' undeclared (first use in this function)
   b = strtok(Null, "*")
              ^~~~
../src/main.c:54:14: note: each undeclared identifier is reported only once for each function it appears in
../src/main.c:55:2: error: expected ';' before '}' token
  }
  ^
../src/main.c:56:2: error: too few arguments to function 'printf'
  printf()
  ^~~~~~
In file included from c:\xilinx\sdk\2018.2\gnu\microblaze\nt\microblaze-xilinx-elf\include\ctype.h:4:0,
                 from ../../lab3_bsp/microblaze_0/include/xil_printf.h:8,
                 from ../../lab3_bsp/microblaze_0/include/xil_io.h:65,
                 from ../../lab3_bsp/microblaze_0/include/xgpio_l.h:87,
                 from ../../lab3_bsp/microblaze_0/include/xgpio.h:136,
                 from ../src/main.c:9:
c:\xilinx\sdk\2018.2\gnu\microblaze\nt\microblaze-xilinx-elf\include\stdio.h:181:5: note: declared here
 int _EXFUN(printf, (const char *__restrict, ...)
     ^
../src/main.c:57:1: error: expected ';' before '}' token
 }
 ^
../src/main.c:51:8: warning: variable 'b' set but not used [-Wunused-but-set-variable]
  char *b;
        ^
make: *** [src/main.o] Error 1
10:46:21 **** Auto Build of configuration Debug for project lab3 ****
make all 
'Building file: ../src/main.c'
'Invoking: MicroBlaze gcc compiler'
mb-gcc -Wall -O0 -g3 -c -fmessage-length=0 -MT"src/main.o" -I../../lab3_bsp/microblaze_0/include -mlittle-endian -mcpu=v10.0 -mxl-soft-mul -Wl,--no-relax -ffunction-sections -fdata-sections -MMD -MP -MF"src/main.d" -MT"src/main.o" -o "src/main.o" "../src/main.c"
../src/main.c: In function 'main':
../src/main.c:55:2: error: expected ';' before '}' token
  }
  ^
../src/main.c:56:2: error: too few arguments to function 'printf'
  printf()
  ^~~~~~
In file included from c:\xilinx\sdk\2018.2\gnu\microblaze\nt\microblaze-xilinx-elf\include\ctype.h:4:0,
                 from ../../lab3_bsp/microblaze_0/include/xil_printf.h:8,
                 from ../../lab3_bsp/microblaze_0/include/xil_io.h:65,
                 from ../../lab3_bsp/microblaze_0/include/xgpio_l.h:87,
                 from ../../lab3_bsp/microblaze_0/include/xgpio.h:136,
                 from ../src/main.c:9:
c:\xilinx\sdk\2018.2\gnu\microblaze\nt\microblaze-xilinx-elf\include\stdio.h:181:5: note: declared here
 int _EXFUN(printf, (const char *__restrict, ...)
     ^
../src/main.c:57:1: error: expected ';' before '}' token
 }
 ^
../src/main.c:51:8: warning: variable 'b' set but not used [-Wunused-but-set-variable]
  char *b;
        ^
make: *** [src/main.o] Error 1
10:46:39 **** Auto Build of configuration Debug for project lab3 ****
make all 
'Building file: ../src/main.c'
'Invoking: MicroBlaze gcc compiler'
mb-gcc -Wall -O0 -g3 -c -fmessage-length=0 -MT"src/main.o" -I../../lab3_bsp/microblaze_0/include -mlittle-endian -mcpu=v10.0 -mxl-soft-mul -Wl,--no-relax -ffunction-sections -fdata-sections -MMD -MP -MF"src/main.d" -MT"src/main.o" -o "src/main.o" "../src/main.c"
../src/main.c: In function 'main':
../src/main.c:56:17: error: 'c' undeclared (first use in this function)
  xil_printf(a * c)
                 ^
../src/main.c:56:17: note: each undeclared identifier is reported only once for each function it appears in
../src/main.c:57:1: error: expected ';' before '}' token
 }
 ^
../src/main.c:51:8: warning: variable 'b' set but not used [-Wunused-but-set-variable]
  char *b;
        ^
make: *** [src/main.o] Error 1
10:46:41 **** Auto Build of configuration Debug for project lab3 ****
make all 
'Building file: ../src/main.c'
'Invoking: MicroBlaze gcc compiler'
mb-gcc -Wall -O0 -g3 -c -fmessage-length=0 -MT"src/main.o" -I../../lab3_bsp/microblaze_0/include -mlittle-endian -mcpu=v10.0 -mxl-soft-mul -Wl,--no-relax -ffunction-sections -fdata-sections -MMD -MP -MF"src/main.d" -MT"src/main.o" -o "src/main.o" "../src/main.c"
../src/main.c: In function 'main':
../src/main.c:56:15: error: invalid operands to binary * (have 'char *' and 'char *')
  xil_printf(a * b)
               ^
../src/main.c:57:1: error: expected ';' before '}' token
 }
 ^
make: *** [src/main.o] Error 1
10:46:43 **** Auto Build of configuration Debug for project lab3 ****
make all 
'Building file: ../src/main.c'
'Invoking: MicroBlaze gcc compiler'
mb-gcc -Wall -O0 -g3 -c -fmessage-length=0 -MT"src/main.o" -I../../lab3_bsp/microblaze_0/include -mlittle-endian -mcpu=v10.0 -mxl-soft-mul -Wl,--no-relax -ffunction-sections -fdata-sections -MMD -MP -MF"src/main.d" -MT"src/main.o" -o "src/main.o" "../src/main.c"
../src/main.c: In function 'main':
../src/main.c:56:15: error: invalid operands to binary * (have 'char *' and 'char *')
  xil_printf(a * b);
               ^
make: *** [src/main.o] Error 1
10:46:52 **** Auto Build of configuration Debug for project lab3 ****
make all 
'Building file: ../src/main.c'
'Invoking: MicroBlaze gcc compiler'
mb-gcc -Wall -O0 -g3 -c -fmessage-length=0 -MT"src/main.o" -I../../lab3_bsp/microblaze_0/include -mlittle-endian -mcpu=v10.0 -mxl-soft-mul -Wl,--no-relax -ffunction-sections -fdata-sections -MMD -MP -MF"src/main.d" -MT"src/main.o" -o "src/main.o" "../src/main.c"
../src/main.c: In function 'main':
../src/main.c:56:16: error: invalid operands to binary * (have 'char *' and 'char *')
  xil_printf((a * b));
                ^
make: *** [src/main.o] Error 1
10:47:11 **** Auto Build of configuration Debug for project lab3 ****
make all 
'Building file: ../src/main.c'
'Invoking: MicroBlaze gcc compiler'
mb-gcc -Wall -O0 -g3 -c -fmessage-length=0 -MT"src/main.o" -I../../lab3_bsp/microblaze_0/include -mlittle-endian -mcpu=v10.0 -mxl-soft-mul -Wl,--no-relax -ffunction-sections -fdata-sections -MMD -MP -MF"src/main.d" -MT"src/main.o" -o "src/main.o" "../src/main.c"
../src/main.c: In function 'main':
../src/main.c:57:13: error: expected expression before 'int'
  xil_printf(int(a) * int(b));
             ^~~
../src/main.c:51:8: warning: variable 'b' set but not used [-Wunused-but-set-variable]
  char *b;
        ^
make: *** [src/main.o] Error 1
10:47:42 **** Auto Build of configuration Debug for project lab3 ****
make all 
'Building file: ../src/main.c'
'Invoking: MicroBlaze gcc compiler'
mb-gcc -Wall -O0 -g3 -c -fmessage-length=0 -MT"src/main.o" -I../../lab3_bsp/microblaze_0/include -mlittle-endian -mcpu=v10.0 -mxl-soft-mul -Wl,--no-relax -ffunction-sections -fdata-sections -MMD -MP -MF"src/main.d" -MT"src/main.o" -o "src/main.o" "../src/main.c"
../src/main.c: In function 'main':
../src/main.c:57:13: warning: passing argument 1 of 'xil_printf' makes pointer from integer without a cast [-Wint-conversion]
  xil_printf((int)a * (int)b);
             ^
In file included from c:\xilinx\sdk\2018.2\gnu\microblaze\nt\microblaze-xilinx-elf\include\ctype.h:4:0,
                 from ../../lab3_bsp/microblaze_0/include/xil_printf.h:8,
                 from ../../lab3_bsp/microblaze_0/include/xil_io.h:65,
                 from ../../lab3_bsp/microblaze_0/include/xgpio_l.h:87,
                 from ../../lab3_bsp/microblaze_0/include/xgpio.h:136,
                 from ../src/main.c:9:
c:\xilinx\sdk\2018.2\gnu\microblaze\nt\microblaze-xilinx-elf\include\stdio.h:229:9: note: expected 'const char8 * {aka const char *}' but argument is of type 'int'
 void    _EXFUN(xil_printf, (const char*, ...));
         ^
'Finished building: ../src/main.c'
' '
'Building target: lab3.elf'
'Invoking: MicroBlaze gcc linker'
mb-gcc -Wl,-T -Wl,../src/lscript.ld -L../../lab3_bsp/microblaze_0/lib -mlittle-endian -mcpu=v10.0 -mxl-soft-mul -Wl,--no-relax -Wl,--gc-sections -o "lab3.elf"  ./src/main.o   -Wl,--start-group,-lxil,-lgcc,-lc,--end-group
'Finished building target: lab3.elf'
' '
'Invoking: MicroBlaze Print Size'
mb-size lab3.elf  |tee "lab3.elf.size"
   text	   data	    bss	    dec	    hex	filename
  25496	   1312	   3168	  29976	   7518	lab3.elf
'Finished building: lab3.elf.size'
' '
10:48:23 **** Auto Build of configuration Debug for project lab3 ****
make all 
'Building file: ../src/main.c'
'Invoking: MicroBlaze gcc compiler'
mb-gcc -Wall -O0 -g3 -c -fmessage-length=0 -MT"src/main.o" -I../../lab3_bsp/microblaze_0/include -mlittle-endian -mcpu=v10.0 -mxl-soft-mul -Wl,--no-relax -ffunction-sections -fdata-sections -MMD -MP -MF"src/main.d" -MT"src/main.o" -o "src/main.o" "../src/main.c"
../src/main.c: In function 'main':
../src/main.c:57:13: warning: implicit declaration of function 'atoi' [-Wimplicit-function-declaration]
  xil_printf(atoi(a) * atoi(b));
             ^~~~
../src/main.c:57:13: warning: passing argument 1 of 'xil_printf' makes pointer from integer without a cast [-Wint-conversion]
In file included from c:\xilinx\sdk\2018.2\gnu\microblaze\nt\microblaze-xilinx-elf\include\ctype.h:4:0,
                 from ../../lab3_bsp/microblaze_0/include/xil_printf.h:8,
                 from ../../lab3_bsp/microblaze_0/include/xil_io.h:65,
                 from ../../lab3_bsp/microblaze_0/include/xgpio_l.h:87,
                 from ../../lab3_bsp/microblaze_0/include/xgpio.h:136,
                 from ../src/main.c:9:
c:\xilinx\sdk\2018.2\gnu\microblaze\nt\microblaze-xilinx-elf\include\stdio.h:229:9: note: expected 'const char8 * {aka const char *}' but argument is of type 'int'
 void    _EXFUN(xil_printf, (const char*, ...));
         ^
'Finished building: ../src/main.c'
' '
'Building target: lab3.elf'
'Invoking: MicroBlaze gcc linker'
mb-gcc -Wl,-T -Wl,../src/lscript.ld -L../../lab3_bsp/microblaze_0/lib -mlittle-endian -mcpu=v10.0 -mxl-soft-mul -Wl,--no-relax -Wl,--gc-sections -o "lab3.elf"  ./src/main.o   -Wl,--start-group,-lxil,-lgcc,-lc,--end-group
'Finished building target: lab3.elf'
' '
'Invoking: MicroBlaze Print Size'
mb-size lab3.elf  |tee "lab3.elf.size"
   text	   data	    bss	    dec	    hex	filename
  26552	   1312	   3168	  31032	   7938	lab3.elf
'Finished building: lab3.elf.size'
' '
10:48:30 **** Incremental Build of configuration Debug for project lab3 ****
make all 
make: Nothing to be done for `all'.
10:48:52 **** Incremental Build of configuration Debug for project lab3 ****
make all 
make: Nothing to be done for `all'.
10:50:37 **** Auto Build of configuration Debug for project lab3 ****
make all 
'Building file: ../src/main.c'
'Invoking: MicroBlaze gcc compiler'
mb-gcc -Wall -O0 -g3 -c -fmessage-length=0 -MT"src/main.o" -I../../lab3_bsp/microblaze_0/include -mlittle-endian -mcpu=v10.0 -mxl-soft-mul -Wl,--no-relax -ffunction-sections -fdata-sections -MMD -MP -MF"src/main.d" -MT"src/main.o" -o "src/main.o" "../src/main.c"
'Finished building: ../src/main.c'
' '
'Building target: lab3.elf'
'Invoking: MicroBlaze gcc linker'
mb-gcc -Wl,-T -Wl,../src/lscript.ld -L../../lab3_bsp/microblaze_0/lib -mlittle-endian -mcpu=v10.0 -mxl-soft-mul -Wl,--no-relax -Wl,--gc-sections -o "lab3.elf"  ./src/main.o   -Wl,--start-group,-lxil,-lgcc,-lc,--end-group
'Finished building target: lab3.elf'
' '
'Invoking: MicroBlaze Print Size'
mb-size lab3.elf  |tee "lab3.elf.size"
   text	   data	    bss	    dec	    hex	filename
  24460	   1312	   3172	  28944	   7110	lab3.elf
'Finished building: lab3.elf.size'
' '
10:50:47 **** Incremental Build of configuration Debug for project lab3 ****
make all 
make: Nothing to be done for `all'.
10:51:18 **** Auto Build of configuration Debug for project lab3 ****
make all 
'Building file: ../src/main.c'
'Invoking: MicroBlaze gcc compiler'
mb-gcc -Wall -O0 -g3 -c -fmessage-length=0 -MT"src/main.o" -I../../lab3_bsp/microblaze_0/include -mlittle-endian -mcpu=v10.0 -mxl-soft-mul -Wl,--no-relax -ffunction-sections -fdata-sections -MMD -MP -MF"src/main.d" -MT"src/main.o" -o "src/main.o" "../src/main.c"
'Finished building: ../src/main.c'
' '
'Building target: lab3.elf'
'Invoking: MicroBlaze gcc linker'
mb-gcc -Wl,-T -Wl,../src/lscript.ld -L../../lab3_bsp/microblaze_0/lib -mlittle-endian -mcpu=v10.0 -mxl-soft-mul -Wl,--no-relax -Wl,--gc-sections -o "lab3.elf"  ./src/main.o   -Wl,--start-group,-lxil,-lgcc,-lc,--end-group
'Finished building target: lab3.elf'
' '
'Invoking: MicroBlaze Print Size'
mb-size lab3.elf  |tee "lab3.elf.size"
   text	   data	    bss	    dec	    hex	filename
  24460	   1312	   3172	  28944	   7110	lab3.elf
'Finished building: lab3.elf.size'
' '
10:51:27 **** Auto Build of configuration Debug for project lab3 ****
make all 
'Building file: ../src/main.c'
'Invoking: MicroBlaze gcc compiler'
mb-gcc -Wall -O0 -g3 -c -fmessage-length=0 -MT"src/main.o" -I../../lab3_bsp/microblaze_0/include -mlittle-endian -mcpu=v10.0 -mxl-soft-mul -Wl,--no-relax -ffunction-sections -fdata-sections -MMD -MP -MF"src/main.d" -MT"src/main.o" -o "src/main.o" "../src/main.c"
'Finished building: ../src/main.c'
' '
'Building target: lab3.elf'
'Invoking: MicroBlaze gcc linker'
mb-gcc -Wl,-T -Wl,../src/lscript.ld -L../../lab3_bsp/microblaze_0/lib -mlittle-endian -mcpu=v10.0 -mxl-soft-mul -Wl,--no-relax -Wl,--gc-sections -o "lab3.elf"  ./src/main.o   -Wl,--start-group,-lxil,-lgcc,-lc,--end-group
'Finished building target: lab3.elf'
' '
'Invoking: MicroBlaze Print Size'
mb-size lab3.elf  |tee "lab3.elf.size"
   text	   data	    bss	    dec	    hex	filename
  24468	   1312	   3172	  28952	   7118	lab3.elf
'Finished building: lab3.elf.size'
' '
10:51:32 **** Incremental Build of configuration Debug for project lab3 ****
make all 
make: Nothing to be done for `all'.
10:52:53 **** Auto Build of configuration Debug for project lab3 ****
make all 
'Building file: ../src/main.c'
'Invoking: MicroBlaze gcc compiler'
mb-gcc -Wall -O0 -g3 -c -fmessage-length=0 -MT"src/main.o" -I../../lab3_bsp/microblaze_0/include -mlittle-endian -mcpu=v10.0 -mxl-soft-mul -Wl,--no-relax -ffunction-sections -fdata-sections -MMD -MP -MF"src/main.d" -MT"src/main.o" -o "src/main.o" "../src/main.c"
../src/main.c: In function 'main':
../src/main.c:49:2: warning: implicit declaration of function 'read'; did you mean 'fread'? [-Wimplicit-function-declaration]
  read(sizeof(buffer), 0, buffer, sizeof(buffer));
  ^~~~
  fread
'Finished building: ../src/main.c'
' '
'Building target: lab3.elf'
'Invoking: MicroBlaze gcc linker'
mb-gcc -Wl,-T -Wl,../src/lscript.ld -L../../lab3_bsp/microblaze_0/lib -mlittle-endian -mcpu=v10.0 -mxl-soft-mul -Wl,--no-relax -Wl,--gc-sections -o "lab3.elf"  ./src/main.o   -Wl,--start-group,-lxil,-lgcc,-lc,--end-group
'Finished building target: lab3.elf'
' '
'Invoking: MicroBlaze Print Size'
mb-size lab3.elf  |tee "lab3.elf.size"
   text	   data	    bss	    dec	    hex	filename
   5944	    272	   3104	   9320	   2468	lab3.elf
'Finished building: lab3.elf.size'
' '
10:53:03 **** Auto Build of configuration Debug for project lab3 ****
make all 
'Building file: ../src/main.c'
'Invoking: MicroBlaze gcc compiler'
mb-gcc -Wall -O0 -g3 -c -fmessage-length=0 -MT"src/main.o" -I../../lab3_bsp/microblaze_0/include -mlittle-endian -mcpu=v10.0 -mxl-soft-mul -Wl,--no-relax -ffunction-sections -fdata-sections -MMD -MP -MF"src/main.d" -MT"src/main.o" -o "src/main.o" "../src/main.c"
../src/main.c: In function 'main':
../src/main.c:49:2: warning: implicit declaration of function 'read'; did you mean 'fread'? [-Wimplicit-function-declaration]
  read(sizeof(buffer), 0, buffer, sizeof(buffer));
  ^~~~
  fread
'Finished building: ../src/main.c'
' '
'Building target: lab3.elf'
'Invoking: MicroBlaze gcc linker'
mb-gcc -Wl,-T -Wl,../src/lscript.ld -L../../lab3_bsp/microblaze_0/lib -mlittle-endian -mcpu=v10.0 -mxl-soft-mul -Wl,--no-relax -Wl,--gc-sections -o "lab3.elf"  ./src/main.o   -Wl,--start-group,-lxil,-lgcc,-lc,--end-group
'Finished building target: lab3.elf'
' '
'Invoking: MicroBlaze Print Size'
mb-size lab3.elf  |tee "lab3.elf.size"
   text	   data	    bss	    dec	    hex	filename
   5936	    272	   3104	   9312	   2460	lab3.elf
'Finished building: lab3.elf.size'
' '
10:53:40 **** Auto Build of configuration Debug for project lab3 ****
make all 
'Building file: ../src/main.c'
'Invoking: MicroBlaze gcc compiler'
mb-gcc -Wall -O0 -g3 -c -fmessage-length=0 -MT"src/main.o" -I../../lab3_bsp/microblaze_0/include -mlittle-endian -mcpu=v10.0 -mxl-soft-mul -Wl,--no-relax -ffunction-sections -fdata-sections -MMD -MP -MF"src/main.d" -MT"src/main.o" -o "src/main.o" "../src/main.c"
../src/main.c: In function 'main':
../src/main.c:48:26: warning: passing argument 3 of 'read' makes integer from pointer without a cast [-Wint-conversion]
  read(sizeof(buffer), 0, buffer, sizeof(buffer));
                          ^~~~~~
In file included from c:\xilinx\sdk\2018.2\gnu\microblaze\nt\microblaze-xilinx-elf\include\ctype.h:4:0,
                 from ../../lab3_bsp/microblaze_0/include/xil_printf.h:8,
                 from ../../lab3_bsp/microblaze_0/include/xil_io.h:65,
                 from ../../lab3_bsp/microblaze_0/include/xgpio_l.h:87,
                 from ../../lab3_bsp/microblaze_0/include/xgpio.h:136,
                 from ../src/main.c:9:
c:\xilinx\sdk\2018.2\gnu\microblaze\nt\microblaze-xilinx-elf\include\sys\unistd.h:163:25: note: expected 'size_t {aka unsigned int}' but argument is of type 'char *'
 _READ_WRITE_RETURN_TYPE _EXFUN(read, (int __fd, void *__buf, size_t __nbyte ));
                         ^
../src/main.c:48:2: error: too many arguments to function 'read'
  read(sizeof(buffer), 0, buffer, sizeof(buffer));
  ^~~~
In file included from c:\xilinx\sdk\2018.2\gnu\microblaze\nt\microblaze-xilinx-elf\include\ctype.h:4:0,
                 from ../../lab3_bsp/microblaze_0/include/xil_printf.h:8,
                 from ../../lab3_bsp/microblaze_0/include/xil_io.h:65,
                 from ../../lab3_bsp/microblaze_0/include/xgpio_l.h:87,
                 from ../../lab3_bsp/microblaze_0/include/xgpio.h:136,
                 from ../src/main.c:9:
c:\xilinx\sdk\2018.2\gnu\microblaze\nt\microblaze-xilinx-elf\include\sys\unistd.h:163:25: note: declared here
 _READ_WRITE_RETURN_TYPE _EXFUN(read, (int __fd, void *__buf, size_t __nbyte ));
                         ^
make: *** [src/main.o] Error 1
10:54:37 **** Auto Build of configuration Debug for project lab3 ****
make all 
'Building file: ../src/main.c'
'Invoking: MicroBlaze gcc compiler'
mb-gcc -Wall -O0 -g3 -c -fmessage-length=0 -MT"src/main.o" -I../../lab3_bsp/microblaze_0/include -mlittle-endian -mcpu=v10.0 -mxl-soft-mul -Wl,--no-relax -ffunction-sections -fdata-sections -MMD -MP -MF"src/main.d" -MT"src/main.o" -o "src/main.o" "../src/main.c"
'Finished building: ../src/main.c'
' '
'Building target: lab3.elf'
'Invoking: MicroBlaze gcc linker'
mb-gcc -Wl,-T -Wl,../src/lscript.ld -L../../lab3_bsp/microblaze_0/lib -mlittle-endian -mcpu=v10.0 -mxl-soft-mul -Wl,--no-relax -Wl,--gc-sections -o "lab3.elf"  ./src/main.o   -Wl,--start-group,-lxil,-lgcc,-lc,--end-group
'Finished building target: lab3.elf'
' '
'Invoking: MicroBlaze Print Size'
mb-size lab3.elf  |tee "lab3.elf.size"
   text	   data	    bss	    dec	    hex	filename
   5932	    272	   3108	   9312	   2460	lab3.elf
'Finished building: lab3.elf.size'
' '
10:54:43 **** Incremental Build of configuration Debug for project lab3 ****
make all 
make: Nothing to be done for `all'.
10:55:13 **** Incremental Build of configuration Debug for project lab3 ****
make all 
make: Nothing to be done for `all'.
10:57:46 **** Auto Build of configuration Debug for project lab3 ****
make all 
'Building file: ../src/main.c'
'Invoking: MicroBlaze gcc compiler'
mb-gcc -Wall -O0 -g3 -c -fmessage-length=0 -MT"src/main.o" -I../../lab3_bsp/microblaze_0/include -mlittle-endian -mcpu=v10.0 -mxl-soft-mul -Wl,--no-relax -ffunction-sections -fdata-sections -MMD -MP -MF"src/main.d" -MT"src/main.o" -o "src/main.o" "../src/main.c"
../src/main.c: In function 'main':
../src/main.c:48:9: warning: implicit declaration of function 'fget' [-Wimplicit-function-declaration]
  while (fget(buffer, sizeof(buffer), 0));
         ^~~~
../src/main.c:49:9: error: expected expression before ')' token
  while ()
         ^
make: *** [src/main.o] Error 1
10:57:54 **** Auto Build of configuration Debug for project lab3 ****
make all 
'Building file: ../src/main.c'
'Invoking: MicroBlaze gcc compiler'
mb-gcc -Wall -O0 -g3 -c -fmessage-length=0 -MT"src/main.o" -I../../lab3_bsp/microblaze_0/include -mlittle-endian -mcpu=v10.0 -mxl-soft-mul -Wl,--no-relax -ffunction-sections -fdata-sections -MMD -MP -MF"src/main.d" -MT"src/main.o" -o "src/main.o" "../src/main.c"
../src/main.c: In function 'main':
../src/main.c:48:9: warning: implicit declaration of function 'fget' [-Wimplicit-function-declaration]
  while (fget(buffer, sizeof(buffer), 0)) {
         ^~~~
../src/main.c:51:9: error: expected expression before ')' token
  while ()
         ^
make: *** [src/main.o] Error 1
10:57:58 **** Auto Build of configuration Debug for project lab3 ****
make all 
'Building file: ../src/main.c'
'Invoking: MicroBlaze gcc compiler'
mb-gcc -Wall -O0 -g3 -c -fmessage-length=0 -MT"src/main.o" -I../../lab3_bsp/microblaze_0/include -mlittle-endian -mcpu=v10.0 -mxl-soft-mul -Wl,--no-relax -ffunction-sections -fdata-sections -MMD -MP -MF"src/main.d" -MT"src/main.o" -o "src/main.o" "../src/main.c"
../src/main.c: In function 'main':
../src/main.c:48:9: warning: implicit declaration of function 'fget' [-Wimplicit-function-declaration]
  while (fget(buffer, sizeof(buffer), 0)) {
         ^~~~
'Finished building: ../src/main.c'
' '
'Building target: lab3.elf'
'Invoking: MicroBlaze gcc linker'
mb-gcc -Wl,-T -Wl,../src/lscript.ld -L../../lab3_bsp/microblaze_0/lib -mlittle-endian -mcpu=v10.0 -mxl-soft-mul -Wl,--no-relax -Wl,--gc-sections -o "lab3.elf"  ./src/main.o   -Wl,--start-group,-lxil,-lgcc,-lc,--end-group
./src/main.o: In function `main':
C:\Users\Nathan\Desktop\cs152b\cs152b\lab3\lab3.sdk\lab3\Debug/../src/main.c:48: undefined reference to `fget'
collect2.exe: error: ld returned 1 exit status
make: *** [lab3.elf] Error 1
10:58:07 **** Auto Build of configuration Debug for project lab3 ****
make all 
'Building file: ../src/main.c'
'Invoking: MicroBlaze gcc compiler'
mb-gcc -Wall -O0 -g3 -c -fmessage-length=0 -MT"src/main.o" -I../../lab3_bsp/microblaze_0/include -mlittle-endian -mcpu=v10.0 -mxl-soft-mul -Wl,--no-relax -ffunction-sections -fdata-sections -MMD -MP -MF"src/main.d" -MT"src/main.o" -o "src/main.o" "../src/main.c"
../src/main.c: In function 'main':
../src/main.c:48:9: warning: implicit declaration of function 'fgets' [-Wimplicit-function-declaration]
  while (fgets(buffer, sizeof(buffer), 0)) {
         ^~~~~
'Finished building: ../src/main.c'
' '
'Building target: lab3.elf'
'Invoking: MicroBlaze gcc linker'
mb-gcc -Wl,-T -Wl,../src/lscript.ld -L../../lab3_bsp/microblaze_0/lib -mlittle-endian -mcpu=v10.0 -mxl-soft-mul -Wl,--no-relax -Wl,--gc-sections -o "lab3.elf"  ./src/main.o   -Wl,--start-group,-lxil,-lgcc,-lc,--end-group
'Finished building target: lab3.elf'
' '
'Invoking: MicroBlaze Print Size'
mb-size lab3.elf  |tee "lab3.elf.size"
   text	   data	    bss	    dec	    hex	filename
  24456	   1312	   3168	  28936	   7108	lab3.elf
'Finished building: lab3.elf.size'
' '
10:58:24 **** Auto Build of configuration Debug for project lab3 ****
make all 
'Building file: ../src/main.c'
'Invoking: MicroBlaze gcc compiler'
mb-gcc -Wall -O0 -g3 -c -fmessage-length=0 -MT"src/main.o" -I../../lab3_bsp/microblaze_0/include -mlittle-endian -mcpu=v10.0 -mxl-soft-mul -Wl,--no-relax -ffunction-sections -fdata-sections -MMD -MP -MF"src/main.d" -MT"src/main.o" -o "src/main.o" "../src/main.c"
'Finished building: ../src/main.c'
' '
'Building target: lab3.elf'
'Invoking: MicroBlaze gcc linker'
mb-gcc -Wl,-T -Wl,../src/lscript.ld -L../../lab3_bsp/microblaze_0/lib -mlittle-endian -mcpu=v10.0 -mxl-soft-mul -Wl,--no-relax -Wl,--gc-sections -o "lab3.elf"  ./src/main.o   -Wl,--start-group,-lxil,-lgcc,-lc,--end-group
'Finished building target: lab3.elf'
' '
'Invoking: MicroBlaze Print Size'
mb-size lab3.elf  |tee "lab3.elf.size"
   text	   data	    bss	    dec	    hex	filename
  24456	   1312	   3168	  28936	   7108	lab3.elf
'Finished building: lab3.elf.size'
' '
10:58:29 **** Incremental Build of configuration Debug for project lab3 ****
make all 
make: Nothing to be done for `all'.
10:59:05 **** Auto Build of configuration Debug for project lab3 ****
make all 
'Building file: ../src/main.c'
'Invoking: MicroBlaze gcc compiler'
mb-gcc -Wall -O0 -g3 -c -fmessage-length=0 -MT"src/main.o" -I../../lab3_bsp/microblaze_0/include -mlittle-endian -mcpu=v10.0 -mxl-soft-mul -Wl,--no-relax -ffunction-sections -fdata-sections -MMD -MP -MF"src/main.d" -MT"src/main.o" -o "src/main.o" "../src/main.c"
'Finished building: ../src/main.c'
' '
'Building target: lab3.elf'
'Invoking: MicroBlaze gcc linker'
mb-gcc -Wl,-T -Wl,../src/lscript.ld -L../../lab3_bsp/microblaze_0/lib -mlittle-endian -mcpu=v10.0 -mxl-soft-mul -Wl,--no-relax -Wl,--gc-sections -o "lab3.elf"  ./src/main.o   -Wl,--start-group,-lxil,-lgcc,-lc,--end-group
'Finished building target: lab3.elf'
' '
'Invoking: MicroBlaze Print Size'
mb-size lab3.elf  |tee "lab3.elf.size"
   text	   data	    bss	    dec	    hex	filename
  24468	   1312	   3172	  28952	   7118	lab3.elf
'Finished building: lab3.elf.size'
' '
10:59:11 **** Incremental Build of configuration Debug for project lab3 ****
make all 
make: Nothing to be done for `all'.
10:59:59 **** Auto Build of configuration Debug for project lab3 ****
make all 
'Building file: ../src/main.c'
'Invoking: MicroBlaze gcc compiler'
mb-gcc -Wall -O0 -g3 -c -fmessage-length=0 -MT"src/main.o" -I../../lab3_bsp/microblaze_0/include -mlittle-endian -mcpu=v10.0 -mxl-soft-mul -Wl,--no-relax -ffunction-sections -fdata-sections -MMD -MP -MF"src/main.d" -MT"src/main.o" -o "src/main.o" "../src/main.c"
../src/main.c: In function 'main':
../src/main.c:49:2: error: expected ';' before 'xil_printf'
  xil_printf("%s", buffer);
  ^~~~~~~~~~
make: *** [src/main.o] Error 1
11:00:02 **** Auto Build of configuration Debug for project lab3 ****
make all 
'Building file: ../src/main.c'
'Invoking: MicroBlaze gcc compiler'
mb-gcc -Wall -O0 -g3 -c -fmessage-length=0 -MT"src/main.o" -I../../lab3_bsp/microblaze_0/include -mlittle-endian -mcpu=v10.0 -mxl-soft-mul -Wl,--no-relax -ffunction-sections -fdata-sections -MMD -MP -MF"src/main.d" -MT"src/main.o" -o "src/main.o" "../src/main.c"
'Finished building: ../src/main.c'
' '
'Building target: lab3.elf'
'Invoking: MicroBlaze gcc linker'
mb-gcc -Wl,-T -Wl,../src/lscript.ld -L../../lab3_bsp/microblaze_0/lib -mlittle-endian -mcpu=v10.0 -mxl-soft-mul -Wl,--no-relax -Wl,--gc-sections -o "lab3.elf"  ./src/main.o   -Wl,--start-group,-lxil,-lgcc,-lc,--end-group
'Finished building target: lab3.elf'
' '
'Invoking: MicroBlaze Print Size'
mb-size lab3.elf  |tee "lab3.elf.size"
   text	   data	    bss	    dec	    hex	filename
  24460	   1312	   3172	  28944	   7110	lab3.elf
'Finished building: lab3.elf.size'
' '
11:00:08 **** Incremental Build of configuration Debug for project lab3 ****
make all 
make: Nothing to be done for `all'.
11:00:27 **** Incremental Build of configuration Debug for project lab3 ****
make all 
make: Nothing to be done for `all'.
11:02:54 **** Auto Build of configuration Debug for project lab3 ****
make all 
'Building file: ../src/main.c'
'Invoking: MicroBlaze gcc compiler'
mb-gcc -Wall -O0 -g3 -c -fmessage-length=0 -MT"src/main.o" -I../../lab3_bsp/microblaze_0/include -mlittle-endian -mcpu=v10.0 -mxl-soft-mul -Wl,--no-relax -ffunction-sections -fdata-sections -MMD -MP -MF"src/main.d" -MT"src/main.o" -o "src/main.o" "../src/main.c"
../src/main.c: In function 'main':
../src/main.c:48:23: warning: implicit declaration of function 'read'; did you mean 'fread'? [-Wimplicit-function-declaration]
  ssize_t bytes_read = read(0, buffer, sizeof(buffer));
                       ^~~~
                       fread
../src/main.c:53:22: warning: assignment makes integer from pointer without a cast [-Wint-conversion]
   buffer[bytes_read] = "\0"
                      ^
../src/main.c:54:2: error: expected ';' before '}' token
  }
  ^
make: *** [src/main.o] Error 1
11:03:33 **** Auto Build of configuration Debug for project lab3 ****
make all 
'Building file: ../src/main.c'
'Invoking: MicroBlaze gcc compiler'
mb-gcc -Wall -O0 -g3 -c -fmessage-length=0 -MT"src/main.o" -I../../lab3_bsp/microblaze_0/include -mlittle-endian -mcpu=v10.0 -mxl-soft-mul -Wl,--no-relax -ffunction-sections -fdata-sections -MMD -MP -MF"src/main.d" -MT"src/main.o" -o "src/main.o" "../src/main.c"
../src/main.c: In function 'main':
../src/main.c:53:22: warning: assignment makes integer from pointer without a cast [-Wint-conversion]
   buffer[bytes_read] = "\0"
                      ^
../src/main.c:54:2: error: expected ';' before '}' token
  }
  ^
make: *** [src/main.o] Error 1
11:03:34 **** Auto Build of configuration Debug for project lab3 ****
make all 
'Building file: ../src/main.c'
'Invoking: MicroBlaze gcc compiler'
mb-gcc -Wall -O0 -g3 -c -fmessage-length=0 -MT"src/main.o" -I../../lab3_bsp/microblaze_0/include -mlittle-endian -mcpu=v10.0 -mxl-soft-mul -Wl,--no-relax -ffunction-sections -fdata-sections -MMD -MP -MF"src/main.d" -MT"src/main.o" -o "src/main.o" "../src/main.c"
../src/main.c: In function 'main':
../src/main.c:54:22: warning: assignment makes integer from pointer without a cast [-Wint-conversion]
   buffer[bytes_read] = "\0"
                      ^
../src/main.c:55:2: error: expected ';' before '}' token
  }
  ^
make: *** [src/main.o] Error 1
11:03:39 **** Auto Build of configuration Debug for project lab3 ****
make all 
'Building file: ../src/main.c'
'Invoking: MicroBlaze gcc compiler'
mb-gcc -Wall -O0 -g3 -c -fmessage-length=0 -MT"src/main.o" -I../../lab3_bsp/microblaze_0/include -mlittle-endian -mcpu=v10.0 -mxl-soft-mul -Wl,--no-relax -ffunction-sections -fdata-sections -MMD -MP -MF"src/main.d" -MT"src/main.o" -o "src/main.o" "../src/main.c"
../src/main.c: In function 'main':
../src/main.c:54:22: warning: assignment makes integer from pointer without a cast [-Wint-conversion]
   buffer[bytes_read] = "\0";
                      ^
'Finished building: ../src/main.c'
' '
'Building target: lab3.elf'
'Invoking: MicroBlaze gcc linker'
mb-gcc -Wl,-T -Wl,../src/lscript.ld -L../../lab3_bsp/microblaze_0/lib -mlittle-endian -mcpu=v10.0 -mxl-soft-mul -Wl,--no-relax -Wl,--gc-sections -o "lab3.elf"  ./src/main.o   -Wl,--start-group,-lxil,-lgcc,-lc,--end-group
'Finished building target: lab3.elf'
' '
'Invoking: MicroBlaze Print Size'
mb-size lab3.elf  |tee "lab3.elf.size"
   text	   data	    bss	    dec	    hex	filename
   6016	    272	   3104	   9392	   24b0	lab3.elf
'Finished building: lab3.elf.size'
' '
11:03:53 **** Incremental Build of configuration Debug for project lab3 ****
make all 
make: Nothing to be done for `all'.
11:05:16 **** Auto Build of configuration Debug for project lab3 ****
make all 
'Building file: ../src/main.c'
'Invoking: MicroBlaze gcc compiler'
mb-gcc -Wall -O0 -g3 -c -fmessage-length=0 -MT"src/main.o" -I../../lab3_bsp/microblaze_0/include -mlittle-endian -mcpu=v10.0 -mxl-soft-mul -Wl,--no-relax -ffunction-sections -fdata-sections -MMD -MP -MF"src/main.d" -MT"src/main.o" -o "src/main.o" "../src/main.c"
../src/main.c: In function 'main':
../src/main.c:50:6: error: 'bytes_read' undeclared (first use in this function)
  if (bytes_read == -1) {
      ^~~~~~~~~~
../src/main.c:50:6: note: each undeclared identifier is reported only once for each function it appears in
make: *** [src/main.o] Error 1
11:05:22 **** Auto Build of configuration Debug for project lab3 ****
make all 
'Building file: ../src/main.c'
'Invoking: MicroBlaze gcc compiler'
mb-gcc -Wall -O0 -g3 -c -fmessage-length=0 -MT"src/main.o" -I../../lab3_bsp/microblaze_0/include -mlittle-endian -mcpu=v10.0 -mxl-soft-mul -Wl,--no-relax -ffunction-sections -fdata-sections -MMD -MP -MF"src/main.d" -MT"src/main.o" -o "src/main.o" "../src/main.c"
'Finished building: ../src/main.c'
' '
'Building target: lab3.elf'
'Invoking: MicroBlaze gcc linker'
mb-gcc -Wl,-T -Wl,../src/lscript.ld -L../../lab3_bsp/microblaze_0/lib -mlittle-endian -mcpu=v10.0 -mxl-soft-mul -Wl,--no-relax -Wl,--gc-sections -o "lab3.elf"  ./src/main.o   -Wl,--start-group,-lxil,-lgcc,-lc,--end-group
'Finished building target: lab3.elf'
' '
'Invoking: MicroBlaze Print Size'
mb-size lab3.elf  |tee "lab3.elf.size"
   text	   data	    bss	    dec	    hex	filename
  24460	   1312	   3172	  28944	   7110	lab3.elf
'Finished building: lab3.elf.size'
' '
11:05:33 **** Auto Build of configuration Debug for project lab3 ****
make all 
'Building file: ../src/main.c'
'Invoking: MicroBlaze gcc compiler'
mb-gcc -Wall -O0 -g3 -c -fmessage-length=0 -MT"src/main.o" -I../../lab3_bsp/microblaze_0/include -mlittle-endian -mcpu=v10.0 -mxl-soft-mul -Wl,--no-relax -ffunction-sections -fdata-sections -MMD -MP -MF"src/main.d" -MT"src/main.o" -o "src/main.o" "../src/main.c"
'Finished building: ../src/main.c'
' '
'Building target: lab3.elf'
'Invoking: MicroBlaze gcc linker'
mb-gcc -Wl,-T -Wl,../src/lscript.ld -L../../lab3_bsp/microblaze_0/lib -mlittle-endian -mcpu=v10.0 -mxl-soft-mul -Wl,--no-relax -Wl,--gc-sections -o "lab3.elf"  ./src/main.o   -Wl,--start-group,-lxil,-lgcc,-lc,--end-group
'Finished building target: lab3.elf'
' '
'Invoking: MicroBlaze Print Size'
mb-size lab3.elf  |tee "lab3.elf.size"
   text	   data	    bss	    dec	    hex	filename
  24460	   1312	   3172	  28944	   7110	lab3.elf
'Finished building: lab3.elf.size'
' '
11:05:37 **** Incremental Build of configuration Debug for project lab3 ****
make all 
make: Nothing to be done for `all'.
11:06:05 **** Auto Build of configuration Debug for project lab3 ****
make all 
'Building file: ../src/main.c'
'Invoking: MicroBlaze gcc compiler'
mb-gcc -Wall -O0 -g3 -c -fmessage-length=0 -MT"src/main.o" -I../../lab3_bsp/microblaze_0/include -mlittle-endian -mcpu=v10.0 -mxl-soft-mul -Wl,--no-relax -ffunction-sections -fdata-sections -MMD -MP -MF"src/main.d" -MT"src/main.o" -o "src/main.o" "../src/main.c"
'Finished building: ../src/main.c'
' '
'Building target: lab3.elf'
'Invoking: MicroBlaze gcc linker'
mb-gcc -Wl,-T -Wl,../src/lscript.ld -L../../lab3_bsp/microblaze_0/lib -mlittle-endian -mcpu=v10.0 -mxl-soft-mul -Wl,--no-relax -Wl,--gc-sections -o "lab3.elf"  ./src/main.o   -Wl,--start-group,-lxil,-lgcc,-lc,--end-group
c:/xilinx/sdk/2018.2/gnu/microblaze/nt/bin/../lib/gcc/microblaze-xilinx-elf/7.2.0/../../../../microblaze-xilinx-elf/bin/ld.exe: lab3.elf section `.text' will not fit in region `microblaze_0_local_memory_ilmb_bram_if_cntlr_Mem_microblaze_0_local_memory_dlmb_bram_if_cntlr_Mem'
c:/xilinx/sdk/2018.2/gnu/microblaze/nt/bin/../lib/gcc/microblaze-xilinx-elf/7.2.0/../../../../microblaze-xilinx-elf/bin/ld.exe: region `microblaze_0_local_memory_ilmb_bram_if_cntlr_Mem_microblaze_0_local_memory_dlmb_bram_if_cntlr_Mem' overflowed by 65680 bytes
collect2.exe: error: ld returned 1 exit status
make: *** [lab3.elf] Error 1
11:06:15 **** Auto Build of configuration Debug for project lab3 ****
make all 
'Building file: ../src/main.c'
'Invoking: MicroBlaze gcc compiler'
mb-gcc -Wall -O0 -g3 -c -fmessage-length=0 -MT"src/main.o" -I../../lab3_bsp/microblaze_0/include -mlittle-endian -mcpu=v10.0 -mxl-soft-mul -Wl,--no-relax -ffunction-sections -fdata-sections -MMD -MP -MF"src/main.d" -MT"src/main.o" -o "src/main.o" "../src/main.c"
'Finished building: ../src/main.c'
' '
'Building target: lab3.elf'
'Invoking: MicroBlaze gcc linker'
mb-gcc -Wl,-T -Wl,../src/lscript.ld -L../../lab3_bsp/microblaze_0/lib -mlittle-endian -mcpu=v10.0 -mxl-soft-mul -Wl,--no-relax -Wl,--gc-sections -o "lab3.elf"  ./src/main.o   -Wl,--start-group,-lxil,-lgcc,-lc,--end-group
'Finished building target: lab3.elf'
' '
'Invoking: MicroBlaze Print Size'
mb-size lab3.elf  |tee "lab3.elf.size"
   text	   data	    bss	    dec	    hex	filename
  24460	   1312	   3172	  28944	   7110	lab3.elf
'Finished building: lab3.elf.size'
' '
11:07:10 **** Auto Build of configuration Debug for project lab3 ****
make all 
'Building file: ../src/main.c'
'Invoking: MicroBlaze gcc compiler'
mb-gcc -Wall -O0 -g3 -c -fmessage-length=0 -MT"src/main.o" -I../../lab3_bsp/microblaze_0/include -mlittle-endian -mcpu=v10.0 -mxl-soft-mul -Wl,--no-relax -ffunction-sections -fdata-sections -MMD -MP -MF"src/main.d" -MT"src/main.o" -o "src/main.o" "../src/main.c"
'Finished building: ../src/main.c'
' '
'Building target: lab3.elf'
'Invoking: MicroBlaze gcc linker'
mb-gcc -Wl,-T -Wl,../src/lscript.ld -L../../lab3_bsp/microblaze_0/lib -mlittle-endian -mcpu=v10.0 -mxl-soft-mul -Wl,--no-relax -Wl,--gc-sections -o "lab3.elf"  ./src/main.o   -Wl,--start-group,-lxil,-lgcc,-lc,--end-group
'Finished building target: lab3.elf'
' '
'Invoking: MicroBlaze Print Size'
mb-size lab3.elf  |tee "lab3.elf.size"
   text	   data	    bss	    dec	    hex	filename
  24460	   1312	   3172	  28944	   7110	lab3.elf
'Finished building: lab3.elf.size'
' '
11:07:17 **** Incremental Build of configuration Debug for project lab3 ****
make all 
make: Nothing to be done for `all'.
11:09:05 **** Auto Build of configuration Debug for project lab3 ****
make all 
'Building file: ../src/main.c'
'Invoking: MicroBlaze gcc compiler'
mb-gcc -Wall -O0 -g3 -c -fmessage-length=0 -MT"src/main.o" -I../../lab3_bsp/microblaze_0/include -mlittle-endian -mcpu=v10.0 -mxl-soft-mul -Wl,--no-relax -ffunction-sections -fdata-sections -MMD -MP -MF"src/main.d" -MT"src/main.o" -o "src/main.o" "../src/main.c"
../src/main.c: In function 'main':
../src/main.c:50:10: warning: unused variable 'bytes_read' [-Wunused-variable]
  ssize_t bytes_read = read(0, buffer, sizeof(buffer) - 1);
          ^~~~~~~~~~
'Finished building: ../src/main.c'
' '
'Building target: lab3.elf'
'Invoking: MicroBlaze gcc linker'
mb-gcc -Wl,-T -Wl,../src/lscript.ld -L../../lab3_bsp/microblaze_0/lib -mlittle-endian -mcpu=v10.0 -mxl-soft-mul -Wl,--no-relax -Wl,--gc-sections -o "lab3.elf"  ./src/main.o   -Wl,--start-group,-lxil,-lgcc,-lc,--end-group
'Finished building target: lab3.elf'
' '
'Invoking: MicroBlaze Print Size'
mb-size lab3.elf  |tee "lab3.elf.size"
   text	   data	    bss	    dec	    hex	filename
   5948	    272	   3108	   9328	   2470	lab3.elf
'Finished building: lab3.elf.size'
' '
11:10:37 **** Auto Build of configuration Debug for project lab3 ****
make all 
'Building file: ../src/main.c'
'Invoking: MicroBlaze gcc compiler'
mb-gcc -Wall -O0 -g3 -c -fmessage-length=0 -MT"src/main.o" -I../../lab3_bsp/microblaze_0/include -mlittle-endian -mcpu=v10.0 -mxl-soft-mul -Wl,--no-relax -ffunction-sections -fdata-sections -MMD -MP -MF"src/main.d" -MT"src/main.o" -o "src/main.o" "../src/main.c"
../src/main.c: In function 'main':
../src/main.c:52:22: warning: assignment makes integer from pointer without a cast [-Wint-conversion]
   buffer[bytes_read] = "\0";
                      ^
'Finished building: ../src/main.c'
' '
'Building target: lab3.elf'
'Invoking: MicroBlaze gcc linker'
mb-gcc -Wl,-T -Wl,../src/lscript.ld -L../../lab3_bsp/microblaze_0/lib -mlittle-endian -mcpu=v10.0 -mxl-soft-mul -Wl,--no-relax -Wl,--gc-sections -o "lab3.elf"  ./src/main.o   -Wl,--start-group,-lxil,-lgcc,-lc,--end-group
'Finished building target: lab3.elf'
' '
'Invoking: MicroBlaze Print Size'
mb-size lab3.elf  |tee "lab3.elf.size"
   text	   data	    bss	    dec	    hex	filename
   5988	    272	   3108	   9368	   2498	lab3.elf
'Finished building: lab3.elf.size'
' '
11:10:46 **** Incremental Build of configuration Debug for project lab3 ****
make all 
make: Nothing to be done for `all'.
11:11:39 **** Auto Build of configuration Debug for project lab3 ****
make all 
'Building file: ../src/main.c'
'Invoking: MicroBlaze gcc compiler'
mb-gcc -Wall -O0 -g3 -c -fmessage-length=0 -MT"src/main.o" -I../../lab3_bsp/microblaze_0/include -mlittle-endian -mcpu=v10.0 -mxl-soft-mul -Wl,--no-relax -ffunction-sections -fdata-sections -MMD -MP -MF"src/main.d" -MT"src/main.o" -o "src/main.o" "../src/main.c"
../src/main.c: In function 'main':
../src/main.c:52:22: warning: assignment makes integer from pointer without a cast [-Wint-conversion]
   buffer[bytes_read] = "\0";
                      ^
'Finished building: ../src/main.c'
' '
'Building target: lab3.elf'
'Invoking: MicroBlaze gcc linker'
mb-gcc -Wl,-T -Wl,../src/lscript.ld -L../../lab3_bsp/microblaze_0/lib -mlittle-endian -mcpu=v10.0 -mxl-soft-mul -Wl,--no-relax -Wl,--gc-sections -o "lab3.elf"  ./src/main.o   -Wl,--start-group,-lxil,-lgcc,-lc,--end-group
'Finished building target: lab3.elf'
' '
'Invoking: MicroBlaze Print Size'
mb-size lab3.elf  |tee "lab3.elf.size"
   text	   data	    bss	    dec	    hex	filename
   5988	    272	   3108	   9368	   2498	lab3.elf
'Finished building: lab3.elf.size'
' '
11:11:43 **** Incremental Build of configuration Debug for project lab3 ****
make all 
make: Nothing to be done for `all'.
11:13:15 **** Auto Build of configuration Debug for project lab3 ****
make all 
'Building file: ../src/main.c'
'Invoking: MicroBlaze gcc compiler'
mb-gcc -Wall -O0 -g3 -c -fmessage-length=0 -MT"src/main.o" -I../../lab3_bsp/microblaze_0/include -mlittle-endian -mcpu=v10.0 -mxl-soft-mul -Wl,--no-relax -ffunction-sections -fdata-sections -MMD -MP -MF"src/main.d" -MT"src/main.o" -o "src/main.o" "../src/main.c"
../src/main.c: In function 'main':
../src/main.c:52:22: warning: assignment makes integer from pointer without a cast [-Wint-conversion]
   buffer[bytes_read] = "\0";
                      ^
'Finished building: ../src/main.c'
' '
'Building target: lab3.elf'
'Invoking: MicroBlaze gcc linker'
mb-gcc -Wl,-T -Wl,../src/lscript.ld -L../../lab3_bsp/microblaze_0/lib -mlittle-endian -mcpu=v10.0 -mxl-soft-mul -Wl,--no-relax -Wl,--gc-sections -o "lab3.elf"  ./src/main.o   -Wl,--start-group,-lxil,-lgcc,-lc,--end-group
'Finished building target: lab3.elf'
' '
'Invoking: MicroBlaze Print Size'
mb-size lab3.elf  |tee "lab3.elf.size"
   text	   data	    bss	    dec	    hex	filename
   5988	    272	   3108	   9368	   2498	lab3.elf
'Finished building: lab3.elf.size'
' '
11:13:21 **** Auto Build of configuration Debug for project lab3 ****
make all 
'Building file: ../src/main.c'
'Invoking: MicroBlaze gcc compiler'
mb-gcc -Wall -O0 -g3 -c -fmessage-length=0 -MT"src/main.o" -I../../lab3_bsp/microblaze_0/include -mlittle-endian -mcpu=v10.0 -mxl-soft-mul -Wl,--no-relax -ffunction-sections -fdata-sections -MMD -MP -MF"src/main.d" -MT"src/main.o" -o "src/main.o" "../src/main.c"
../src/main.c: In function 'main':
../src/main.c:52:22: warning: assignment makes integer from pointer without a cast [-Wint-conversion]
   buffer[bytes_read] = "\0";
                      ^
'Finished building: ../src/main.c'
' '
'Building target: lab3.elf'
'Invoking: MicroBlaze gcc linker'
mb-gcc -Wl,-T -Wl,../src/lscript.ld -L../../lab3_bsp/microblaze_0/lib -mlittle-endian -mcpu=v10.0 -mxl-soft-mul -Wl,--no-relax -Wl,--gc-sections -o "lab3.elf"  ./src/main.o   -Wl,--start-group,-lxil,-lgcc,-lc,--end-group
'Finished building target: lab3.elf'
' '
'Invoking: MicroBlaze Print Size'
mb-size lab3.elf  |tee "lab3.elf.size"
   text	   data	    bss	    dec	    hex	filename
   5988	    272	   3108	   9368	   2498	lab3.elf
'Finished building: lab3.elf.size'
' '
11:14:01 **** Auto Build of configuration Debug for project lab3 ****
make all 
'Building file: ../src/main.c'
'Invoking: MicroBlaze gcc compiler'
mb-gcc -Wall -O0 -g3 -c -fmessage-length=0 -MT"src/main.o" -I../../lab3_bsp/microblaze_0/include -mlittle-endian -mcpu=v10.0 -mxl-soft-mul -Wl,--no-relax -ffunction-sections -fdata-sections -MMD -MP -MF"src/main.d" -MT"src/main.o" -o "src/main.o" "../src/main.c"
../src/main.c: In function 'main':
../src/main.c:55:22: warning: assignment makes integer from pointer without a cast [-Wint-conversion]
   buffer[bytes_read] = "\0";
                      ^
'Finished building: ../src/main.c'
' '
'Building target: lab3.elf'
'Invoking: MicroBlaze gcc linker'
mb-gcc -Wl,-T -Wl,../src/lscript.ld -L../../lab3_bsp/microblaze_0/lib -mlittle-endian -mcpu=v10.0 -mxl-soft-mul -Wl,--no-relax -Wl,--gc-sections -o "lab3.elf"  ./src/main.o   -Wl,--start-group,-lxil,-lgcc,-lc,--end-group
'Finished building target: lab3.elf'
' '
'Invoking: MicroBlaze Print Size'
mb-size lab3.elf  |tee "lab3.elf.size"
   text	   data	    bss	    dec	    hex	filename
   6008	    272	   3104	   9384	   24a8	lab3.elf
'Finished building: lab3.elf.size'
' '
11:15:21 **** Auto Build of configuration Debug for project lab3 ****
make all 
'Building file: ../src/main.c'
'Invoking: MicroBlaze gcc compiler'
mb-gcc -Wall -O0 -g3 -c -fmessage-length=0 -MT"src/main.o" -I../../lab3_bsp/microblaze_0/include -mlittle-endian -mcpu=v10.0 -mxl-soft-mul -Wl,--no-relax -ffunction-sections -fdata-sections -MMD -MP -MF"src/main.d" -MT"src/main.o" -o "src/main.o" "../src/main.c"
../src/main.c: In function 'main':
../src/main.c:55:22: warning: assignment makes integer from pointer without a cast [-Wint-conversion]
   buffer[bytes_read] = "\0";
                      ^
'Finished building: ../src/main.c'
' '
'Building target: lab3.elf'
'Invoking: MicroBlaze gcc linker'
mb-gcc -Wl,-T -Wl,../src/lscript.ld -L../../lab3_bsp/microblaze_0/lib -mlittle-endian -mcpu=v10.0 -mxl-soft-mul -Wl,--no-relax -Wl,--gc-sections -o "lab3.elf"  ./src/main.o   -Wl,--start-group,-lxil,-lgcc,-lc,--end-group
'Finished building target: lab3.elf'
' '
'Invoking: MicroBlaze Print Size'
mb-size lab3.elf  |tee "lab3.elf.size"
   text	   data	    bss	    dec	    hex	filename
   6008	    272	   3104	   9384	   24a8	lab3.elf
'Finished building: lab3.elf.size'
' '
11:16:22 **** Auto Build of configuration Debug for project lab3 ****
make all 
'Building file: ../src/main.c'
'Invoking: MicroBlaze gcc compiler'
mb-gcc -Wall -O0 -g3 -c -fmessage-length=0 -MT"src/main.o" -I../../lab3_bsp/microblaze_0/include -mlittle-endian -mcpu=v10.0 -mxl-soft-mul -Wl,--no-relax -ffunction-sections -fdata-sections -MMD -MP -MF"src/main.d" -MT"src/main.o" -o "src/main.o" "../src/main.c"
../src/main.c: In function 'main':
../src/main.c:55:22: warning: assignment makes integer from pointer without a cast [-Wint-conversion]
   buffer[bytes_read] = "\0";
                      ^
'Finished building: ../src/main.c'
' '
'Building target: lab3.elf'
'Invoking: MicroBlaze gcc linker'
mb-gcc -Wl,-T -Wl,../src/lscript.ld -L../../lab3_bsp/microblaze_0/lib -mlittle-endian -mcpu=v10.0 -mxl-soft-mul -Wl,--no-relax -Wl,--gc-sections -o "lab3.elf"  ./src/main.o   -Wl,--start-group,-lxil,-lgcc,-lc,--end-group
'Finished building target: lab3.elf'
' '
'Invoking: MicroBlaze Print Size'
mb-size lab3.elf  |tee "lab3.elf.size"
   text	   data	    bss	    dec	    hex	filename
   6008	    272	   3104	   9384	   24a8	lab3.elf
'Finished building: lab3.elf.size'
' '
11:16:32 **** Auto Build of configuration Debug for project lab3 ****
make all 
'Building file: ../src/main.c'
'Invoking: MicroBlaze gcc compiler'
mb-gcc -Wall -O0 -g3 -c -fmessage-length=0 -MT"src/main.o" -I../../lab3_bsp/microblaze_0/include -mlittle-endian -mcpu=v10.0 -mxl-soft-mul -Wl,--no-relax -ffunction-sections -fdata-sections -MMD -MP -MF"src/main.d" -MT"src/main.o" -o "src/main.o" "../src/main.c"
'Finished building: ../src/main.c'
' '
'Building target: lab3.elf'
'Invoking: MicroBlaze gcc linker'
mb-gcc -Wl,-T -Wl,../src/lscript.ld -L../../lab3_bsp/microblaze_0/lib -mlittle-endian -mcpu=v10.0 -mxl-soft-mul -Wl,--no-relax -Wl,--gc-sections -o "lab3.elf"  ./src/main.o   -Wl,--start-group,-lxil,-lgcc,-lc,--end-group
'Finished building target: lab3.elf'
' '
'Invoking: MicroBlaze Print Size'
mb-size lab3.elf  |tee "lab3.elf.size"
   text	   data	    bss	    dec	    hex	filename
   5968	    272	   3104	   9344	   2480	lab3.elf
'Finished building: lab3.elf.size'
' '
11:16:40 **** Incremental Build of configuration Debug for project lab3 ****
make all 
make: Nothing to be done for `all'.
11:17:46 **** Auto Build of configuration Debug for project lab3 ****
make all 
'Building file: ../src/main.c'
'Invoking: MicroBlaze gcc compiler'
mb-gcc -Wall -O0 -g3 -c -fmessage-length=0 -MT"src/main.o" -I../../lab3_bsp/microblaze_0/include -mlittle-endian -mcpu=v10.0 -mxl-soft-mul -Wl,--no-relax -ffunction-sections -fdata-sections -MMD -MP -MF"src/main.d" -MT"src/main.o" -o "src/main.o" "../src/main.c"
../src/main.c: In function 'main':
../src/main.c:54:29: warning: assignment makes integer from pointer without a cast [-Wint-conversion]
  buffer[sizeof(buffer) - 1] = "\0"
                             ^
../src/main.c:55:2: error: expected ';' before 'xil_printf'
  xil_printf("%s", buffer);
  ^~~~~~~~~~
make: *** [src/main.o] Error 1
11:17:50 **** Auto Build of configuration Debug for project lab3 ****
make all 
'Building file: ../src/main.c'
'Invoking: MicroBlaze gcc compiler'
mb-gcc -Wall -O0 -g3 -c -fmessage-length=0 -MT"src/main.o" -I../../lab3_bsp/microblaze_0/include -mlittle-endian -mcpu=v10.0 -mxl-soft-mul -Wl,--no-relax -ffunction-sections -fdata-sections -MMD -MP -MF"src/main.d" -MT"src/main.o" -o "src/main.o" "../src/main.c"
../src/main.c: In function 'main':
../src/main.c:54:31: error: empty character constant
  buffer[sizeof(buffer) - 1] = ''\0';
                               ^~
../src/main.c:54:33: error: stray '\' in program
  buffer[sizeof(buffer) - 1] = ''\0';
                                 ^
../src/main.c:54:34: error: expected ';' before numeric constant
  buffer[sizeof(buffer) - 1] = ''\0';
                                  ^
../src/main.c:54:35: warning: missing terminating ' character
  buffer[sizeof(buffer) - 1] = ''\0';
                                   ^
../src/main.c:54:35: error: missing terminating ' character
  buffer[sizeof(buffer) - 1] = ''\0';
                                   ^~
make: *** [src/main.o] Error 1
11:17:55 **** Auto Build of configuration Debug for project lab3 ****
make all 
'Building file: ../src/main.c'
'Invoking: MicroBlaze gcc compiler'
mb-gcc -Wall -O0 -g3 -c -fmessage-length=0 -MT"src/main.o" -I../../lab3_bsp/microblaze_0/include -mlittle-endian -mcpu=v10.0 -mxl-soft-mul -Wl,--no-relax -ffunction-sections -fdata-sections -MMD -MP -MF"src/main.d" -MT"src/main.o" -o "src/main.o" "../src/main.c"
'Finished building: ../src/main.c'
' '
'Building target: lab3.elf'
'Invoking: MicroBlaze gcc linker'
mb-gcc -Wl,-T -Wl,../src/lscript.ld -L../../lab3_bsp/microblaze_0/lib -mlittle-endian -mcpu=v10.0 -mxl-soft-mul -Wl,--no-relax -Wl,--gc-sections -o "lab3.elf"  ./src/main.o   -Wl,--start-group,-lxil,-lgcc,-lc,--end-group
'Finished building target: lab3.elf'
' '
'Invoking: MicroBlaze Print Size'
mb-size lab3.elf  |tee "lab3.elf.size"
   text	   data	    bss	    dec	    hex	filename
   5972	    272	   3108	   9352	   2488	lab3.elf
'Finished building: lab3.elf.size'
' '
11:18:00 **** Incremental Build of configuration Debug for project lab3 ****
make all 
make: Nothing to be done for `all'.
11:18:14 **** Incremental Build of configuration Debug for project lab3 ****
make all 
make: Nothing to be done for `all'.
11:18:40 **** Incremental Build of configuration Debug for project lab3 ****
make all 
make: Nothing to be done for `all'.
11:18:50 **** Incremental Build of configuration Debug for project lab3 ****
make all 
make: Nothing to be done for `all'.
11:19:09 **** Auto Build of configuration Debug for project lab3 ****
make all 
'Building file: ../src/main.c'
'Invoking: MicroBlaze gcc compiler'
mb-gcc -Wall -O0 -g3 -c -fmessage-length=0 -MT"src/main.o" -I../../lab3_bsp/microblaze_0/include -mlittle-endian -mcpu=v10.0 -mxl-soft-mul -Wl,--no-relax -ffunction-sections -fdata-sections -MMD -MP -MF"src/main.d" -MT"src/main.o" -o "src/main.o" "../src/main.c"
'Finished building: ../src/main.c'
' '
'Building target: lab3.elf'
'Invoking: MicroBlaze gcc linker'
mb-gcc -Wl,-T -Wl,../src/lscript.ld -L../../lab3_bsp/microblaze_0/lib -mlittle-endian -mcpu=v10.0 -mxl-soft-mul -Wl,--no-relax -Wl,--gc-sections -o "lab3.elf"  ./src/main.o   -Wl,--start-group,-lxil,-lgcc,-lc,--end-group
'Finished building target: lab3.elf'
' '
'Invoking: MicroBlaze Print Size'
mb-size lab3.elf  |tee "lab3.elf.size"
   text	   data	    bss	    dec	    hex	filename
   5992	    272	   3104	   9368	   2498	lab3.elf
'Finished building: lab3.elf.size'
' '
11:19:13 **** Auto Build of configuration Debug for project lab3 ****
make all 
'Building file: ../src/main.c'
'Invoking: MicroBlaze gcc compiler'
mb-gcc -Wall -O0 -g3 -c -fmessage-length=0 -MT"src/main.o" -I../../lab3_bsp/microblaze_0/include -mlittle-endian -mcpu=v10.0 -mxl-soft-mul -Wl,--no-relax -ffunction-sections -fdata-sections -MMD -MP -MF"src/main.d" -MT"src/main.o" -o "src/main.o" "../src/main.c"
'Finished building: ../src/main.c'
' '
'Building target: lab3.elf'
'Invoking: MicroBlaze gcc linker'
mb-gcc -Wl,-T -Wl,../src/lscript.ld -L../../lab3_bsp/microblaze_0/lib -mlittle-endian -mcpu=v10.0 -mxl-soft-mul -Wl,--no-relax -Wl,--gc-sections -o "lab3.elf"  ./src/main.o   -Wl,--start-group,-lxil,-lgcc,-lc,--end-group
'Finished building target: lab3.elf'
' '
'Invoking: MicroBlaze Print Size'
mb-size lab3.elf  |tee "lab3.elf.size"
   text	   data	    bss	    dec	    hex	filename
   5972	    272	   3108	   9352	   2488	lab3.elf
'Finished building: lab3.elf.size'
' '
11:20:46 **** Auto Build of configuration Debug for project lab3 ****
make all 
'Building file: ../src/main.c'
'Invoking: MicroBlaze gcc compiler'
mb-gcc -Wall -O0 -g3 -c -fmessage-length=0 -MT"src/main.o" -I../../lab3_bsp/microblaze_0/include -mlittle-endian -mcpu=v10.0 -mxl-soft-mul -Wl,--no-relax -ffunction-sections -fdata-sections -MMD -MP -MF"src/main.d" -MT"src/main.o" -o "src/main.o" "../src/main.c"
'Finished building: ../src/main.c'
' '
'Building target: lab3.elf'
'Invoking: MicroBlaze gcc linker'
mb-gcc -Wl,-T -Wl,../src/lscript.ld -L../../lab3_bsp/microblaze_0/lib -mlittle-endian -mcpu=v10.0 -mxl-soft-mul -Wl,--no-relax -Wl,--gc-sections -o "lab3.elf"  ./src/main.o   -Wl,--start-group,-lxil,-lgcc,-lc,--end-group
'Finished building target: lab3.elf'
' '
'Invoking: MicroBlaze Print Size'
mb-size lab3.elf  |tee "lab3.elf.size"
   text	   data	    bss	    dec	    hex	filename
  23280	   1312	   3168	  27760	   6c70	lab3.elf
'Finished building: lab3.elf.size'
' '
11:21:25 **** Auto Build of configuration Debug for project lab3 ****
make all 
'Building file: ../src/main.c'
'Invoking: MicroBlaze gcc compiler'
mb-gcc -Wall -O0 -g3 -c -fmessage-length=0 -MT"src/main.o" -I../../lab3_bsp/microblaze_0/include -mlittle-endian -mcpu=v10.0 -mxl-soft-mul -Wl,--no-relax -ffunction-sections -fdata-sections -MMD -MP -MF"src/main.d" -MT"src/main.o" -o "src/main.o" "../src/main.c"
'Finished building: ../src/main.c'
' '
'Building target: lab3.elf'
'Invoking: MicroBlaze gcc linker'
mb-gcc -Wl,-T -Wl,../src/lscript.ld -L../../lab3_bsp/microblaze_0/lib -mlittle-endian -mcpu=v10.0 -mxl-soft-mul -Wl,--no-relax -Wl,--gc-sections -o "lab3.elf"  ./src/main.o   -Wl,--start-group,-lxil,-lgcc,-lc,--end-group
'Finished building target: lab3.elf'
' '
'Invoking: MicroBlaze Print Size'
mb-size lab3.elf  |tee "lab3.elf.size"
   text	   data	    bss	    dec	    hex	filename
  23284	   1312	   3172	  27768	   6c78	lab3.elf
'Finished building: lab3.elf.size'
' '
11:21:40 **** Auto Build of configuration Debug for project lab3 ****
make all 
'Building file: ../src/main.c'
'Invoking: MicroBlaze gcc compiler'
mb-gcc -Wall -O0 -g3 -c -fmessage-length=0 -MT"src/main.o" -I../../lab3_bsp/microblaze_0/include -mlittle-endian -mcpu=v10.0 -mxl-soft-mul -Wl,--no-relax -ffunction-sections -fdata-sections -MMD -MP -MF"src/main.d" -MT"src/main.o" -o "src/main.o" "../src/main.c"
'Finished building: ../src/main.c'
' '
'Building target: lab3.elf'
'Invoking: MicroBlaze gcc linker'
mb-gcc -Wl,-T -Wl,../src/lscript.ld -L../../lab3_bsp/microblaze_0/lib -mlittle-endian -mcpu=v10.0 -mxl-soft-mul -Wl,--no-relax -Wl,--gc-sections -o "lab3.elf"  ./src/main.o   -Wl,--start-group,-lxil,-lgcc,-lc,--end-group
'Finished building target: lab3.elf'
' '
'Invoking: MicroBlaze Print Size'
mb-size lab3.elf  |tee "lab3.elf.size"
   text	   data	    bss	    dec	    hex	filename
  23284	   1312	   3172	  27768	   6c78	lab3.elf
'Finished building: lab3.elf.size'
' '
11:21:44 **** Incremental Build of configuration Debug for project lab3 ****
make all 
make: Nothing to be done for `all'.
11:22:01 **** Incremental Build of configuration Debug for project lab3 ****
make all 
make: Nothing to be done for `all'.
11:23:06 **** Auto Build of configuration Debug for project lab3 ****
make all 
'Building file: ../src/main.c'
'Invoking: MicroBlaze gcc compiler'
mb-gcc -Wall -O0 -g3 -c -fmessage-length=0 -MT"src/main.o" -I../../lab3_bsp/microblaze_0/include -mlittle-endian -mcpu=v10.0 -mxl-soft-mul -Wl,--no-relax -ffunction-sections -fdata-sections -MMD -MP -MF"src/main.d" -MT"src/main.o" -o "src/main.o" "../src/main.c"
'Finished building: ../src/main.c'
' '
'Building target: lab3.elf'
'Invoking: MicroBlaze gcc linker'
mb-gcc -Wl,-T -Wl,../src/lscript.ld -L../../lab3_bsp/microblaze_0/lib -mlittle-endian -mcpu=v10.0 -mxl-soft-mul -Wl,--no-relax -Wl,--gc-sections -o "lab3.elf"  ./src/main.o   -Wl,--start-group,-lxil,-lgcc,-lc,--end-group
'Finished building target: lab3.elf'
' '
'Invoking: MicroBlaze Print Size'
mb-size lab3.elf  |tee "lab3.elf.size"
   text	   data	    bss	    dec	    hex	filename
   6000	    272	   3104	   9376	   24a0	lab3.elf
'Finished building: lab3.elf.size'
' '
11:23:30 **** Incremental Build of configuration Debug for project lab3 ****
make all 
make: Nothing to be done for `all'.
11:24:00 **** Incremental Build of configuration Debug for project lab3 ****
make all 
make: Nothing to be done for `all'.
11:24:51 **** Auto Build of configuration Debug for project lab3 ****
make all 
'Building file: ../src/main.c'
'Invoking: MicroBlaze gcc compiler'
mb-gcc -Wall -O0 -g3 -c -fmessage-length=0 -MT"src/main.o" -I../../lab3_bsp/microblaze_0/include -mlittle-endian -mcpu=v10.0 -mxl-soft-mul -Wl,--no-relax -ffunction-sections -fdata-sections -MMD -MP -MF"src/main.d" -MT"src/main.o" -o "src/main.o" "../src/main.c"
'Finished building: ../src/main.c'
' '
'Building target: lab3.elf'
'Invoking: MicroBlaze gcc linker'
mb-gcc -Wl,-T -Wl,../src/lscript.ld -L../../lab3_bsp/microblaze_0/lib -mlittle-endian -mcpu=v10.0 -mxl-soft-mul -Wl,--no-relax -Wl,--gc-sections -o "lab3.elf"  ./src/main.o   -Wl,--start-group,-lxil,-lgcc,-lc,--end-group
'Finished building target: lab3.elf'
' '
'Invoking: MicroBlaze Print Size'
mb-size lab3.elf  |tee "lab3.elf.size"
   text	   data	    bss	    dec	    hex	filename
  24488	   1312	   3168	  28968	   7128	lab3.elf
'Finished building: lab3.elf.size'
' '
11:24:56 **** Incremental Build of configuration Debug for project lab3 ****
make all 
make: Nothing to be done for `all'.
11:25:41 **** Incremental Build of configuration Debug for project lab3 ****
make all 
make: Nothing to be done for `all'.
11:26:53 **** Auto Build of configuration Debug for project lab3 ****
make all 
'Building file: ../src/main.c'
'Invoking: MicroBlaze gcc compiler'
mb-gcc -Wall -O0 -g3 -c -fmessage-length=0 -MT"src/main.o" -I../../lab3_bsp/microblaze_0/include -mlittle-endian -mcpu=v10.0 -mxl-soft-mul -Wl,--no-relax -ffunction-sections -fdata-sections -MMD -MP -MF"src/main.d" -MT"src/main.o" -o "src/main.o" "../src/main.c"
'Finished building: ../src/main.c'
' '
'Building target: lab3.elf'
'Invoking: MicroBlaze gcc linker'
mb-gcc -Wl,-T -Wl,../src/lscript.ld -L../../lab3_bsp/microblaze_0/lib -mlittle-endian -mcpu=v10.0 -mxl-soft-mul -Wl,--no-relax -Wl,--gc-sections -o "lab3.elf"  ./src/main.o   -Wl,--start-group,-lxil,-lgcc,-lc,--end-group
'Finished building target: lab3.elf'
' '
'Invoking: MicroBlaze Print Size'
mb-size lab3.elf  |tee "lab3.elf.size"
   text	   data	    bss	    dec	    hex	filename
   5680	    272	   3104	   9056	   2360	lab3.elf
'Finished building: lab3.elf.size'
' '
11:27:00 **** Incremental Build of configuration Debug for project lab3 ****
make all 
make: Nothing to be done for `all'.
11:27:17 **** Auto Build of configuration Debug for project lab3 ****
make all 
'Building file: ../src/main.c'
'Invoking: MicroBlaze gcc compiler'
mb-gcc -Wall -O0 -g3 -c -fmessage-length=0 -MT"src/main.o" -I../../lab3_bsp/microblaze_0/include -mlittle-endian -mcpu=v10.0 -mxl-soft-mul -Wl,--no-relax -ffunction-sections -fdata-sections -MMD -MP -MF"src/main.d" -MT"src/main.o" -o "src/main.o" "../src/main.c"
'Finished building: ../src/main.c'
' '
'Building target: lab3.elf'
'Invoking: MicroBlaze gcc linker'
mb-gcc -Wl,-T -Wl,../src/lscript.ld -L../../lab3_bsp/microblaze_0/lib -mlittle-endian -mcpu=v10.0 -mxl-soft-mul -Wl,--no-relax -Wl,--gc-sections -o "lab3.elf"  ./src/main.o   -Wl,--start-group,-lxil,-lgcc,-lc,--end-group
'Finished building target: lab3.elf'
' '
'Invoking: MicroBlaze Print Size'
mb-size lab3.elf  |tee "lab3.elf.size"
   text	   data	    bss	    dec	    hex	filename
  24488	   1312	   3168	  28968	   7128	lab3.elf
'Finished building: lab3.elf.size'
' '
11:27:29 **** Incremental Build of configuration Debug for project lab3 ****
make all 
make: Nothing to be done for `all'.
11:27:41 **** Incremental Build of configuration Debug for project lab3 ****
make all 
make: Nothing to be done for `all'.
11:31:14 **** Auto Build of configuration Debug for project lab3 ****
make all 
'Building file: ../src/main.c'
'Invoking: MicroBlaze gcc compiler'
mb-gcc -Wall -O0 -g3 -c -fmessage-length=0 -MT"src/main.o" -I../../lab3_bsp/microblaze_0/include -mlittle-endian -mcpu=v10.0 -mxl-soft-mul -Wl,--no-relax -ffunction-sections -fdata-sections -MMD -MP -MF"src/main.d" -MT"src/main.o" -o "src/main.o" "../src/main.c"
'Finished building: ../src/main.c'
' '
'Building target: lab3.elf'
'Invoking: MicroBlaze gcc linker'
mb-gcc -Wl,-T -Wl,../src/lscript.ld -L../../lab3_bsp/microblaze_0/lib -mlittle-endian -mcpu=v10.0 -mxl-soft-mul -Wl,--no-relax -Wl,--gc-sections -o "lab3.elf"  ./src/main.o   -Wl,--start-group,-lxil,-lgcc,-lc,--end-group
'Finished building target: lab3.elf'
' '
'Invoking: MicroBlaze Print Size'
mb-size lab3.elf  |tee "lab3.elf.size"
   text	   data	    bss	    dec	    hex	filename
   5668	    272	   3108	   9048	   2358	lab3.elf
'Finished building: lab3.elf.size'
' '
11:31:25 **** Auto Build of configuration Debug for project lab3 ****
make all 
'Building file: ../src/main.c'
'Invoking: MicroBlaze gcc compiler'
mb-gcc -Wall -O0 -g3 -c -fmessage-length=0 -MT"src/main.o" -I../../lab3_bsp/microblaze_0/include -mlittle-endian -mcpu=v10.0 -mxl-soft-mul -Wl,--no-relax -ffunction-sections -fdata-sections -MMD -MP -MF"src/main.d" -MT"src/main.o" -o "src/main.o" "../src/main.c"
'Finished building: ../src/main.c'
' '
'Building target: lab3.elf'
'Invoking: MicroBlaze gcc linker'
[...]
  XStatus status, last_status = KYPD_NO_KEY;
                  ^~~~~~~~~~~
../src/main.c:26:10: warning: variable 'status' set but not used [-Wunused-but-set-variable]
  XStatus status, last_status = KYPD_NO_KEY;
          ^~~~~~
'Finished building: ../src/main.c'
' '
'Building target: lab3part2b.elf'
'Invoking: MicroBlaze gcc linker'
mb-gcc -Wl,-T -Wl,../src/lscript.ld -L../../lab3part2b_bsp/microblaze_0/lib -mlittle-endian -mcpu=v10.0 -mxl-soft-mul -Wl,--no-relax -Wl,--gc-sections -o "lab3part2b.elf"  ./src/main.o   -Wl,--start-group,-lxil,-lgcc,-lc,--end-group
'Finished building target: lab3part2b.elf'
' '
'Invoking: MicroBlaze Print Size'
mb-size lab3part2b.elf  |tee "lab3part2b.elf.size"
   text	   data	    bss	    dec	    hex	filename
   6928	    272	   3128	  10328	   2858	lab3part2b.elf
'Finished building: lab3part2b.elf.size'
' '
11:42:49 **** Auto Build of configuration Debug for project lab3part2b ****
make all 
'Building file: ../src/main.c'
'Invoking: MicroBlaze gcc compiler'
mb-gcc -Wall -O0 -g3 -c -fmessage-length=0 -MT"src/main.o" -I../../lab3part2b_bsp/microblaze_0/include -mlittle-endian -mcpu=v10.0 -mxl-soft-mul -Wl,--no-relax -ffunction-sections -fdata-sections -MMD -MP -MF"src/main.d" -MT"src/main.o" -o "src/main.o" "../src/main.c"
../src/main.c: In function 'main':
../src/main.c:27:10: warning: unused variable 'last_key' [-Wunused-variable]
  u8 key, last_key = 'x';
          ^~~~~~~~
../src/main.c:26:18: warning: unused variable 'last_status' [-Wunused-variable]
  XStatus status, last_status = KYPD_NO_KEY;
                  ^~~~~~~~~~~
../src/main.c:26:10: warning: variable 'status' set but not used [-Wunused-but-set-variable]
  XStatus status, last_status = KYPD_NO_KEY;
          ^~~~~~
'Finished building: ../src/main.c'
' '
'Building target: lab3part2b.elf'
'Invoking: MicroBlaze gcc linker'
mb-gcc -Wl,-T -Wl,../src/lscript.ld -L../../lab3part2b_bsp/microblaze_0/lib -mlittle-endian -mcpu=v10.0 -mxl-soft-mul -Wl,--no-relax -Wl,--gc-sections -o "lab3part2b.elf"  ./src/main.o   -Wl,--start-group,-lxil,-lgcc,-lc,--end-group
'Finished building target: lab3part2b.elf'
' '
'Invoking: MicroBlaze Print Size'
mb-size lab3part2b.elf  |tee "lab3part2b.elf.size"
   text	   data	    bss	    dec	    hex	filename
   6868	    272	   3132	  10272	   2820	lab3part2b.elf
'Finished building: lab3part2b.elf.size'
' '
11:42:56 **** Incremental Build of configuration Debug for project lab3part2b ****
make all 
make: Nothing to be done for `all'.
11:43:19 **** Incremental Build of configuration Debug for project lab3part2b ****
make all 
make: Nothing to be done for `all'.
12:18:56 **** Auto Build of configuration Debug for project lab3part2b ****
make all 
'Building file: ../src/main.c'
'Invoking: MicroBlaze gcc compiler'
mb-gcc -Wall -O0 -g3 -c -fmessage-length=0 -MT"src/main.o" -I../../lab3part2b_bsp/microblaze_0/include -mlittle-endian -mcpu=v10.0 -mxl-soft-mul -Wl,--no-relax -ffunction-sections -fdata-sections -MMD -MP -MF"src/main.d" -MT"src/main.o" -o "src/main.o" "../src/main.c"
'Finished building: ../src/main.c'
' '
'Building target: lab3part2b.elf'
'Invoking: MicroBlaze gcc linker'
mb-gcc -Wl,-T -Wl,../src/lscript.ld -L../../lab3part2b_bsp/microblaze_0/lib -mlittle-endian -mcpu=v10.0 -mxl-soft-mul -Wl,--no-relax -Wl,--gc-sections -o "lab3part2b.elf"  ./src/main.o   -Wl,--start-group,-lxil,-lgcc,-lc,--end-group
'Finished building target: lab3part2b.elf'
' '
'Invoking: MicroBlaze Print Size'
mb-size lab3part2b.elf  |tee "lab3part2b.elf.size"
   text	   data	    bss	    dec	    hex	filename
   7152	    272	   3128	  10552	   2938	lab3part2b.elf
'Finished building: lab3part2b.elf.size'
' '
12:20:50 **** Auto Build of configuration Debug for project lab3part2b ****
make all 
'Building file: ../src/main.c'
'Invoking: MicroBlaze gcc compiler'
mb-gcc -Wall -O0 -g3 -c -fmessage-length=0 -MT"src/main.o" -I../../lab3part2b_bsp/microblaze_0/include -mlittle-endian -mcpu=v10.0 -mxl-soft-mul -Wl,--no-relax -ffunction-sections -fdata-sections -MMD -MP -MF"src/main.d" -MT"src/main.o" -o "src/main.o" "../src/main.c"
../src/main.c: In function 'main':
../src/main.c:47:53: error: 'last_status' undeclared (first use in this function); did you mean 'status'?
    } else if (status == KYPD_MULTI_KEY && status != last_status)
                                                     ^~~~~~~~~~~
                                                     status
../src/main.c:47:53: note: each undeclared identifier is reported only once for each function it appears in
make: *** [src/main.o] Error 1
12:21:04 **** Auto Build of configuration Debug for project lab3part2b ****
make all 
'Building file: ../src/main.c'
'Invoking: MicroBlaze gcc compiler'
mb-gcc -Wall -O0 -g3 -c -fmessage-length=0 -MT"src/main.o" -I../../lab3part2b_bsp/microblaze_0/include -mlittle-endian -mcpu=v10.0 -mxl-soft-mul -Wl,--no-relax -ffunction-sections -fdata-sections -MMD -MP -MF"src/main.d" -MT"src/main.o" -o "src/main.o" "../src/main.c"
../src/main.c: In function 'main':
../src/main.c:47:53: error: 'last_status' undeclared (first use in this function); did you mean 'status'?
    } else if (status == KYPD_MULTI_KEY && status != last_status)
                                                     ^~~~~~~~~~~
                                                     status
../src/main.c:47:53: note: each undeclared identifier is reported only once for each function it appears in
make: *** [src/main.o] Error 1
12:21:10 **** Auto Build of configuration Debug for project lab3part2b ****
make all 
'Building file: ../src/main.c'
'Invoking: MicroBlaze gcc compiler'
mb-gcc -Wall -O0 -g3 -c -fmessage-length=0 -MT"src/main.o" -I../../lab3part2b_bsp/microblaze_0/include -mlittle-endian -mcpu=v10.0 -mxl-soft-mul -Wl,--no-relax -ffunction-sections -fdata-sections -MMD -MP -MF"src/main.d" -MT"src/main.o" -o "src/main.o" "../src/main.c"
'Finished building: ../src/main.c'
' '
'Building target: lab3part2b.elf'
'Invoking: MicroBlaze gcc linker'
mb-gcc -Wl,-T -Wl,../src/lscript.ld -L../../lab3part2b_bsp/microblaze_0/lib -mlittle-endian -mcpu=v10.0 -mxl-soft-mul -Wl,--no-relax -Wl,--gc-sections -o "lab3part2b.elf"  ./src/main.o   -Wl,--start-group,-lxil,-lgcc,-lc,--end-group
'Finished building target: lab3part2b.elf'
' '
'Invoking: MicroBlaze Print Size'
mb-size lab3part2b.elf  |tee "lab3part2b.elf.size"
   text	   data	    bss	    dec	    hex	filename
   7088	    272	   3128	  10488	   28f8	lab3part2b.elf
'Finished building: lab3part2b.elf.size'
' '
12:21:23 **** Auto Build of configuration Debug for project lab3part2b ****
make all 
'Building file: ../src/main.c'
'Invoking: MicroBlaze gcc compiler'
mb-gcc -Wall -O0 -g3 -c -fmessage-length=0 -MT"src/main.o" -I../../lab3part2b_bsp/microblaze_0/include -mlittle-endian -mcpu=v10.0 -mxl-soft-mul -Wl,--no-relax -ffunction-sections -fdata-sections -MMD -MP -MF"src/main.d" -MT"src/main.o" -o "src/main.o" "../src/main.c"
'Finished building: ../src/main.c'
' '
'Building target: lab3part2b.elf'
'Invoking: MicroBlaze gcc linker'
mb-gcc -Wl,-T -Wl,../src/lscript.ld -L../../lab3part2b_bsp/microblaze_0/lib -mlittle-endian -mcpu=v10.0 -mxl-soft-mul -Wl,--no-relax -Wl,--gc-sections -o "lab3part2b.elf"  ./src/main.o   -Wl,--start-group,-lxil,-lgcc,-lc,--end-group
'Finished building target: lab3part2b.elf'
' '
'Invoking: MicroBlaze Print Size'
mb-size lab3part2b.elf  |tee "lab3part2b.elf.size"
   text	   data	    bss	    dec	    hex	filename
   7088	    272	   3128	  10488	   28f8	lab3part2b.elf
'Finished building: lab3part2b.elf.size'
' '
12:22:42 **** Incremental Build of configuration Debug for project lab3part2b ****
make all 
make: Nothing to be done for `all'.
12:23:08 **** Auto Build of configuration Debug for project lab3part2b ****
make all 
'Building file: ../src/main.c'
'Invoking: MicroBlaze gcc compiler'
mb-gcc -Wall -O0 -g3 -c -fmessage-length=0 -MT"src/main.o" -I../../lab3part2b_bsp/microblaze_0/include -mlittle-endian -mcpu=v10.0 -mxl-soft-mul -Wl,--no-relax -ffunction-sections -fdata-sections -MMD -MP -MF"src/main.d" -MT"src/main.o" -o "src/main.o" "../src/main.c"
'Finished building: ../src/main.c'
' '
'Building target: lab3part2b.elf'
'Invoking: MicroBlaze gcc linker'
mb-gcc -Wl,-T -Wl,../src/lscript.ld -L../../lab3part2b_bsp/microblaze_0/lib -mlittle-endian -mcpu=v10.0 -mxl-soft-mul -Wl,--no-relax -Wl,--gc-sections -o "lab3part2b.elf"  ./src/main.o   -Wl,--start-group,-lxil,-lgcc,-lc,--end-group
'Finished building target: lab3part2b.elf'
' '
'Invoking: MicroBlaze Print Size'
mb-size lab3part2b.elf  |tee "lab3part2b.elf.size"
   text	   data	    bss	    dec	    hex	filename
   7092	    272	   3132	  10496	   2900	lab3part2b.elf
'Finished building: lab3part2b.elf.size'
' '
12:23:10 **** Incremental Build of configuration Debug for project lab3part2b ****
make all 
make: Nothing to be done for `all'.
12:24:01 **** Auto Build of configuration Debug for project lab3part2b ****
make all 
'Building file: ../src/main.c'
'Invoking: MicroBlaze gcc compiler'
mb-gcc -Wall -O0 -g3 -c -fmessage-length=0 -MT"src/main.o" -I../../lab3part2b_bsp/microblaze_0/include -mlittle-endian -mcpu=v10.0 -mxl-soft-mul -Wl,--no-relax -ffunction-sections -fdata-sections -MMD -MP -MF"src/main.d" -MT"src/main.o" -o "src/main.o" "../src/main.c"
'Finished building: ../src/main.c'
' '
'Building target: lab3part2b.elf'
'Invoking: MicroBlaze gcc linker'
mb-gcc -Wl,-T -Wl,../src/lscript.ld -L../../lab3part2b_bsp/microblaze_0/lib -mlittle-endian -mcpu=v10.0 -mxl-soft-mul -Wl,--no-relax -Wl,--gc-sections -o "lab3part2b.elf"  ./src/main.o   -Wl,--start-group,-lxil,-lgcc,-lc,--end-group
'Finished building target: lab3part2b.elf'
' '
'Invoking: MicroBlaze Print Size'
mb-size lab3part2b.elf  |tee "lab3part2b.elf.size"
   text	   data	    bss	    dec	    hex	filename
   7092	    272	   3132	  10496	   2900	lab3part2b.elf
'Finished building: lab3part2b.elf.size'
' '
12:24:09 **** Auto Build of configuration Debug for project lab3part2b ****
make all 
'Building file: ../src/main.c'
'Invoking: MicroBlaze gcc compiler'
mb-gcc -Wall -O0 -g3 -c -fmessage-length=0 -MT"src/main.o" -I../../lab3part2b_bsp/microblaze_0/include -mlittle-endian -mcpu=v10.0 -mxl-soft-mul -Wl,--no-relax -ffunction-sections -fdata-sections -MMD -MP -MF"src/main.d" -MT"src/main.o" -o "src/main.o" "../src/main.c"
'Finished building: ../src/main.c'
' '
'Building target: lab3part2b.elf'
'Invoking: MicroBlaze gcc linker'
mb-gcc -Wl,-T -Wl,../src/lscript.ld -L../../lab3part2b_bsp/microblaze_0/lib -mlittle-endian -mcpu=v10.0 -mxl-soft-mul -Wl,--no-relax -Wl,--gc-sections -o "lab3part2b.elf"  ./src/main.o   -Wl,--start-group,-lxil,-lgcc,-lc,--end-group
'Finished building target: lab3part2b.elf'
' '
'Invoking: MicroBlaze Print Size'
mb-size lab3part2b.elf  |tee "lab3part2b.elf.size"
   text	   data	    bss	    dec	    hex	filename
   7132	    272	   3132	  10536	   2928	lab3part2b.elf
'Finished building: lab3part2b.elf.size'
' '
12:24:11 **** Incremental Build of configuration Debug for project lab3part2b ****
make all 
make: Nothing to be done for `all'.
12:24:48 **** Auto Build of configuration Debug for project lab3part2b ****
make all 
'Building file: ../src/main.c'
'Invoking: MicroBlaze gcc compiler'
mb-gcc -Wall -O0 -g3 -c -fmessage-length=0 -MT"src/main.o" -I../../lab3part2b_bsp/microblaze_0/include -mlittle-endian -mcpu=v10.0 -mxl-soft-mul -Wl,--no-relax -ffunction-sections -fdata-sections -MMD -MP -MF"src/main.d" -MT"src/main.o" -o "src/main.o" "../src/main.c"
../src/main.c: In function 'main':
../src/main.c:47:5: error: expected ';' before '}' token
     }
     ^
make: *** [src/main.o] Error 1
12:24:50 **** Auto Build of configuration Debug for project lab3part2b ****
make all 
'Building file: ../src/main.c'
'Invoking: MicroBlaze gcc compiler'
mb-gcc -Wall -O0 -g3 -c -fmessage-length=0 -MT"src/main.o" -I../../lab3part2b_bsp/microblaze_0/include -mlittle-endian -mcpu=v10.0 -mxl-soft-mul -Wl,--no-relax -ffunction-sections -fdata-sections -MMD -MP -MF"src/main.d" -MT"src/main.o" -o "src/main.o" "../src/main.c"
'Finished building: ../src/main.c'
' '
'Building target: lab3part2b.elf'
'Invoking: MicroBlaze gcc linker'
mb-gcc -Wl,-T -Wl,../src/lscript.ld -L../../lab3part2b_bsp/microblaze_0/lib -mlittle-endian -mcpu=v10.0 -mxl-soft-mul -Wl,--no-relax -Wl,--gc-sections -o "lab3part2b.elf"  ./src/main.o   -Wl,--start-group,-lxil,-lgcc,-lc,--end-group
'Finished building target: lab3part2b.elf'
' '
'Invoking: MicroBlaze Print Size'
mb-size lab3part2b.elf  |tee "lab3part2b.elf.size"
   text	   data	    bss	    dec	    hex	filename
   7132	    272	   3132	  10536	   2928	lab3part2b.elf
'Finished building: lab3part2b.elf.size'
' '
12:24:52 **** Incremental Build of configuration Debug for project lab3part2b ****
make all 
make: Nothing to be done for `all'.
12:25:11 **** Incremental Build of configuration Debug for project lab3part2b ****
make all 
make: Nothing to be done for `all'.
12:25:18 **** Incremental Build of configuration Debug for project lab3part2b ****
make all 
make: Nothing to be done for `all'.
12:25:56 **** Auto Build of configuration Debug for project lab3part2b ****
make all 
'Building file: ../src/main.c'
'Invoking: MicroBlaze gcc compiler'
mb-gcc -Wall -O0 -g3 -c -fmessage-length=0 -MT"src/main.o" -I../../lab3part2b_bsp/microblaze_0/include -mlittle-endian -mcpu=v10.0 -mxl-soft-mul -Wl,--no-relax -ffunction-sections -fdata-sections -MMD -MP -MF"src/main.d" -MT"src/main.o" -o "src/main.o" "../src/main.c"
'Finished building: ../src/main.c'
' '
'Building target: lab3part2b.elf'
'Invoking: MicroBlaze gcc linker'
mb-gcc -Wl,-T -Wl,../src/lscript.ld -L../../lab3part2b_bsp/microblaze_0/lib -mlittle-endian -mcpu=v10.0 -mxl-soft-mul -Wl,--no-relax -Wl,--gc-sections -o "lab3part2b.elf"  ./src/main.o   -Wl,--start-group,-lxil,-lgcc,-lc,--end-group
'Finished building target: lab3part2b.elf'
' '
'Invoking: MicroBlaze Print Size'
mb-size lab3part2b.elf  |tee "lab3part2b.elf.size"
   text	   data	    bss	    dec	    hex	filename
   7144	    272	   3128	  10544	   2930	lab3part2b.elf
'Finished building: lab3part2b.elf.size'
' '
12:26:07 **** Incremental Build of configuration Debug for project lab3part2b ****
make all 
make: Nothing to be done for `all'.
10:08:30 **** Auto Build of configuration Debug for project lab3part2b ****
make all 
'Building file: ../src/main.c'
'Invoking: MicroBlaze gcc compiler'
mb-gcc -Wall -O0 -g3 -c -fmessage-length=0 -MT"src/main.o" -I../../lab3part2b_bsp/microblaze_0/include -mlittle-endian -mcpu=v10.0 -mxl-soft-mul -Wl,--no-relax -ffunction-sections -fdata-sections -MMD -MP -MF"src/main.d" -MT"src/main.o" -o "src/main.o" "../src/main.c"
../src/main.c: In function 'main':
../src/main.c:56:17: warning: comparison between pointer and integer
  if ((char) key == "1" && (char) pc_input == "1")
                 ^~
../src/main.c:56:17: warning: comparison with string literal results in unspecified behavior [-Waddress]
../src/main.c:56:43: warning: comparison between pointer and integer
  if ((char) key == "1" && (char) pc_input == "1")
                                           ^~
../src/main.c:56:43: warning: comparison with string literal results in unspecified behavior [-Waddress]
'Finished building: ../src/main.c'
' '
'Building target: lab3part2b.elf'
'Invoking: MicroBlaze gcc linker'
mb-gcc -Wl,-T -Wl,../src/lscript.ld -L../../lab3part2b_bsp/microblaze_0/lib -mlittle-endian -mcpu=v10.0 -mxl-soft-mul -Wl,--no-relax -Wl,--gc-sections -o "lab3part2b.elf"  ./src/main.o   -Wl,--start-group,-lxil,-lgcc,-lc,--end-group
'Finished building target: lab3part2b.elf'
' '
'Invoking: MicroBlaze Print Size'
mb-size lab3part2b.elf  |tee "lab3part2b.elf.size"
   text	   data	    bss	    dec	    hex	filename
   7144	    272	   3128	  10544	   2930	lab3part2b.elf
'Finished building: lab3part2b.elf.size'
' '
10:09:45 **** Auto Build of configuration Debug for project lab3part2b ****
make all 
'Building file: ../src/main.c'
'Invoking: MicroBlaze gcc compiler'
mb-gcc -Wall -O0 -g3 -c -fmessage-length=0 -MT"src/main.o" -I../../lab3part2b_bsp/microblaze_0/include -mlittle-endian -mcpu=v10.0 -mxl-soft-mul -Wl,--no-relax -ffunction-sections -fdata-sections -MMD -MP -MF"src/main.d" -MT"src/main.o" -o "src/main.o" "../src/main.c"
'Finished building: ../src/main.c'
' '
'Building target: lab3part2b.elf'
'Invoking: MicroBlaze gcc linker'
mb-gcc -Wl,-T -Wl,../src/lscript.ld -L../../lab3part2b_bsp/microblaze_0/lib -mlittle-endian -mcpu=v10.0 -mxl-soft-mul -Wl,--no-relax -Wl,--gc-sections -o "lab3part2b.elf"  ./src/main.o   -Wl,--start-group,-lxil,-lgcc,-lc,--end-group
'Finished building target: lab3part2b.elf'
' '
'Invoking: MicroBlaze Print Size'
mb-size lab3part2b.elf  |tee "lab3part2b.elf.size"
   text	   data	    bss	    dec	    hex	filename
   7144	    272	   3128	  10544	   2930	lab3part2b.elf
'Finished building: lab3part2b.elf.size'
' '
10:12:24 **** Auto Build of configuration Debug for project lab3part2b ****
make all 
'Building file: ../src/main.c'
'Invoking: MicroBlaze gcc compiler'
mb-gcc -Wall -O0 -g3 -c -fmessage-length=0 -MT"src/main.o" -I../../lab3part2b_bsp/microblaze_0/include -mlittle-endian -mcpu=v10.0 -mxl-soft-mul -Wl,--no-relax -ffunction-sections -fdata-sections -MMD -MP -MF"src/main.d" -MT"src/main.o" -o "src/main.o" "../src/main.c"
'Finished building: ../src/main.c'
' '
'Building target: lab3part2b.elf'
'Invoking: MicroBlaze gcc linker'
mb-gcc -Wl,-T -Wl,../src/lscript.ld -L../../lab3part2b_bsp/microblaze_0/lib -mlittle-endian -mcpu=v10.0 -mxl-soft-mul -Wl,--no-relax -Wl,--gc-sections -o "lab3part2b.elf"  ./src/main.o   -Wl,--start-group,-lxil,-lgcc,-lc,--end-group
'Finished building target: lab3part2b.elf'
' '
'Invoking: MicroBlaze Print Size'
mb-size lab3part2b.elf  |tee "lab3part2b.elf.size"
   text	   data	    bss	    dec	    hex	filename
   7144	    272	   3128	  10544	   2930	lab3part2b.elf
'Finished building: lab3part2b.elf.size'
' '
10:12:35 **** Auto Build of configuration Debug for project lab3part2b ****
make all 
'Building file: ../src/main.c'
'Invoking: MicroBlaze gcc compiler'
mb-gcc -Wall -O0 -g3 -c -fmessage-length=0 -MT"src/main.o" -I../../lab3part2b_bsp/microblaze_0/include -mlittle-endian -mcpu=v10.0 -mxl-soft-mul -Wl,--no-relax -ffunction-sections -fdata-sections -MMD -MP -MF"src/main.d" -MT"src/main.o" -o "src/main.o" "../src/main.c"
'Finished building: ../src/main.c'
' '
'Building target: lab3part2b.elf'
'Invoking: MicroBlaze gcc linker'
mb-gcc -Wl,-T -Wl,../src/lscript.ld -L../../lab3part2b_bsp/microblaze_0/lib -mlittle-endian -mcpu=v10.0 -mxl-soft-mul -Wl,--no-relax -Wl,--gc-sections -o "lab3part2b.elf"  ./src/main.o   -Wl,--start-group,-lxil,-lgcc,-lc,--end-group
'Finished building target: lab3part2b.elf'
' '
'Invoking: MicroBlaze Print Size'
mb-size lab3part2b.elf  |tee "lab3part2b.elf.size"
   text	   data	    bss	    dec	    hex	filename
   7144	    272	   3128	  10544	   2930	lab3part2b.elf
'Finished building: lab3part2b.elf.size'
' '
10:13:09 **** Auto Build of configuration Debug for project lab3part2b ****
make all 
'Building file: ../src/main.c'
'Invoking: MicroBlaze gcc compiler'
mb-gcc -Wall -O0 -g3 -c -fmessage-length=0 -MT"src/main.o" -I../../lab3part2b_bsp/microblaze_0/include -mlittle-endian -mcpu=v10.0 -mxl-soft-mul -Wl,--no-relax -ffunction-sections -fdata-sections -MMD -MP -MF"src/main.d" -MT"src/main.o" -o "src/main.o" "../src/main.c"
'Finished building: ../src/main.c'
' '
'Building target: lab3part2b.elf'
'Invoking: MicroBlaze gcc linker'
mb-gcc -Wl,-T -Wl,../src/lscript.ld -L../../lab3part2b_bsp/microblaze_0/lib -mlittle-endian -mcpu=v10.0 -mxl-soft-mul -Wl,--no-relax -Wl,--gc-sections -o "lab3part2b.elf"  ./src/main.o   -Wl,--start-group,-lxil,-lgcc,-lc,--end-group
'Finished building target: lab3part2b.elf'
' '
'Invoking: MicroBlaze Print Size'
mb-size lab3part2b.elf  |tee "lab3part2b.elf.size"
   text	   data	    bss	    dec	    hex	filename
   7144	    272	   3128	  10544	   2930	lab3part2b.elf
'Finished building: lab3part2b.elf.size'
' '
