19:46:08 **** Build of project final_project_bsp ****
make -k all 
"Running Make include in microblaze_0/libsrc/bram_v4_2/src"
make -C microblaze_0/libsrc/bram_v4_2/src -s include  "SHELL=CMD" "COMPILER=mb-gcc" "ARCHIVER=mb-ar" "COMPILER_FLAGS=  -O2 -c -mcpu=v10.0 -mlittle-endian -mxl-soft-mul" "EXTRA_COMPILER_FLAGS=-ffunction-sections -fdata-sections -Wall -Wextra"
"Running Make include in microblaze_0/libsrc/cpu_v2_7/src"
make -C microblaze_0/libsrc/cpu_v2_7/src -s include  "SHELL=CMD" "COMPILER=mb-gcc" "ARCHIVER=mb-ar" "COMPILER_FLAGS=  -O2 -c -mcpu=v10.0 -mlittle-endian -mxl-soft-mul" "EXTRA_COMPILER_FLAGS=-ffunction-sections -fdata-sections -Wall -Wextra"
"Running Make include in microblaze_0/libsrc/standalone_v6_7/src"
make -C microblaze_0/libsrc/standalone_v6_7/src -s include  "SHELL=CMD" "COMPILER=mb-gcc" "ARCHIVER=mb-ar" "COMPILER_FLAGS=  -O2 -c -mcpu=v10.0 -mlittle-endian -mxl-soft-mul" "EXTRA_COMPILER_FLAGS=-ffunction-sections -fdata-sections -Wall -Wextra"
"Running Make include in microblaze_0/libsrc/uartlite_v3_2/src"
make -C microblaze_0/libsrc/uartlite_v3_2/src -s include  "SHELL=CMD" "COMPILER=mb-gcc" "ARCHIVER=mb-ar" "COMPILER_FLAGS=  -O2 -c -mcpu=v10.0 -mlittle-endian -mxl-soft-mul" "EXTRA_COMPILER_FLAGS=-ffunction-sections -fdata-sections -Wall -Wextra"
"Running Make libs in microblaze_0/libsrc/bram_v4_2/src"
make -C microblaze_0/libsrc/bram_v4_2/src -s libs  "SHELL=CMD" "COMPILER=mb-gcc" "ARCHIVER=mb-ar" "COMPILER_FLAGS=  -O2 -c -mcpu=v10.0 -mlittle-endian -mxl-soft-mul" "EXTRA_COMPILER_FLAGS=-ffunction-sections -fdata-sections -Wall -Wextra"
"Compiling bram"
mb-ar: creating ../../../lib/libxil.a
"Running Make libs in microblaze_0/libsrc/cpu_v2_7/src"
make -C microblaze_0/libsrc/cpu_v2_7/src -s libs  "SHELL=CMD" "COMPILER=mb-gcc" "ARCHIVER=mb-ar" "COMPILER_FLAGS=  -O2 -c -mcpu=v10.0 -mlittle-endian -mxl-soft-mul" "EXTRA_COMPILER_FLAGS=-ffunction-sections -fdata-sections -Wall -Wextra"
"Compiling cpu"
"Running Make libs in microblaze_0/libsrc/standalone_v6_7/src"
make -C microblaze_0/libsrc/standalone_v6_7/src -s libs  "SHELL=CMD" "COMPILER=mb-gcc" "ARCHIVER=mb-ar" "COMPILER_FLAGS=  -O2 -c -mcpu=v10.0 -mlittle-endian -mxl-soft-mul" "EXTRA_COMPILER_FLAGS=-ffunction-sections -fdata-sections -Wall -Wextra"
"Compiling standalone";
microblaze_sleep.c:74:9: note: #pragma message: For the sleep routines, assembly instructions are used
 #pragma message ("For the sleep routines, assembly instructions are used")
         ^~~~~~~
"Running Make libs in microblaze_0/libsrc/uartlite_v3_2/src"
make -C microblaze_0/libsrc/uartlite_v3_2/src -s libs  "SHELL=CMD" "COMPILER=mb-gcc" "ARCHIVER=mb-ar" "COMPILER_FLAGS=  -O2 -c -mcpu=v10.0 -mlittle-endian -mxl-soft-mul" "EXTRA_COMPILER_FLAGS=-ffunction-sections -fdata-sections -Wall -Wextra"
"Compiling uartlite"
'Finished building libraries'
19:46:14 **** Build of configuration Debug for project final_project ****
make all 
'Building file: ../src/helloworld.c'
'Invoking: MicroBlaze gcc compiler'
mb-gcc -Wall -O0 -g3 -c -fmessage-length=0 -MT"src/helloworld.o" -I../../final_project_bsp/microblaze_0/include -mlittle-endian -mcpu=v10.0 -mxl-soft-mul -Wl,--no-relax -ffunction-sections -fdata-sections -MMD -MP -MF"src/helloworld.d" -MT"src/helloworld.o" -o "src/helloworld.o" "../src/helloworld.c"
'Finished building: ../src/helloworld.c'
' '
'Building file: ../src/platform.c'
'Invoking: MicroBlaze gcc compiler'
mb-gcc -Wall -O0 -g3 -c -fmessage-length=0 -MT"src/platform.o" -I../../final_project_bsp/microblaze_0/include -mlittle-endian -mcpu=v10.0 -mxl-soft-mul -Wl,--no-relax -ffunction-sections -fdata-sections -MMD -MP -MF"src/platform.d" -MT"src/platform.o" -o "src/platform.o" "../src/platform.c"
'Finished building: ../src/platform.c'
' '
'Building target: final_project.elf'
'Invoking: MicroBlaze gcc linker'
mb-gcc -Wl,-T -Wl,../src/lscript.ld -L../../final_project_bsp/microblaze_0/lib -mlittle-endian -mcpu=v10.0 -mxl-soft-mul -Wl,--no-relax -Wl,--gc-sections -o "final_project.elf"  ./src/helloworld.o ./src/platform.o   -Wl,--start-group,-lxil,-lgcc,-lc,--end-group
'Finished building target: final_project.elf'
' '
'Invoking: MicroBlaze Print Size'
mb-size final_project.elf  |tee "final_project.elf.size"
   text	   data	    bss	    dec	    hex	filename
   2712	    268	   3108	   6088	   17c8	final_project.elf
'Finished building: final_project.elf.size'
' '
19:47:14 **** Build of project final_project_bsp ****
make -k all 
"Running Make include in microblaze_0/libsrc/bram_v4_2/src"
make -C microblaze_0/libsrc/bram_v4_2/src -s include  "SHELL=CMD" "COMPILER=mb-gcc" "ARCHIVER=mb-ar" "COMPILER_FLAGS=  -O2 -c -mcpu=v10.0 -mlittle-endian -mxl-soft-mul" "EXTRA_COMPILER_FLAGS=-ffunction-sections -fdata-sections -Wall -Wextra"
"Running Make include in microblaze_0/libsrc/cpu_v2_7/src"
make -C microblaze_0/libsrc/cpu_v2_7/src -s include  "SHELL=CMD" "COMPILER=mb-gcc" "ARCHIVER=mb-ar" "COMPILER_FLAGS=  -O2 -c -mcpu=v10.0 -mlittle-endian -mxl-soft-mul" "EXTRA_COMPILER_FLAGS=-ffunction-sections -fdata-sections -Wall -Wextra"
"Running Make include in microblaze_0/libsrc/standalone_v6_7/src"
make -C microblaze_0/libsrc/standalone_v6_7/src -s include  "SHELL=CMD" "COMPILER=mb-gcc" "ARCHIVER=mb-ar" "COMPILER_FLAGS=  -O2 -c -mcpu=v10.0 -mlittle-endian -mxl-soft-mul" "EXTRA_COMPILER_FLAGS=-ffunction-sections -fdata-sections -Wall -Wextra"
"Running Make include in microblaze_0/libsrc/uartlite_v3_2/src"
make -C microblaze_0/libsrc/uartlite_v3_2/src -s include  "SHELL=CMD" "COMPILER=mb-gcc" "ARCHIVER=mb-ar" "COMPILER_FLAGS=  -O2 -c -mcpu=v10.0 -mlittle-endian -mxl-soft-mul" "EXTRA_COMPILER_FLAGS=-ffunction-sections -fdata-sections -Wall -Wextra"
"Running Make libs in microblaze_0/libsrc/bram_v4_2/src"
make -C microblaze_0/libsrc/bram_v4_2/src -s libs  "SHELL=CMD" "COMPILER=mb-gcc" "ARCHIVER=mb-ar" "COMPILER_FLAGS=  -O2 -c -mcpu=v10.0 -mlittle-endian -mxl-soft-mul" "EXTRA_COMPILER_FLAGS=-ffunction-sections -fdata-sections -Wall -Wextra"
"Compiling bram"
mb-ar: creating ../../../lib/libxil.a
"Running Make libs in microblaze_0/libsrc/cpu_v2_7/src"
make -C microblaze_0/libsrc/cpu_v2_7/src -s libs  "SHELL=CMD" "COMPILER=mb-gcc" "ARCHIVER=mb-ar" "COMPILER_FLAGS=  -O2 -c -mcpu=v10.0 -mlittle-endian -mxl-soft-mul" "EXTRA_COMPILER_FLAGS=-ffunction-sections -fdata-sections -Wall -Wextra"
"Compiling cpu"
"Running Make libs in microblaze_0/libsrc/standalone_v6_7/src"
make -C microblaze_0/libsrc/standalone_v6_7/src -s libs  "SHELL=CMD" "COMPILER=mb-gcc" "ARCHIVER=mb-ar" "COMPILER_FLAGS=  -O2 -c -mcpu=v10.0 -mlittle-endian -mxl-soft-mul" "EXTRA_COMPILER_FLAGS=-ffunction-sections -fdata-sections -Wall -Wextra"
"Compiling standalone";
microblaze_sleep.c:74:9: note: #pragma message: For the sleep routines, assembly instructions are used
 #pragma message ("For the sleep routines, assembly instructions are used")
         ^~~~~~~
"Running Make libs in microblaze_0/libsrc/uartlite_v3_2/src"
make -C microblaze_0/libsrc/uartlite_v3_2/src -s libs  "SHELL=CMD" "COMPILER=mb-gcc" "ARCHIVER=mb-ar" "COMPILER_FLAGS=  -O2 -c -mcpu=v10.0 -mlittle-endian -mxl-soft-mul" "EXTRA_COMPILER_FLAGS=-ffunction-sections -fdata-sections -Wall -Wextra"
"Compiling uartlite"
'Finished building libraries'

**** Build of configuration Debug for project final_project ****

Nothing to build for project final_project
19:47:35 **** Auto Build of configuration Debug for project final_project ****
make all 
'Building file: ../src/cnn.c'
'Invoking: MicroBlaze gcc compiler'
mb-gcc -Wall -O0 -g3 -c -fmessage-length=0 -MT"src/cnn.o" -I../../final_project_bsp/microblaze_0/include -mlittle-endian -mcpu=v10.0 -mxl-soft-mul -Wl,--no-relax -ffunction-sections -fdata-sections -MMD -MP -MF"src/cnn.d" -MT"src/cnn.o" -o "src/cnn.o" "../src/cnn.c"
'Finished building: ../src/cnn.c'
' '
'Building target: final_project.elf'
'Invoking: MicroBlaze gcc linker'
mb-gcc -Wl,-T -Wl,../src/lscript.ld -L../../final_project_bsp/microblaze_0/lib -mlittle-endian -mcpu=v10.0 -mxl-soft-mul -Wl,--no-relax -Wl,--gc-sections -o "final_project.elf"  ./src/cnn.o   -Wl,--start-group,-lxil,-lgcc,-lc,--end-group
c:/xilinx/sdk/2018.2/gnu/microblaze/nt/bin/../lib/gcc/microblaze-xilinx-elf/7.2.0/../../../../microblaze-xilinx-elf/lib/le/crtinit.o: In function `_crtinit':
(.text+0x78): undefined reference to `main'
collect2.exe: error: ld returned 1 exit status
make: *** [final_project.elf] Error 1
19:47:40 **** Auto Build of configuration Debug for project final_project ****
make all 
'Building file: ../src/cnn.c'
'Invoking: MicroBlaze gcc compiler'
mb-gcc -Wall -O0 -g3 -c -fmessage-length=0 -MT"src/cnn.o" -I../../final_project_bsp/microblaze_0/include -mlittle-endian -mcpu=v10.0 -mxl-soft-mul -Wl,--no-relax -ffunction-sections -fdata-sections -MMD -MP -MF"src/cnn.d" -MT"src/cnn.o" -o "src/cnn.o" "../src/cnn.c"
'Finished building: ../src/cnn.c'
' '
'Building target: final_project.elf'
'Invoking: MicroBlaze gcc linker'
mb-gcc -Wl,-T -Wl,../src/lscript.ld -L../../final_project_bsp/microblaze_0/lib -mlittle-endian -mcpu=v10.0 -mxl-soft-mul -Wl,--no-relax -Wl,--gc-sections -o "final_project.elf"  ./src/cnn.o   -Wl,--start-group,-lxil,-lgcc,-lc,--end-group
c:/xilinx/sdk/2018.2/gnu/microblaze/nt/bin/../lib/gcc/microblaze-xilinx-elf/7.2.0/../../../../microblaze-xilinx-elf/lib/le/crtinit.o: In function `_crtinit':
(.text+0x78): undefined reference to `main'
collect2.exe: error: ld returned 1 exit status
make: *** [final_project.elf] Error 1
19:47:49 **** Auto Build of configuration Debug for project final_project ****
make all 
'Building file: ../src/main.c'
'Invoking: MicroBlaze gcc compiler'
mb-gcc -Wall -O0 -g3 -c -fmessage-length=0 -MT"src/main.o" -I../../final_project_bsp/microblaze_0/include -mlittle-endian -mcpu=v10.0 -mxl-soft-mul -Wl,--no-relax -ffunction-sections -fdata-sections -MMD -MP -MF"src/main.d" -MT"src/main.o" -o "src/main.o" "../src/main.c"
'Finished building: ../src/main.c'
' '
'Building target: final_project.elf'
'Invoking: MicroBlaze gcc linker'
mb-gcc -Wl,-T -Wl,../src/lscript.ld -L../../final_project_bsp/microblaze_0/lib -mlittle-endian -mcpu=v10.0 -mxl-soft-mul -Wl,--no-relax -Wl,--gc-sections -o "final_project.elf"  ./src/cnn.o ./src/main.o   -Wl,--start-group,-lxil,-lgcc,-lc,--end-group
c:/xilinx/sdk/2018.2/gnu/microblaze/nt/bin/../lib/gcc/microblaze-xilinx-elf/7.2.0/../../../../microblaze-xilinx-elf/lib/le/crtinit.o: In function `_crtinit':
(.text+0x78): undefined reference to `main'
collect2.exe: error: ld returned 1 exit status
make: *** [final_project.elf] Error 1
19:48:18 **** Auto Build of configuration Debug for project final_project ****
make all 
'Building target: final_project.elf'
'Invoking: MicroBlaze gcc linker'
mb-gcc -Wl,-T -Wl,../src/lscript.ld -L../../final_project_bsp/microblaze_0/lib -mlittle-endian -mcpu=v10.0 -mxl-soft-mul -Wl,--no-relax -Wl,--gc-sections -o "final_project.elf"  ./src/cnn.o ./src/main.o   -Wl,--start-group,-lxil,-lgcc,-lc,--end-group
c:/xilinx/sdk/2018.2/gnu/microblaze/nt/bin/../lib/gcc/microblaze-xilinx-elf/7.2.0/../../../../microblaze-xilinx-elf/lib/le/crtinit.o: In function `_crtinit':
(.text+0x78): undefined reference to `main'
collect2.exe: error: ld returned 1 exit status
make: *** [final_project.elf] Error 1
19:52:28 **** Auto Build of configuration Debug for project final_project ****
make all 
'Building file: ../src/cnn.c'
'Invoking: MicroBlaze gcc compiler'
mb-gcc -Wall -O0 -g3 -c -fmessage-length=0 -MT"src/cnn.o" -I../../final_project_bsp/microblaze_0/include -mlittle-endian -mcpu=v10.0 -mxl-soft-mul -Wl,--no-relax -ffunction-sections -fdata-sections -MMD -MP -MF"src/cnn.d" -MT"src/cnn.o" -o "src/cnn.o" "../src/cnn.c"
../src/cnn.c:11:20: warning: 'conv1_out' defined but not used [-Wunused-variable]
 static signed char conv1_out[CONV1_OUT][14][14];
                    ^~~~~~~~~
'Finished building: ../src/cnn.c'
' '
'Building target: final_project.elf'
'Invoking: MicroBlaze gcc linker'
mb-gcc -Wl,-T -Wl,../src/lscript.ld -L../../final_project_bsp/microblaze_0/lib -mlittle-endian -mcpu=v10.0 -mxl-soft-mul -Wl,--no-relax -Wl,--gc-sections -o "final_project.elf"  ./src/cnn.o ./src/main.o   -Wl,--start-group,-lxil,-lgcc,-lc,--end-group
c:/xilinx/sdk/2018.2/gnu/microblaze/nt/bin/../lib/gcc/microblaze-xilinx-elf/7.2.0/../../../../microblaze-xilinx-elf/lib/le/crtinit.o: In function `_crtinit':
(.text+0x78): undefined reference to `main'
collect2.exe: error: ld returned 1 exit status
make: *** [final_project.elf] Error 1
19:53:36 **** Auto Build of configuration Debug for project final_project ****
make all 
'Building file: ../src/cnn.c'
'Invoking: MicroBlaze gcc compiler'
mb-gcc -Wall -O0 -g3 -c -fmessage-length=0 -MT"src/cnn.o" -I../../final_project_bsp/microblaze_0/include -mlittle-endian -mcpu=v10.0 -mxl-soft-mul -Wl,--no-relax -ffunction-sections -fdata-sections -MMD -MP -MF"src/cnn.d" -MT"src/cnn.o" -o "src/cnn.o" "../src/cnn.c"
../src/cnn.c:12:20: error: conflicting types for 'conv1_out'
 static signed char conv1_out[CONV2_OUT][7][7];
                    ^~~~~~~~~
../src/cnn.c:11:20: note: previous declaration of 'conv1_out' was here
 static signed char conv1_out[CONV1_OUT][14][14];
                    ^~~~~~~~~
../src/cnn.c:12:20: warning: 'conv1_out' defined but not used [-Wunused-variable]
 static signed char conv1_out[CONV2_OUT][7][7];
                    ^~~~~~~~~
../src/cnn.c:11:20: warning: 'conv1_out' defined but not used [-Wunused-variable]
 static signed char conv1_out[CONV1_OUT][14][14];
                    ^~~~~~~~~
make: *** [src/cnn.o] Error 1
19:54:11 **** Auto Build of configuration Debug for project final_project ****
make all 
'Building file: ../src/cnn.c'
'Invoking: MicroBlaze gcc compiler'
mb-gcc -Wall -O0 -g3 -c -fmessage-length=0 -MT"src/cnn.o" -I../../final_project_bsp/microblaze_0/include -mlittle-endian -mcpu=v10.0 -mxl-soft-mul -Wl,--no-relax -ffunction-sections -fdata-sections -MMD -MP -MF"src/cnn.d" -MT"src/cnn.o" -o "src/cnn.o" "../src/cnn.c"
../src/cnn.c:12:20: error: conflicting types for 'conv1_out'
 static signed char conv1_out[CONV2_OUT][7][7];
                    ^~~~~~~~~
../src/cnn.c:11:20: note: previous declaration of 'conv1_out' was here
 static signed char conv1_out[CONV1_OUT][14][14];
                    ^~~~~~~~~
../src/cnn.c:14:20: warning: 'fc2_out' defined but not used [-Wunused-variable]
 static signed char fc2_out[FC2_OUT];
                    ^~~~~~~
../src/cnn.c:13:20: warning: 'fc1_out' defined but not used [-Wunused-variable]
 static signed char fc1_out[FC1_OUT];
                    ^~~~~~~
../src/cnn.c:12:20: warning: 'conv1_out' defined but not used [-Wunused-variable]
 static signed char conv1_out[CONV2_OUT][7][7];
                    ^~~~~~~~~
../src/cnn.c:11:20: warning: 'conv1_out' defined but not used [-Wunused-variable]
 static signed char conv1_out[CONV1_OUT][14][14];
                    ^~~~~~~~~
make: *** [src/cnn.o] Error 1
19:54:57 **** Auto Build of configuration Debug for project final_project ****
make all 
'Building file: ../src/cnn.c'
'Invoking: MicroBlaze gcc compiler'
mb-gcc -Wall -O0 -g3 -c -fmessage-length=0 -MT"src/cnn.o" -I../../final_project_bsp/microblaze_0/include -mlittle-endian -mcpu=v10.0 -mxl-soft-mul -Wl,--no-relax -ffunction-sections -fdata-sections -MMD -MP -MF"src/cnn.d" -MT"src/cnn.o" -o "src/cnn.o" "../src/cnn.c"
../src/cnn.c:12:20: error: conflicting types for 'conv1_out'
 static signed char conv1_out[CONV2_OUT][7][7];
                    ^~~~~~~~~
../src/cnn.c:11:20: note: previous declaration of 'conv1_out' was here
 static signed char conv1_out[CONV1_OUT][14][14];
                    ^~~~~~~~~
../src/cnn.c:16:20: warning: 'relu' defined but not used [-Wunused-function]
 static signed char relu(int x) {
                    ^~~~
../src/cnn.c:14:20: warning: 'fc2_out' defined but not used [-Wunused-variable]
 static signed char fc2_out[FC2_OUT];
                    ^~~~~~~
../src/cnn.c:13:20: warning: 'fc1_out' defined but not used [-Wunused-variable]
 static signed char fc1_out[FC1_OUT];
                    ^~~~~~~
../src/cnn.c:12:20: warning: 'conv1_out' defined but not used [-Wunused-variable]
 static signed char conv1_out[CONV2_OUT][7][7];
                    ^~~~~~~~~
../src/cnn.c:11:20: warning: 'conv1_out' defined but not used [-Wunused-variable]
 static signed char conv1_out[CONV1_OUT][14][14];
                    ^~~~~~~~~
make: *** [src/cnn.o] Error 1
19:55:00 **** Auto Build of configuration Debug for project final_project ****
make all 
'Building file: ../src/cnn.c'
'Invoking: MicroBlaze gcc compiler'
mb-gcc -Wall -O0 -g3 -c -fmessage-length=0 -MT"src/cnn.o" -I../../final_project_bsp/microblaze_0/include -mlittle-endian -mcpu=v10.0 -mxl-soft-mul -Wl,--no-relax -ffunction-sections -fdata-sections -MMD -MP -MF"src/cnn.d" -MT"src/cnn.o" -o "src/cnn.o" "../src/cnn.c"
../src/cnn.c:12:20: error: conflicting types for 'conv1_out'
 static signed char conv1_out[CONV2_OUT][7][7];
                    ^~~~~~~~~
../src/cnn.c:11:20: note: previous declaration of 'conv1_out' was here
 static signed char conv1_out[CONV1_OUT][14][14];
                    ^~~~~~~~~
../src/cnn.c:16:20: warning: 'relu' defined but not used [-Wunused-function]
 static signed char relu(int x) {
                    ^~~~
../src/cnn.c:14:20: warning: 'fc2_out' defined but not used [-Wunused-variable]
 static signed char fc2_out[FC2_OUT];
                    ^~~~~~~
../src/cnn.c:13:20: warning: 'fc1_out' defined but not used [-Wunused-variable]
 static signed char fc1_out[FC1_OUT];
                    ^~~~~~~
../src/cnn.c:12:20: warning: 'conv1_out' defined but not used [-Wunused-variable]
 static signed char conv1_out[CONV2_OUT][7][7];
                    ^~~~~~~~~
../src/cnn.c:11:20: warning: 'conv1_out' defined but not used [-Wunused-variable]
 static signed char conv1_out[CONV1_OUT][14][14];
                    ^~~~~~~~~
make: *** [src/cnn.o] Error 1
19:55:47 **** Auto Build of configuration Debug for project final_project ****
make all 
'Building file: ../src/cnn.c'
'Invoking: MicroBlaze gcc compiler'
mb-gcc -Wall -O0 -g3 -c -fmessage-length=0 -MT"src/cnn.o" -I../../final_project_bsp/microblaze_0/include -mlittle-endian -mcpu=v10.0 -mxl-soft-mul -Wl,--no-relax -ffunction-sections -fdata-sections -MMD -MP -MF"src/cnn.d" -MT"src/cnn.o" -o "src/cnn.o" "../src/cnn.c"
../src/cnn.c:12:20: error: conflicting types for 'conv1_out'
 static signed char conv1_out[CONV2_OUT][7][7];
                    ^~~~~~~~~
../src/cnn.c:11:20: note: previous declaration of 'conv1_out' was here
 static signed char conv1_out[CONV1_OUT][14][14];
                    ^~~~~~~~~
../src/cnn.c:16:20: warning: 'relu' defined but not used [-Wunused-function]
 static signed char relu(int x) {
                    ^~~~
../src/cnn.c:14:20: warning: 'fc2_out' defined but not used [-Wunused-variable]
 static signed char fc2_out[FC2_OUT];
                    ^~~~~~~
../src/cnn.c:13:20: warning: 'fc1_out' defined but not used [-Wunused-variable]
 static signed char fc1_out[FC1_OUT];
                    ^~~~~~~
../src/cnn.c:12:20: warning: 'conv1_out' defined but not used [-Wunused-variable]
 static signed char conv1_out[CONV2_OUT][7][7];
                    ^~~~~~~~~
../src/cnn.c:11:20: warning: 'conv1_out' defined but not used [-Wunused-variable]
 static signed char conv1_out[CONV1_OUT][14][14];
                    ^~~~~~~~~
make: *** [src/cnn.o] Error 1
19:55:51 **** Auto Build of configuration Debug for project final_project ****
make all 
'Building file: ../src/cnn.c'
'Invoking: MicroBlaze gcc compiler'
mb-gcc -Wall -O0 -g3 -c -fmessage-length=0 -MT"src/cnn.o" -I../../final_project_bsp/microblaze_0/include -mlittle-endian -mcpu=v10.0 -mxl-soft-mul -Wl,--no-relax -ffunction-sections -fdata-sections -MMD -MP -MF"src/cnn.d" -MT"src/cnn.o" -o "src/cnn.o" "../src/cnn.c"
../src/cnn.c:12:20: error: conflicting types for 'conv1_out'
 static signed char conv1_out[CONV2_OUT][7][7];
                    ^~~~~~~~~
../src/cnn.c:11:20: note: previous declaration of 'conv1_out' was here
 static signed char conv1_out[CONV1_OUT][14][14];
                    ^~~~~~~~~
../src/cnn.c:16:20: warning: 'relu' defined but not used [-Wunused-function]
 static signed char relu(int x) {
                    ^~~~
../src/cnn.c:14:20: warning: 'fc2_out' defined but not used [-Wunused-variable]
 static signed char fc2_out[FC2_OUT];
                    ^~~~~~~
../src/cnn.c:13:20: warning: 'fc1_out' defined but not used [-Wunused-variable]
 static signed char fc1_out[FC1_OUT];
                    ^~~~~~~
../src/cnn.c:12:20: warning: 'conv1_out' defined but not used [-Wunused-variable]
 static signed char conv1_out[CONV2_OUT][7][7];
                    ^~~~~~~~~
../src/cnn.c:11:20: warning: 'conv1_out' defined but not used [-Wunused-variable]
 static signed char conv1_out[CONV1_OUT][14][14];
                    ^~~~~~~~~
make: *** [src/cnn.o] Error 1
19:56:42 **** Auto Build of configuration Debug for project final_project ****
make all 
'Building file: ../src/cnn.c'
'Invoking: MicroBlaze gcc compiler'
mb-gcc -Wall -O0 -g3 -c -fmessage-length=0 -MT"src/cnn.o" -I../../final_project_bsp/microblaze_0/include -mlittle-endian -mcpu=v10.0 -mxl-soft-mul -Wl,--no-relax -ffunction-sections -fdata-sections -MMD -MP -MF"src/cnn.d" -MT"src/cnn.o" -o "src/cnn.o" "../src/cnn.c"
../src/cnn.c:12:20: error: conflicting types for 'conv1_out'
 static signed char conv1_out[CONV2_OUT][7][7];
                    ^~~~~~~~~
../src/cnn.c:11:20: note: previous declaration of 'conv1_out' was here
 static signed char conv1_out[CONV1_OUT][14][14];
                    ^~~~~~~~~
../src/cnn.c:28:20: warning: 'clamp' defined but not used [-Wunused-function]
 static signed char clamp(int x) {
                    ^~~~~
../src/cnn.c:16:20: warning: 'relu' defined but not used [-Wunused-function]
 static signed char relu(int x) {
                    ^~~~
../src/cnn.c:14:20: warning: 'fc2_out' defined but not used [-Wunused-variable]
 static signed char fc2_out[FC2_OUT];
                    ^~~~~~~
../src/cnn.c:13:20: warning: 'fc1_out' defined but not used [-Wunused-variable]
 static signed char fc1_out[FC1_OUT];
                    ^~~~~~~
../src/cnn.c:12:20: warning: 'conv1_out' defined but not used [-Wunused-variable]
 static signed char conv1_out[CONV2_OUT][7][7];
                    ^~~~~~~~~
../src/cnn.c:11:20: warning: 'conv1_out' defined but not used [-Wunused-variable]
 static signed char conv1_out[CONV1_OUT][14][14];
                    ^~~~~~~~~
make: *** [src/cnn.o] Error 1
19:56:59 **** Auto Build of configuration Debug for project final_project ****
make all 
'Building file: ../src/cnn.c'
'Invoking: MicroBlaze gcc compiler'
mb-gcc -Wall -O0 -g3 -c -fmessage-length=0 -MT"src/cnn.o" -I../../final_project_bsp/microblaze_0/include -mlittle-endian -mcpu=v10.0 -mxl-soft-mul -Wl,--no-relax -ffunction-sections -fdata-sections -MMD -MP -MF"src/cnn.d" -MT"src/cnn.o" -o "src/cnn.o" "../src/cnn.c"
../src/cnn.c:12:20: error: conflicting types for 'conv1_out'
 static signed char conv1_out[CONV2_OUT][7][7];
                    ^~~~~~~~~
../src/cnn.c:11:20: note: previous declaration of 'conv1_out' was here
 static signed char conv1_out[CONV1_OUT][14][14];
                    ^~~~~~~~~
../src/cnn.c:29:20: warning: 'clamp' defined but not used [-Wunused-function]
 static signed char clamp(int x) {
                    ^~~~~
../src/cnn.c:17:20: warning: 'relu' defined but not used [-Wunused-function]
 static signed char relu(int x) {
                    ^~~~
../src/cnn.c:14:20: warning: 'fc2_out' defined but not used [-Wunused-variable]
 static signed char fc2_out[FC2_OUT];
                    ^~~~~~~
../src/cnn.c:13:20: warning: 'fc1_out' defined but not used [-Wunused-variable]
 static signed char fc1_out[FC1_OUT];
                    ^~~~~~~
../src/cnn.c:12:20: warning: 'conv1_out' defined but not used [-Wunused-variable]
 static signed char conv1_out[CONV2_OUT][7][7];
                    ^~~~~~~~~
../src/cnn.c:11:20: warning: 'conv1_out' defined but not used [-Wunused-variable]
 static signed char conv1_out[CONV1_OUT][14][14];
                    ^~~~~~~~~
make: *** [src/cnn.o] Error 1
20:00:05 **** Auto Build of configuration Debug for project final_project ****
make all 
'Building file: ../src/cnn.c'
'Invoking: MicroBlaze gcc compiler'
mb-gcc -Wall -O0 -g3 -c -fmessage-length=0 -MT"src/cnn.o" -I../../final_project_bsp/microblaze_0/include -mlittle-endian -mcpu=v10.0 -mxl-soft-mul -Wl,--no-relax -ffunction-sections -fdata-sections -MMD -MP -MF"src/cnn.d" -MT"src/cnn.o" -o "src/cnn.o" "../src/cnn.c"
../src/cnn.c:12:20: error: conflicting types for 'conv1_out'
 static signed char conv1_out[CONV2_OUT][7][7];
                    ^~~~~~~~~
../src/cnn.c:11:20: note: previous declaration of 'conv1_out' was here
 static signed char conv1_out[CONV1_OUT][14][14];
                    ^~~~~~~~~
../src/cnn.c: In function 'conv_relu_pool':
../src/cnn.c:41:5: error: expected '{' at end of input
     signed char output[][14][14], int out_h, int out_w)
     ^~~~~~
At top level:
../src/cnn.c:29:20: warning: 'clamp' defined but not used [-Wunused-function]
 static signed char clamp(int x) {
                    ^~~~~
../src/cnn.c:17:20: warning: 'relu' defined but not used [-Wunused-function]
 static signed char relu(int x) {
                    ^~~~
../src/cnn.c:14:20: warning: 'fc2_out' defined but not used [-Wunused-variable]
 static signed char fc2_out[FC2_OUT];
                    ^~~~~~~
../src/cnn.c:13:20: warning: 'fc1_out' defined but not used [-Wunused-variable]
 static signed char fc1_out[FC1_OUT];
                    ^~~~~~~
../src/cnn.c:12:20: warning: 'conv1_out' defined but not used [-Wunused-variable]
 static signed char conv1_out[CONV2_OUT][7][7];
                    ^~~~~~~~~
../src/cnn.c:11:20: warning: 'conv1_out' defined but not used [-Wunused-variable]
 static signed char conv1_out[CONV1_OUT][14][14];
                    ^~~~~~~~~
make: *** [src/cnn.o] Error 1
20:00:33 **** Auto Build of configuration Debug for project final_project ****
make all 
'Building file: ../src/cnn.c'
'Invoking: MicroBlaze gcc compiler'
mb-gcc -Wall -O0 -g3 -c -fmessage-length=0 -MT"src/cnn.o" -I../../final_project_bsp/microblaze_0/include -mlittle-endian -mcpu=v10.0 -mxl-soft-mul -Wl,--no-relax -ffunction-sections -fdata-sections -MMD -MP -MF"src/cnn.d" -MT"src/cnn.o" -o "src/cnn.o" "../src/cnn.c"
../src/cnn.c:12:20: error: conflicting types for 'conv1_out'
 static signed char conv1_out[CONV2_OUT][7][7];
                    ^~~~~~~~~
../src/cnn.c:11:20: note: previous declaration of 'conv1_out' was here
 static signed char conv1_out[CONV1_OUT][14][14];
                    ^~~~~~~~~
../src/cnn.c:29:20: warning: 'clamp' defined but not used [-Wunused-function]
 static signed char clamp(int x) {
                    ^~~~~
../src/cnn.c:17:20: warning: 'relu' defined but not used [-Wunused-function]
 static signed char relu(int x) {
                    ^~~~
../src/cnn.c:14:20: warning: 'fc2_out' defined but not used [-Wunused-variable]
 static signed char fc2_out[FC2_OUT];
                    ^~~~~~~
../src/cnn.c:13:20: warning: 'fc1_out' defined but not used [-Wunused-variable]
 static signed char fc1_out[FC1_OUT];
                    ^~~~~~~
../src/cnn.c:12:20: warning: 'conv1_out' defined but not used [-Wunused-variable]
 static signed char conv1_out[CONV2_OUT][7][7];
                    ^~~~~~~~~
../src/cnn.c:11:20: warning: 'conv1_out' defined but not used [-Wunused-variable]
 static signed char conv1_out[CONV1_OUT][14][14];
                    ^~~~~~~~~
make: *** [src/cnn.o] Error 1
20:04:02 **** Auto Build of configuration Debug for project final_project ****
make all 
'Building file: ../src/cnn.c'
'Invoking: MicroBlaze gcc compiler'
mb-gcc -Wall -O0 -g3 -c -fmessage-length=0 -MT"src/cnn.o" -I../../final_project_bsp/microblaze_0/include -mlittle-endian -mcpu=v10.0 -mxl-soft-mul -Wl,--no-relax -ffunction-sections -fdata-sections -MMD -MP -MF"src/cnn.d" -MT"src/cnn.o" -o "src/cnn.o" "../src/cnn.c"
../src/cnn.c:12:20: error: conflicting types for 'conv1_out'
 static signed char conv1_out[CONV2_OUT][7][7];
                    ^~~~~~~~~
../src/cnn.c:11:20: note: previous declaration of 'conv1_out' was here
 static signed char conv1_out[CONV1_OUT][14][14];
                    ^~~~~~~~~
../src/cnn.c: In function 'conv2d':
../src/cnn.c:42:2: error: expected '{' at end of input
  signed char output[][28][28])
  ^~~~~~
At top level:
../src/cnn.c:29:20: warning: 'clamp' defined but not used [-Wunused-function]
 static signed char clamp(int x) {
                    ^~~~~
../src/cnn.c:17:20: warning: 'relu' defined but not used [-Wunused-function]
 static signed char relu(int x) {
                    ^~~~
../src/cnn.c:14:20: warning: 'fc2_out' defined but not used [-Wunused-variable]
 static signed char fc2_out[FC2_OUT];
                    ^~~~~~~
../src/cnn.c:13:20: warning: 'fc1_out' defined but not used [-Wunused-variable]
 static signed char fc1_out[FC1_OUT];
                    ^~~~~~~
../src/cnn.c:12:20: warning: 'conv1_out' defined but not used [-Wunused-variable]
 static signed char conv1_out[CONV2_OUT][7][7];
                    ^~~~~~~~~
../src/cnn.c:11:20: warning: 'conv1_out' defined but not used [-Wunused-variable]
 static signed char conv1_out[CONV1_OUT][14][14];
                    ^~~~~~~~~
make: *** [src/cnn.o] Error 1
20:04:23 **** Auto Build of configuration Debug for project final_project ****
make all 
'Building file: ../src/cnn.c'
'Invoking: MicroBlaze gcc compiler'
mb-gcc -Wall -O0 -g3 -c -fmessage-length=0 -MT"src/cnn.o" -I../../final_project_bsp/microblaze_0/include -mlittle-endian -mcpu=v10.0 -mxl-soft-mul -Wl,--no-relax -ffunction-sections -fdata-sections -MMD -MP -MF"src/cnn.d" -MT"src/cnn.o" -o "src/cnn.o" "../src/cnn.c"
../src/cnn.c:12:20: error: conflicting types for 'conv1_out'
 static signed char conv1_out[CONV2_OUT][7][7];
                    ^~~~~~~~~
../src/cnn.c:11:20: note: previous declaration of 'conv1_out' was here
 static signed char conv1_out[CONV1_OUT][14][14];
                    ^~~~~~~~~
../src/cnn.c: In function 'conv2d':
../src/cnn.c:46:1: error: expected '(' before '}' token
 }
 ^
At top level:
../src/cnn.c:29:20: warning: 'clamp' defined but not used [-Wunused-function]
 static signed char clamp(int x) {
                    ^~~~~
../src/cnn.c:17:20: warning: 'relu' defined but not used [-Wunused-function]
 static signed char relu(int x) {
                    ^~~~
../src/cnn.c:14:20: warning: 'fc2_out' defined but not used [-Wunused-variable]
 static signed char fc2_out[FC2_OUT];
                    ^~~~~~~
../src/cnn.c:13:20: warning: 'fc1_out' defined but not used [-Wunused-variable]
 static signed char fc1_out[FC1_OUT];
                    ^~~~~~~
../src/cnn.c:12:20: warning: 'conv1_out' defined but not used [-Wunused-variable]
 static signed char conv1_out[CONV2_OUT][7][7];
                    ^~~~~~~~~
../src/cnn.c:11:20: warning: 'conv1_out' defined but not used [-Wunused-variable]
 static signed char conv1_out[CONV1_OUT][14][14];
                    ^~~~~~~~~
make: *** [src/cnn.o] Error 1
20:06:00 **** Auto Build of configuration Debug for project final_project ****
make all 
'Building file: ../src/cnn.c'
'Invoking: MicroBlaze gcc compiler'
mb-gcc -Wall -O0 -g3 -c -fmessage-length=0 -MT"src/cnn.o" -I../../final_project_bsp/microblaze_0/include -mlittle-endian -mcpu=v10.0 -mxl-soft-mul -Wl,--no-relax -ffunction-sections -fdata-sections -MMD -MP -MF"src/cnn.d" -MT"src/cnn.o" -o "src/cnn.o" "../src/cnn.c"
../src/cnn.c:12:20: error: conflicting types for 'conv1_out'
 static signed char conv1_out[CONV2_OUT][7][7];
                    ^~~~~~~~~
../src/cnn.c:11:20: note: previous declaration of 'conv1_out' was here
 static signed char conv1_out[CONV1_OUT][14][14];
                    ^~~~~~~~~
../src/cnn.c: In function 'conv2d':
../src/cnn.c:47:9: warning: unused variable 'acc' [-Wunused-variable]
     int acc = (int)((float)bias[i] * b_scale / out_scale);
         ^~~
At top level:
../src/cnn.c:29:20: warning: 'clamp' defined but not used [-Wunused-function]
 static signed char clamp(int x) {
                    ^~~~~
../src/cnn.c:17:20: warning: 'relu' defined but not used [-Wunused-function]
 static signed char relu(int x) {
                    ^~~~
../src/cnn.c:14:20: warning: 'fc2_out' defined but not used [-Wunused-variable]
 static signed char fc2_out[FC2_OUT];
                    ^~~~~~~
../src/cnn.c:13:20: warning: 'fc1_out' defined but not used [-Wunused-variable]
 static signed char fc1_out[FC1_OUT];
                    ^~~~~~~
../src/cnn.c:12:20: warning: 'conv1_out' defined but not used [-Wunused-variable]
 static signed char conv1_out[CONV2_OUT][7][7];
                    ^~~~~~~~~
../src/cnn.c:11:20: warning: 'conv1_out' defined but not used [-Wunused-variable]
 static signed char conv1_out[CONV1_OUT][14][14];
                    ^~~~~~~~~
make: *** [src/cnn.o] Error 1
20:16:15 **** Auto Build of configuration Debug for project final_project ****
make all 
'Building file: ../src/cnn.c'
'Invoking: MicroBlaze gcc compiler'
mb-gcc -Wall -O0 -g3 -c -fmessage-length=0 -MT"src/cnn.o" -I../../final_project_bsp/microblaze_0/include -mlittle-endian -mcpu=v10.0 -mxl-soft-mul -Wl,--no-relax -ffunction-sections -fdata-sections -MMD -MP -MF"src/cnn.d" -MT"src/cnn.o" -o "src/cnn.o" "../src/cnn.c"
../src/cnn.c:12:20: error: conflicting types for 'conv1_out'
 static signed char conv1_out[CONV2_OUT][7][7];
                    ^~~~~~~~~
../src/cnn.c:11:20: note: previous declaration of 'conv1_out' was here
 static signed char conv1_out[CONV1_OUT][14][14];
                    ^~~~~~~~~
../src/cnn.c: In function 'conv2d':
../src/cnn.c:56:8: error: expected ';' before '}' token
        }
        ^
../src/cnn.c:57:19: error: expected declaration specifiers or '...' before '(' token
        int w_idx ((i * in_ch * ic) * 3 + ky) * 3 + kx;
                   ^
../src/cnn.c:58:48: error: 'w_idx' undeclared (first use in this function)
        acc += (int)input[ic][iy][ix] * weights[w_idx]
                                                ^~~~~
../src/cnn.c:58:48: note: each undeclared identifier is reported only once for each function it appears in
../src/cnn.c:60:7: error: expected ';' before '}' token
       }
       ^
../src/cnn.c:47:9: warning: variable 'acc' set but not used [-Wunused-but-set-variable]
     int acc = (int)((float)bias[i] * b_scale / out_scale);
         ^~~
At top level:
../src/cnn.c:29:20: warning: 'clamp' defined but not used [-Wunused-function]
 static signed char clamp(int x) {
                    ^~~~~
../src/cnn.c:17:20: warning: 'relu' defined but not used [-Wunused-function]
 static signed char relu(int x) {
                    ^~~~
../src/cnn.c:14:20: warning: 'fc2_out' defined but not used [-Wunused-variable]
 static signed char fc2_out[FC2_OUT];
                    ^~~~~~~
../src/cnn.c:13:20: warning: 'fc1_out' defined but not used [-Wunused-variable]
 static signed char fc1_out[FC1_OUT];
                    ^~~~~~~
../src/cnn.c:12:20: warning: 'conv1_out' defined but not used [-Wunused-variable]
 static signed char conv1_out[CONV2_OUT][7][7];
                    ^~~~~~~~~
../src/cnn.c:11:20: warning: 'conv1_out' defined but not used [-Wunused-variable]
 static signed char conv1_out[CONV1_OUT][14][14];
                    ^~~~~~~~~
make: *** [src/cnn.o] Error 1
20:16:26 **** Auto Build of configuration Debug for project final_project ****
make all 
'Building file: ../src/cnn.c'
'Invoking: MicroBlaze gcc compiler'
mb-gcc -Wall -O0 -g3 -c -fmessage-length=0 -MT"src/cnn.o" -I../../final_project_bsp/microblaze_0/include -mlittle-endian -mcpu=v10.0 -mxl-soft-mul -Wl,--no-relax -ffunction-sections -fdata-sections -MMD -MP -MF"src/cnn.d" -MT"src/cnn.o" -o "src/cnn.o" "../src/cnn.c"
../src/cnn.c:12:20: error: conflicting types for 'conv1_out'
 static signed char conv1_out[CONV2_OUT][7][7];
                    ^~~~~~~~~
../src/cnn.c:11:20: note: previous declaration of 'conv1_out' was here
 static signed char conv1_out[CONV1_OUT][14][14];
                    ^~~~~~~~~
../src/cnn.c: In function 'conv2d':
../src/cnn.c:56:8: error: expected ';' before '}' token
        }
        ^
../src/cnn.c:57:19: error: expected declaration specifiers or '...' before '(' token
        int w_idx ((i * in_ch * ic) * 3 + ky) * 3 + kx;
                   ^
../src/cnn.c:58:48: error: 'w_idx' undeclared (first use in this function)
        acc += (int)input[ic][iy][ix] * weights[w_idx];
                                                ^~~~~
../src/cnn.c:58:48: note: each undeclared identifier is reported only once for each function it appears in
../src/cnn.c:47:9: warning: variable 'acc' set but not used [-Wunused-but-set-variable]
     int acc = (int)((float)bias[i] * b_scale / out_scale);
         ^~~
At top level:
../src/cnn.c:29:20: warning: 'clamp' defined but not used [-Wunused-function]
 static signed char clamp(int x) {
                    ^~~~~
../src/cnn.c:17:20: warning: 'relu' defined but not used [-Wunused-function]
 static signed char relu(int x) {
                    ^~~~
../src/cnn.c:14:20: warning: 'fc2_out' defined but not used [-Wunused-variable]
 static signed char fc2_out[FC2_OUT];
                    ^~~~~~~
../src/cnn.c:13:20: warning: 'fc1_out' defined but not used [-Wunused-variable]
 static signed char fc1_out[FC1_OUT];
                    ^~~~~~~
../src/cnn.c:12:20: warning: 'conv1_out' defined but not used [-Wunused-variable]
 static signed char conv1_out[CONV2_OUT][7][7];
                    ^~~~~~~~~
../src/cnn.c:11:20: warning: 'conv1_out' defined but not used [-Wunused-variable]
 static signed char conv1_out[CONV1_OUT][14][14];
                    ^~~~~~~~~
make: *** [src/cnn.o] Error 1
20:16:31 **** Auto Build of configuration Debug for project final_project ****
make all 
'Building file: ../src/cnn.c'
'Invoking: MicroBlaze gcc compiler'
mb-gcc -Wall -O0 -g3 -c -fmessage-length=0 -MT"src/cnn.o" -I../../final_project_bsp/microblaze_0/include -mlittle-endian -mcpu=v10.0 -mxl-soft-mul -Wl,--no-relax -ffunction-sections -fdata-sections -MMD -MP -MF"src/cnn.d" -MT"src/cnn.o" -o "src/cnn.o" "../src/cnn.c"
../src/cnn.c:12:20: error: conflicting types for 'conv1_out'
 static signed char conv1_out[CONV2_OUT][7][7];
                    ^~~~~~~~~
../src/cnn.c:11:20: note: previous declaration of 'conv1_out' was here
 static signed char conv1_out[CONV1_OUT][14][14];
                    ^~~~~~~~~
../src/cnn.c: In function 'conv2d':
../src/cnn.c:56:8: error: expected ';' before '}' token
        }
        ^
At top level:
../src/cnn.c:29:20: warning: 'clamp' defined but not used [-Wunused-function]
 static signed char clamp(int x) {
                    ^~~~~
../src/cnn.c:17:20: warning: 'relu' defined but not used [-Wunused-function]
 static signed char relu(int x) {
                    ^~~~
../src/cnn.c:14:20: warning: 'fc2_out' defined but not used [-Wunused-variable]
 static signed char fc2_out[FC2_OUT];
                    ^~~~~~~
../src/cnn.c:13:20: warning: 'fc1_out' defined but not used [-Wunused-variable]
 static signed char fc1_out[FC1_OUT];
                    ^~~~~~~
../src/cnn.c:12:20: warning: 'conv1_out' defined but not used [-Wunused-variable]
 static signed char conv1_out[CONV2_OUT][7][7];
                    ^~~~~~~~~
../src/cnn.c:11:20: warning: 'conv1_out' defined but not used [-Wunused-variable]
 static signed char conv1_out[CONV1_OUT][14][14];
                    ^~~~~~~~~
make: *** [src/cnn.o] Error 1
20:17:20 **** Auto Build of configuration Debug for project final_project ****
make all 
'Building file: ../src/cnn.c'
'Invoking: MicroBlaze gcc compiler'
mb-gcc -Wall -O0 -g3 -c -fmessage-length=0 -MT"src/cnn.o" -I../../final_project_bsp/microblaze_0/include -mlittle-endian -mcpu=v10.0 -mxl-soft-mul -Wl,--no-relax -ffunction-sections -fdata-sections -MMD -MP -MF"src/cnn.d" -MT"src/cnn.o" -o "src/cnn.o" "../src/cnn.c"
../src/cnn.c:12:20: error: conflicting types for 'conv1_out'
 static signed char conv1_out[CONV2_OUT][7][7];
                    ^~~~~~~~~
../src/cnn.c:11:20: note: previous declaration of 'conv1_out' was here
 static signed char conv1_out[CONV1_OUT][14][14];
                    ^~~~~~~~~
../src/cnn.c: In function 'conv2d':
../src/cnn.c:56:8: error: expected ';' before '}' token
        }
        ^
At top level:
../src/cnn.c:17:20: warning: 'relu' defined but not used [-Wunused-function]
 static signed char relu(int x) {
                    ^~~~
../src/cnn.c:14:20: warning: 'fc2_out' defined but not used [-Wunused-variable]
 static signed char fc2_out[FC2_OUT];
                    ^~~~~~~
../src/cnn.c:13:20: warning: 'fc1_out' defined but not used [-Wunused-variable]
 static signed char fc1_out[FC1_OUT];
                    ^~~~~~~
../src/cnn.c:12:20: warning: 'conv1_out' defined but not used [-Wunused-variable]
 static signed char conv1_out[CONV2_OUT][7][7];
                    ^~~~~~~~~
../src/cnn.c:11:20: warning: 'conv1_out' defined but not used [-Wunused-variable]
 static signed char conv1_out[CONV1_OUT][14][14];
                    ^~~~~~~~~
make: *** [src/cnn.o] Error 1
20:17:34 **** Auto Build of configuration Debug for project final_project ****
make all 
'Building file: ../src/cnn.c'
'Invoking: MicroBlaze gcc compiler'
mb-gcc -Wall -O0 -g3 -c -fmessage-length=0 -MT"src/cnn.o" -I../../final_project_bsp/microblaze_0/include -mlittle-endian -mcpu=v10.0 -mxl-soft-mul -Wl,--no-relax -ffunction-sections -fdata-sections -MMD -MP -MF"src/cnn.d" -MT"src/cnn.o" -o "src/cnn.o" "../src/cnn.c"
../src/cnn.c:12:20: error: conflicting types for 'conv1_out'
 static signed char conv1_out[CONV2_OUT][7][7];
                    ^~~~~~~~~
../src/cnn.c:11:20: note: previous declaration of 'conv1_out' was here
 static signed char conv1_out[CONV1_OUT][14][14];
                    ^~~~~~~~~
../src/cnn.c: In function 'conv2d':
../src/cnn.c:56:8: error: expected ';' before '}' token
        }
        ^
At top level:
../src/cnn.c:17:20: warning: 'relu' defined but not used [-Wunused-function]
 static signed char relu(int x) {
                    ^~~~
../src/cnn.c:14:20: warning: 'fc2_out' defined but not used [-Wunused-variable]
 static signed char fc2_out[FC2_OUT];
                    ^~~~~~~
../src/cnn.c:13:20: warning: 'fc1_out' defined but not used [-Wunused-variable]
 static signed char fc1_out[FC1_OUT];
                    ^~~~~~~
../src/cnn.c:12:20: warning: 'conv1_out' defined but not used [-Wunused-variable]
 static signed char conv1_out[CONV2_OUT][7][7];
                    ^~~~~~~~~
../src/cnn.c:11:20: warning: 'conv1_out' defined but not used [-Wunused-variable]
 static signed char conv1_out[CONV1_OUT][14][14];
                    ^~~~~~~~~
make: *** [src/cnn.o] Error 1
20:17:51 **** Auto Build of configuration Debug for project final_project ****
make all 
'Building file: ../src/cnn.c'
'Invoking: MicroBlaze gcc compiler'
mb-gcc -Wall -O0 -g3 -c -fmessage-length=0 -MT"src/cnn.o" -I../../final_project_bsp/microblaze_0/include -mlittle-endian -mcpu=v10.0 -mxl-soft-mul -Wl,--no-relax -ffunction-sections -fdata-sections -MMD -MP -MF"src/cnn.d" -MT"src/cnn.o" -o "src/cnn.o" "../src/cnn.c"
../src/cnn.c:12:20: error: conflicting types for 'conv1_out'
 static signed char conv1_out[CONV2_OUT][7][7];
                    ^~~~~~~~~
../src/cnn.c:11:20: note: previous declaration of 'conv1_out' was here
 static signed char conv1_out[CONV1_OUT][14][14];
                    ^~~~~~~~~
../src/cnn.c:17:20: warning: 'relu' defined but not used [-Wunused-function]
 static signed char relu(int x) {
                    ^~~~
../src/cnn.c:14:20: warning: 'fc2_out' defined but not used [-Wunused-variable]
 static signed char fc2_out[FC2_OUT];
                    ^~~~~~~
../src/cnn.c:13:20: warning: 'fc1_out' defined but not used [-Wunused-variable]
 static signed char fc1_out[FC1_OUT];
                    ^~~~~~~
../src/cnn.c:12:20: warning: 'conv1_out' defined but not used [-Wunused-variable]
 static signed char conv1_out[CONV2_OUT][7][7];
                    ^~~~~~~~~
../src/cnn.c:11:20: warning: 'conv1_out' defined but not used [-Wunused-variable]
 static signed char conv1_out[CONV1_OUT][14][14];
                    ^~~~~~~~~
make: *** [src/cnn.o] Error 1
20:18:26 **** Auto Build of configuration Debug for project final_project ****
make all 
'Building file: ../src/cnn.c'
'Invoking: MicroBlaze gcc compiler'
mb-gcc -Wall -O0 -g3 -c -fmessage-length=0 -MT"src/cnn.o" -I../../final_project_bsp/microblaze_0/include -mlittle-endian -mcpu=v10.0 -mxl-soft-mul -Wl,--no-relax -ffunction-sections -fdata-sections -MMD -MP -MF"src/cnn.d" -MT"src/cnn.o" -o "src/cnn.o" "../src/cnn.c"
../src/cnn.c:12:20: error: conflicting types for 'conv1_out'
 static signed char conv1_out[CONV2_OUT][7][7];
                    ^~~~~~~~~
../src/cnn.c:11:20: note: previous declaration of 'conv1_out' was here
 static signed char conv1_out[CONV1_OUT][14][14];
                    ^~~~~~~~~
../src/cnn.c:17:20: warning: 'relu' defined but not used [-Wunused-function]
 static signed char relu(int x) {
                    ^~~~
../src/cnn.c:14:20: warning: 'fc2_out' defined but not used [-Wunused-variable]
 static signed char fc2_out[FC2_OUT];
                    ^~~~~~~
../src/cnn.c:13:20: warning: 'fc1_out' defined but not used [-Wunused-variable]
 static signed char fc1_out[FC1_OUT];
                    ^~~~~~~
../src/cnn.c:12:20: warning: 'conv1_out' defined but not used [-Wunused-variable]
 static signed char conv1_out[CONV2_OUT][7][7];
                    ^~~~~~~~~
../src/cnn.c:11:20: warning: 'conv1_out' defined but not used [-Wunused-variable]
 static signed char conv1_out[CONV1_OUT][14][14];
                    ^~~~~~~~~
make: *** [src/cnn.o] Error 1
20:20:05 **** Auto Build of configuration Debug for project final_project ****
make all 
'Building file: ../src/cnn.c'
'Invoking: MicroBlaze gcc compiler'
mb-gcc -Wall -O0 -g3 -c -fmessage-length=0 -MT"src/cnn.o" -I../../final_project_bsp/microblaze_0/include -mlittle-endian -mcpu=v10.0 -mxl-soft-mul -Wl,--no-relax -ffunction-sections -fdata-sections -MMD -MP -MF"src/cnn.d" -MT"src/cnn.o" -o "src/cnn.o" "../src/cnn.c"
../src/cnn.c:12:20: error: conflicting types for 'conv1_out'
 static signed char conv1_out[CONV2_OUT][7][7];
                    ^~~~~~~~~
../src/cnn.c:11:20: note: previous declaration of 'conv1_out' was here
 static signed char conv1_out[CONV1_OUT][14][14];
                    ^~~~~~~~~
../src/cnn.c:17:20: warning: 'relu' defined but not used [-Wunused-function]
 static signed char relu(int x) {
                    ^~~~
../src/cnn.c:14:20: warning: 'fc2_out' defined but not used [-Wunused-variable]
 static signed char fc2_out[FC2_OUT];
                    ^~~~~~~
../src/cnn.c:13:20: warning: 'fc1_out' defined but not used [-Wunused-variable]
 static signed char fc1_out[FC1_OUT];
                    ^~~~~~~
../src/cnn.c:12:20: warning: 'conv1_out' defined but not used [-Wunused-variable]
 static signed char conv1_out[CONV2_OUT][7][7];
                    ^~~~~~~~~
../src/cnn.c:11:20: warning: 'conv1_out' defined but not used [-Wunused-variable]
 static signed char conv1_out[CONV1_OUT][14][14];
                    ^~~~~~~~~
make: *** [src/cnn.o] Error 1
20:20:23 **** Auto Build of configuration Debug for project final_project ****
make all 
'Building file: ../src/cnn.c'
'Invoking: MicroBlaze gcc compiler'
mb-gcc -Wall -O0 -g3 -c -fmessage-length=0 -MT"src/cnn.o" -I../../final_project_bsp/microblaze_0/include -mlittle-endian -mcpu=v10.0 -mxl-soft-mul -Wl,--no-relax -ffunction-sections -fdata-sections -MMD -MP -MF"src/cnn.d" -MT"src/cnn.o" -o "src/cnn.o" "../src/cnn.c"
../src/cnn.c:12:20: error: conflicting types for 'conv1_out'
 static signed char conv1_out[CONV2_OUT][7][7];
                    ^~~~~~~~~
../src/cnn.c:11:20: note: previous declaration of 'conv1_out' was here
 static signed char conv1_out[CONV1_OUT][14][14];
                    ^~~~~~~~~
../src/cnn.c: In function 'conv2d':
../src/cnn.c:45:19: error: 'i' undeclared (first use in this function)
  for (int oc = 0; i < out_ch; i++) {
                   ^
../src/cnn.c:45:19: note: each undeclared identifier is reported only once for each function it appears in
At top level:
../src/cnn.c:17:20: warning: 'relu' defined but not used [-Wunused-function]
 static signed char relu(int x) {
                    ^~~~
../src/cnn.c:14:20: warning: 'fc2_out' defined but not used [-Wunused-variable]
 static signed char fc2_out[FC2_OUT];
                    ^~~~~~~
../src/cnn.c:13:20: warning: 'fc1_out' defined but not used [-Wunused-variable]
 static signed char fc1_out[FC1_OUT];
                    ^~~~~~~
../src/cnn.c:12:20: warning: 'conv1_out' defined but not used [-Wunused-variable]
 static signed char conv1_out[CONV2_OUT][7][7];
                    ^~~~~~~~~
../src/cnn.c:11:20: warning: 'conv1_out' defined but not used [-Wunused-variable]
 static signed char conv1_out[CONV1_OUT][14][14];
                    ^~~~~~~~~
make: *** [src/cnn.o] Error 1
20:20:31 **** Auto Build of configuration Debug for project final_project ****
make all 
'Building file: ../src/cnn.c'
'Invoking: MicroBlaze gcc compiler'
mb-gcc -Wall -O0 -g3 -c -fmessage-length=0 -MT"src/cnn.o" -I../../final_project_bsp/microblaze_0/include -mlittle-endian -mcpu=v10.0 -mxl-soft-mul -Wl,--no-relax -ffunction-sections -fdata-sections -MMD -MP -MF"src/cnn.d" -MT"src/cnn.o" -o "src/cnn.o" "../src/cnn.c"
../src/cnn.c:12:20: error: conflicting types for 'conv1_out'
 static signed char conv1_out[CONV2_OUT][7][7];
                    ^~~~~~~~~
../src/cnn.c:11:20: note: previous declaration of 'conv1_out' was here
 static signed char conv1_out[CONV1_OUT][14][14];
                    ^~~~~~~~~
../src/cnn.c: In function 'conv2d':
../src/cnn.c:44:32: error: 'i' undeclared (first use in this function)
  for (int oc = 0; oc < out_ch; i++) {
                                ^
../src/cnn.c:44:32: note: each undeclared identifier is reported only once for each function it appears in
At top level:
../src/cnn.c:17:20: warning: 'relu' defined but not used [-Wunused-function]
 static signed char relu(int x) {
                    ^~~~
../src/cnn.c:14:20: warning: 'fc2_out' defined but not used [-Wunused-variable]
 static signed char fc2_out[FC2_OUT];
                    ^~~~~~~
../src/cnn.c:13:20: warning: 'fc1_out' defined but not used [-Wunused-variable]
 static signed char fc1_out[FC1_OUT];
                    ^~~~~~~
../src/cnn.c:12:20: warning: 'conv1_out' defined but not used [-Wunused-variable]
 static signed char conv1_out[CONV2_OUT][7][7];
                    ^~~~~~~~~
../src/cnn.c:11:20: warning: 'conv1_out' defined but not used [-Wunused-variable]
 static signed char conv1_out[CONV1_OUT][14][14];
                    ^~~~~~~~~
make: *** [src/cnn.o] Error 1
20:21:39 **** Auto Build of configuration Debug for project final_project ****
make all 
'Building file: ../src/cnn.c'
'Invoking: MicroBlaze gcc compiler'
mb-gcc -Wall -O0 -g3 -c -fmessage-length=0 -MT"src/cnn.o" -I../../final_project_bsp/microblaze_0/include -mlittle-endian -mcpu=v10.0 -mxl-soft-mul -Wl,--no-relax -ffunction-sections -fdata-sections -MMD -MP -MF"src/cnn.d" -MT"src/cnn.o" -o "src/cnn.o" "../src/cnn.c"
../src/cnn.c:12:20: error: conflicting types for 'conv1_out'
 static signed char conv1_out[CONV2_OUT][7][7];
                    ^~~~~~~~~
../src/cnn.c:11:20: note: previous declaration of 'conv1_out' was here
 static signed char conv1_out[CONV1_OUT][14][14];
                    ^~~~~~~~~
../src/cnn.c: In function 'conv2d':
../src/cnn.c:47:33: error: 'i' undeclared (first use in this function)
     int acc = (int)((float)bias[i] * b_scale / out_scale);
                                 ^
../src/cnn.c:47:33: note: each undeclared identifier is reported only once for each function it appears in
At top level:
../src/cnn.c:17:20: warning: 'relu' defined but not used [-Wunused-function]
 static signed char relu(int x) {
                    ^~~~
../src/cnn.c:14:20: warning: 'fc2_out' defined but not used [-Wunused-variable]
 static signed char fc2_out[FC2_OUT];
                    ^~~~~~~
../src/cnn.c:13:20: warning: 'fc1_out' defined but not used [-Wunused-variable]
 static signed char fc1_out[FC1_OUT];
                    ^~~~~~~
../src/cnn.c:12:20: warning: 'conv1_out' defined but not used [-Wunused-variable]
 static signed char conv1_out[CONV2_OUT][7][7];
                    ^~~~~~~~~
../src/cnn.c:11:20: warning: 'conv1_out' defined but not used [-Wunused-variable]
 static signed char conv1_out[CONV1_OUT][14][14];
                    ^~~~~~~~~
make: *** [src/cnn.o] Error 1
20:21:49 **** Auto Build of configuration Debug for project final_project ****
make all 
'Building file: ../src/cnn.c'
'Invoking: MicroBlaze gcc compiler'
mb-gcc -Wall -O0 -g3 -c -fmessage-length=0 -MT"src/cnn.o" -I../../final_project_bsp/microblaze_0/include -mlittle-endian -mcpu=v10.0 -mxl-soft-mul -Wl,--no-relax -ffunction-sections -fdata-sections -MMD -MP -MF"src/cnn.d" -MT"src/cnn.o" -o "src/cnn.o" "../src/cnn.c"
../src/cnn.c:12:20: error: conflicting types for 'conv1_out'
 static signed char conv1_out[CONV2_OUT][7][7];
                    ^~~~~~~~~
../src/cnn.c:11:20: note: previous declaration of 'conv1_out' was here
 static signed char conv1_out[CONV1_OUT][14][14];
                    ^~~~~~~~~
../src/cnn.c: In function 'conv2d':
../src/cnn.c:64:12: error: 'i' undeclared (first use in this function)
     output[i][y][x] = clamp((int)(real / out_scale));
            ^
../src/cnn.c:64:12: note: each undeclared identifier is reported only once for each function it appears in
At top level:
../src/cnn.c:17:20: warning: 'relu' defined but not used [-Wunused-function]
 static signed char relu(int x) {
                    ^~~~
../src/cnn.c:14:20: warning: 'fc2_out' defined but not used [-Wunused-variable]
 static signed char fc2_out[FC2_OUT];
                    ^~~~~~~
../src/cnn.c:13:20: warning: 'fc1_out' defined but not used [-Wunused-variable]
 static signed char fc1_out[FC1_OUT];
                    ^~~~~~~
../src/cnn.c:12:20: warning: 'conv1_out' defined but not used [-Wunused-variable]
 static signed char conv1_out[CONV2_OUT][7][7];
                    ^~~~~~~~~
../src/cnn.c:11:20: warning: 'conv1_out' defined but not used [-Wunused-variable]
 static signed char conv1_out[CONV1_OUT][14][14];
                    ^~~~~~~~~
make: *** [src/cnn.o] Error 1
20:22:30 **** Auto Build of configuration Debug for project final_project ****
make all 
'Building file: ../src/cnn.c'
'Invoking: MicroBlaze gcc compiler'
mb-gcc -Wall -O0 -g3 -c -fmessage-length=0 -MT"src/cnn.o" -I../../final_project_bsp/microblaze_0/include -mlittle-endian -mcpu=v10.0 -mxl-soft-mul -Wl,--no-relax -ffunction-sections -fdata-sections -MMD -MP -MF"src/cnn.d" -MT"src/cnn.o" -o "src/cnn.o" "../src/cnn.c"
../src/cnn.c:12:20: error: conflicting types for 'conv1_out'
 static signed char conv1_out[CONV2_OUT][7][7];
                    ^~~~~~~~~
../src/cnn.c:11:20: note: previous declaration of 'conv1_out' was here
 static signed char conv1_out[CONV1_OUT][14][14];
                    ^~~~~~~~~
../src/cnn.c:17:20: warning: 'relu' defined but not used [-Wunused-function]
 static signed char relu(int x) {
                    ^~~~
../src/cnn.c:14:20: warning: 'fc2_out' defined but not used [-Wunused-variable]
 static signed char fc2_out[FC2_OUT];
                    ^~~~~~~
../src/cnn.c:13:20: warning: 'fc1_out' defined but not used [-Wunused-variable]
 static signed char fc1_out[FC1_OUT];
                    ^~~~~~~
../src/cnn.c:12:20: warning: 'conv1_out' defined but not used [-Wunused-variable]
 static signed char conv1_out[CONV2_OUT][7][7];
                    ^~~~~~~~~
../src/cnn.c:11:20: warning: 'conv1_out' defined but not used [-Wunused-variable]
 static signed char conv1_out[CONV1_OUT][14][14];
                    ^~~~~~~~~
make: *** [src/cnn.o] Error 1
20:22:44 **** Auto Build of configuration Debug for project final_project ****
make all 
'Building file: ../src/cnn.c'
'Invoking: MicroBlaze gcc compiler'
mb-gcc -Wall -O0 -g3 -c -fmessage-length=0 -MT"src/cnn.o" -I../../final_project_bsp/microblaze_0/include -mlittle-endian -mcpu=v10.0 -mxl-soft-mul -Wl,--no-relax -ffunction-sections -fdata-sections -MMD -MP -MF"src/cnn.d" -MT"src/cnn.o" -o "src/cnn.o" "../src/cnn.c"
../src/cnn.c:12:20: error: conflicting types for 'conv1_out'
 static signed char conv1_out[CONV2_OUT][7][7];
                    ^~~~~~~~~
../src/cnn.c:11:20: note: previous declaration of 'conv1_out' was here
 static signed char conv1_out[CONV1_OUT][14][14];
                    ^~~~~~~~~
../src/cnn.c:17:20: warning: 'relu' defined but not used [-Wunused-function]
 static signed char relu(int x) {
                    ^~~~
../src/cnn.c:14:20: warning: 'fc2_out' defined but not used [-Wunused-variable]
 static signed char fc2_out[FC2_OUT];
                    ^~~~~~~
../src/cnn.c:13:20: warning: 'fc1_out' defined but not used [-Wunused-variable]
 static signed char fc1_out[FC1_OUT];
                    ^~~~~~~
../src/cnn.c:12:20: warning: 'conv1_out' defined but not used [-Wunused-variable]
 static signed char conv1_out[CONV2_OUT][7][7];
                    ^~~~~~~~~
../src/cnn.c:11:20: warning: 'conv1_out' defined but not used [-Wunused-variable]
 static signed char conv1_out[CONV1_OUT][14][14];
                    ^~~~~~~~~
make: *** [src/cnn.o] Error 1
20:28:22 **** Auto Build of configuration Debug for project final_project ****
make all 
'Building file: ../src/cnn.c'
'Invoking: MicroBlaze gcc compiler'
mb-gcc -Wall -O0 -g3 -c -fmessage-length=0 -MT"src/cnn.o" -I../../final_project_bsp/microblaze_0/include -mlittle-endian -mcpu=v10.0 -mxl-soft-mul -Wl,--no-relax -ffunction-sections -fdata-sections -MMD -MP -MF"src/cnn.d" -MT"src/cnn.o" -o "src/cnn.o" "../src/cnn.c"
../src/cnn.c:12:20: error: conflicting types for 'conv1_out'
 static signed char conv1_out[CONV2_OUT][7][7];
                    ^~~~~~~~~
../src/cnn.c:11:20: note: previous declaration of 'conv1_out' was here
 static signed char conv1_out[CONV1_OUT][14][14];
                    ^~~~~~~~~
../src/cnn.c:17:20: warning: 'relu' defined but not used [-Wunused-function]
 static signed char relu(int x) {
                    ^~~~
../src/cnn.c:14:20: warning: 'fc2_out' defined but not used [-Wunused-variable]
 static signed char fc2_out[FC2_OUT];
                    ^~~~~~~
../src/cnn.c:13:20: warning: 'fc1_out' defined but not used [-Wunused-variable]
 static signed char fc1_out[FC1_OUT];
                    ^~~~~~~
../src/cnn.c:12:20: warning: 'conv1_out' defined but not used [-Wunused-variable]
 static signed char conv1_out[CONV2_OUT][7][7];
                    ^~~~~~~~~
../src/cnn.c:11:20: warning: 'conv1_out' defined but not used [-Wunused-variable]
 static signed char conv1_out[CONV1_OUT][14][14];
                    ^~~~~~~~~
make: *** [src/cnn.o] Error 1
20:28:25 **** Auto Build of configuration Debug for project final_project ****
make all 
'Building file: ../src/cnn.c'
'Invoking: MicroBlaze gcc compiler'
mb-gcc -Wall -O0 -g3 -c -fmessage-length=0 -MT"src/cnn.o" -I../../final_project_bsp/microblaze_0/include -mlittle-endian -mcpu=v10.0 -mxl-soft-mul -Wl,--no-relax -ffunction-sections -fdata-sections -MMD -MP -MF"src/cnn.d" -MT"src/cnn.o" -o "src/cnn.o" "../src/cnn.c"
../src/cnn.c:12:20: error: conflicting types for 'conv1_out'
 static signed char conv1_out[CONV2_OUT][7][7];
                    ^~~~~~~~~
../src/cnn.c:11:20: note: previous declaration of 'conv1_out' was here
 static signed char conv1_out[CONV1_OUT][14][14];
                    ^~~~~~~~~
../src/cnn.c:17:20: warning: 'relu' defined but not used [-Wunused-function]
 static signed char relu(int x) {
                    ^~~~
../src/cnn.c:14:20: warning: 'fc2_out' defined but not used [-Wunused-variable]
 static signed char fc2_out[FC2_OUT];
                    ^~~~~~~
../src/cnn.c:13:20: warning: 'fc1_out' defined but not used [-Wunused-variable]
 static signed char fc1_out[FC1_OUT];
                    ^~~~~~~
../src/cnn.c:12:20: warning: 'conv1_out' defined but not used [-Wunused-variable]
 static signed char conv1_out[CONV2_OUT][7][7];
                    ^~~~~~~~~
../src/cnn.c:11:20: warning: 'conv1_out' defined but not used [-Wunused-variable]
 static signed char conv1_out[CONV1_OUT][14][14];
                    ^~~~~~~~~
make: *** [src/cnn.o] Error 1
20:29:12 **** Auto Build of configuration Debug for project final_project ****
make all 
'Building file: ../src/cnn.c'
'Invoking: MicroBlaze gcc compiler'
mb-gcc -Wall -O0 -g3 -c -fmessage-length=0 -MT"src/cnn.o" -I../../final_project_bsp/microblaze_0/include -mlittle-endian -mcpu=v10.0 -mxl-soft-mul -Wl,--no-relax -ffunction-sections -fdata-sections -MMD -MP -MF"src/cnn.d" -MT"src/cnn.o" -o "src/cnn.o" "../src/cnn.c"
../src/cnn.c:12:20: error: conflicting types for 'conv1_out'
 static signed char conv1_out[CONV2_OUT][7][7];
                    ^~~~~~~~~
../src/cnn.c:11:20: note: previous declaration of 'conv1_out' was here
 static signed char conv1_out[CONV1_OUT][14][14];
                    ^~~~~~~~~
../src/cnn.c:17:20: warning: 'relu' defined but not used [-Wunused-function]
 static signed char relu(int x) {
                    ^~~~
../src/cnn.c:14:20: warning: 'fc2_out' defined but not used [-Wunused-variable]
 static signed char fc2_out[FC2_OUT];
                    ^~~~~~~
../src/cnn.c:13:20: warning: 'fc1_out' defined but not used [-Wunused-variable]
 static signed char fc1_out[FC1_OUT];
                    ^~~~~~~
../src/cnn.c:12:20: warning: 'conv1_out' defined but not used [-Wunused-variable]
 static signed char conv1_out[CONV2_OUT][7][7];
                    ^~~~~~~~~
../src/cnn.c:11:20: warning: 'conv1_out' defined but not used [-Wunused-variable]
 static signed char conv1_out[CONV1_OUT][14][14];
                    ^~~~~~~~~
make: *** [src/cnn.o] Error 1
20:32:22 **** Auto Build of configuration Debug for project final_project ****
make all 
'Building file: ../src/cnn.c'
'Invoking: MicroBlaze gcc compiler'
mb-gcc -Wall -O0 -g3 -c -fmessage-length=0 -MT"src/cnn.o" -I../../final_project_bsp/microblaze_0/include -mlittle-endian -mcpu=v10.0 -mxl-soft-mul -Wl,--no-relax -ffunction-sections -fdata-sections -MMD -MP -MF"src/cnn.d" -MT"src/cnn.o" -o "src/cnn.o" "../src/cnn.c"
../src/cnn.c:12:20: error: conflicting types for 'conv1_out'
 static signed char conv1_out[CONV2_OUT][7][7];
                    ^~~~~~~~~
../src/cnn.c:11:20: note: previous declaration of 'conv1_out' was here
 static signed char conv1_out[CONV1_OUT][14][14];
                    ^~~~~~~~~
../src/cnn.c: In function 'relu':
../src/cnn.c:78:4: error: expected ';' before '}' token
    }
    ^
At top level:
../src/cnn.c:14:20: warning: 'fc2_out' defined but not used [-Wunused-variable]
 static signed char fc2_out[FC2_OUT];
                    ^~~~~~~
../src/cnn.c:13:20: warning: 'fc1_out' defined but not used [-Wunused-variable]
 static signed char fc1_out[FC1_OUT];
                    ^~~~~~~
../src/cnn.c:12:20: warning: 'conv1_out' defined but not used [-Wunused-variable]
 static signed char conv1_out[CONV2_OUT][7][7];
                    ^~~~~~~~~
../src/cnn.c:11:20: warning: 'conv1_out' defined but not used [-Wunused-variable]
 static signed char conv1_out[CONV1_OUT][14][14];
                    ^~~~~~~~~
make: *** [src/cnn.o] Error 1
20:32:26 **** Auto Build of configuration Debug for project final_project ****
make all 
'Building file: ../src/cnn.c'
'Invoking: MicroBlaze gcc compiler'
mb-gcc -Wall -O0 -g3 -c -fmessage-length=0 -MT"src/cnn.o" -I../../final_project_bsp/microblaze_0/include -mlittle-endian -mcpu=v10.0 -mxl-soft-mul -Wl,--no-relax -ffunction-sections -fdata-sections -MMD -MP -MF"src/cnn.d" -MT"src/cnn.o" -o "src/cnn.o" "../src/cnn.c"
../src/cnn.c:12:20: error: conflicting types for 'conv1_out'
 static signed char conv1_out[CONV2_OUT][7][7];
                    ^~~~~~~~~
../src/cnn.c:11:20: note: previous declaration of 'conv1_out' was here
 static signed char conv1_out[CONV1_OUT][14][14];
                    ^~~~~~~~~
../src/cnn.c:14:20: warning: 'fc2_out' defined but not used [-Wunused-variable]
 static signed char fc2_out[FC2_OUT];
                    ^~~~~~~
../src/cnn.c:13:20: warning: 'fc1_out' defined but not used [-Wunused-variable]
 static signed char fc1_out[FC1_OUT];
                    ^~~~~~~
../src/cnn.c:12:20: warning: 'conv1_out' defined but not used [-Wunused-variable]
 static signed char conv1_out[CONV2_OUT][7][7];
                    ^~~~~~~~~
../src/cnn.c:11:20: warning: 'conv1_out' defined but not used [-Wunused-variable]
 static signed char conv1_out[CONV1_OUT][14][14];
                    ^~~~~~~~~
make: *** [src/cnn.o] Error 1
20:32:33 **** Auto Build of configuration Debug for project final_project ****
make all 
'Building file: ../src/cnn.c'
'Invoking: MicroBlaze gcc compiler'
mb-gcc -Wall -O0 -g3 -c -fmessage-length=0 -MT"src/cnn.o" -I../../final_project_bsp/microblaze_0/include -mlittle-endian -mcpu=v10.0 -mxl-soft-mul -Wl,--no-relax -ffunction-sections -fdata-sections -MMD -MP -MF"src/cnn.d" -MT"src/cnn.o" -o "src/cnn.o" "../src/cnn.c"
../src/cnn.c:12:20: error: conflicting types for 'conv1_out'
 static signed char conv1_out[CONV2_OUT][7][7];
                    ^~~~~~~~~
../src/cnn.c:11:20: note: previous declaration of 'conv1_out' was here
 static signed char conv1_out[CONV1_OUT][14][14];
                    ^~~~~~~~~
../src/cnn.c:14:20: warning: 'fc2_out' defined but not used [-Wunused-variable]
 static signed char fc2_out[FC2_OUT];
                    ^~~~~~~
../src/cnn.c:13:20: warning: 'fc1_out' defined but not used [-Wunused-variable]
 static signed char fc1_out[FC1_OUT];
                    ^~~~~~~
../src/cnn.c:12:20: warning: 'conv1_out' defined but not used [-Wunused-variable]
 static signed char conv1_out[CONV2_OUT][7][7];
                    ^~~~~~~~~
../src/cnn.c:11:20: warning: 'conv1_out' defined but not used [-Wunused-variable]
 static signed char conv1_out[CONV1_OUT][14][14];
                    ^~~~~~~~~
make: *** [src/cnn.o] Error 1
20:37:14 **** Auto Build of configuration Debug for project final_project ****
make all 
'Building file: ../src/cnn.c'
'Invoking: MicroBlaze gcc compiler'
mb-gcc -Wall -O0 -g3 -c -fmessage-length=0 -MT"src/cnn.o" -I../../final_project_bsp/microblaze_0/include -mlittle-endian -mcpu=v10.0 -mxl-soft-mul -Wl,--no-relax -ffunction-sections -fdata-sections -MMD -MP -MF"src/cnn.d" -MT"src/cnn.o" -o "src/cnn.o" "../src/cnn.c"
../src/cnn.c:12:20: error: conflicting types for 'conv1_out'
 static signed char conv1_out[CONV2_OUT][7][7];
                    ^~~~~~~~~
../src/cnn.c:11:20: note: previous declaration of 'conv1_out' was here
 static signed char conv1_out[CONV1_OUT][14][14];
                    ^~~~~~~~~
../src/cnn.c: In function 'maxpool2d':
../src/cnn.c:94:4: error: expected identifier or '(' before '}' token
    }
    ^
../src/cnn.c:99:1: error: expected declaration or statement at end of input
 }
 ^
At top level:
../src/cnn.c:14:20: warning: 'fc2_out' defined but not used [-Wunused-variable]
 static signed char fc2_out[FC2_OUT];
                    ^~~~~~~
../src/cnn.c:13:20: warning: 'fc1_out' defined but not used [-Wunused-variable]
 static signed char fc1_out[FC1_OUT];
                    ^~~~~~~
../src/cnn.c:12:20: warning: 'conv1_out' defined but not used [-Wunused-variable]
 static signed char conv1_out[CONV2_OUT][7][7];
                    ^~~~~~~~~
../src/cnn.c:11:20: warning: 'conv1_out' defined but not used [-Wunused-variable]
 static signed char conv1_out[CONV1_OUT][14][14];
                    ^~~~~~~~~
make: *** [src/cnn.o] Error 1
20:39:06 **** Auto Build of configuration Debug for project final_project ****
make all 
'Building file: ../src/cnn.c'
'Invoking: MicroBlaze gcc compiler'
mb-gcc -Wall -O0 -g3 -c -fmessage-length=0 -MT"src/cnn.o" -I../../final_project_bsp/microblaze_0/include -mlittle-endian -mcpu=v10.0 -mxl-soft-mul -Wl,--no-relax -ffunction-sections -fdata-sections -MMD -MP -MF"src/cnn.d" -MT"src/cnn.o" -o "src/cnn.o" "../src/cnn.c"
../src/cnn.c:12:20: error: conflicting types for 'conv1_out'
 static signed char conv1_out[CONV2_OUT][7][7];
                    ^~~~~~~~~
../src/cnn.c:11:20: note: previous declaration of 'conv1_out' was here
 static signed char conv1_out[CONV1_OUT][14][14];
                    ^~~~~~~~~
../src/cnn.c: In function 'maxpool2d':
../src/cnn.c:99:7: error: expected ';' before '}' token
       }
       ^
../src/cnn.c:103:4: error: expected ';' before '}' token
    }
    ^
At top level:
../src/cnn.c:14:20: warning: 'fc2_out' defined but not used [-Wunused-variable]
 static signed char fc2_out[FC2_OUT];
                    ^~~~~~~
../src/cnn.c:13:20: warning: 'fc1_out' defined but not used [-Wunused-variable]
 static signed char fc1_out[FC1_OUT];
                    ^~~~~~~
../src/cnn.c:12:20: warning: 'conv1_out' defined but not used [-Wunused-variable]
 static signed char conv1_out[CONV2_OUT][7][7];
                    ^~~~~~~~~
../src/cnn.c:11:20: warning: 'conv1_out' defined but not used [-Wunused-variable]
 static signed char conv1_out[CONV1_OUT][14][14];
                    ^~~~~~~~~
make: *** [src/cnn.o] Error 1
20:39:07 **** Auto Build of configuration Debug for project final_project ****
make all 
'Building file: ../src/cnn.c'
'Invoking: MicroBlaze gcc compiler'
mb-gcc -Wall -O0 -g3 -c -fmessage-length=0 -MT"src/cnn.o" -I../../final_project_bsp/microblaze_0/include -mlittle-endian -mcpu=v10.0 -mxl-soft-mul -Wl,--no-relax -ffunction-sections -fdata-sections -MMD -MP -MF"src/cnn.d" -MT"src/cnn.o" -o "src/cnn.o" "../src/cnn.c"
../src/cnn.c:12:20: error: conflicting types for 'conv1_out'
 static signed char conv1_out[CONV2_OUT][7][7];
                    ^~~~~~~~~
../src/cnn.c:11:20: note: previous declaration of 'conv1_out' was here
 static signed char conv1_out[CONV1_OUT][14][14];
                    ^~~~~~~~~
../src/cnn.c: In function 'maxpool2d':
../src/cnn.c:99:7: error: expected ';' before '}' token
       }
       ^
At top level:
../src/cnn.c:14:20: warning: 'fc2_out' defined but not used [-Wunused-variable]
 static signed char fc2_out[FC2_OUT];
                    ^~~~~~~
../src/cnn.c:13:20: warning: 'fc1_out' defined but not used [-Wunused-variable]
 static signed char fc1_out[FC1_OUT];
                    ^~~~~~~
../src/cnn.c:12:20: warning: 'conv1_out' defined but not used [-Wunused-variable]
 static signed char conv1_out[CONV2_OUT][7][7];
                    ^~~~~~~~~
../src/cnn.c:11:20: warning: 'conv1_out' defined but not used [-Wunused-variable]
 static signed char conv1_out[CONV1_OUT][14][14];
                    ^~~~~~~~~
make: *** [src/cnn.o] Error 1
20:42:10 **** Auto Build of configuration Debug for project final_project ****
make all 
'Building file: ../src/cnn.c'
'Invoking: MicroBlaze gcc compiler'
mb-gcc -Wall -O0 -g3 -c -fmessage-length=0 -MT"src/cnn.o" -I../../final_project_bsp/microblaze_0/include -mlittle-endian -mcpu=v10.0 -mxl-soft-mul -Wl,--no-relax -ffunction-sections -fdata-sections -MMD -MP -MF"src/cnn.d" -MT"src/cnn.o" -o "src/cnn.o" "../src/cnn.c"
../src/cnn.c:12:20: error: conflicting types for 'conv1_out'
 static signed char conv1_out[CONV2_OUT][7][7];
                    ^~~~~~~~~
../src/cnn.c:11:20: note: previous declaration of 'conv1_out' was here
 static signed char conv1_out[CONV1_OUT][14][14];
                    ^~~~~~~~~
../src/cnn.c: In function 'maxpool2d':
../src/cnn.c:99:7: error: expected ';' before '}' token
       }
       ^
At top level:
../src/cnn.c:14:20: warning: 'fc2_out' defined but not used [-Wunused-variable]
 static signed char fc2_out[FC2_OUT];
                    ^~~~~~~
../src/cnn.c:13:20: warning: 'fc1_out' defined but not used [-Wunused-variable]
 static signed char fc1_out[FC1_OUT];
                    ^~~~~~~
../src/cnn.c:12:20: warning: 'conv1_out' defined but not used [-Wunused-variable]
 static signed char conv1_out[CONV2_OUT][7][7];
                    ^~~~~~~~~
../src/cnn.c:11:20: warning: 'conv1_out' defined but not used [-Wunused-variable]
 static signed char conv1_out[CONV1_OUT][14][14];
                    ^~~~~~~~~
make: *** [src/cnn.o] Error 1
20:42:46 **** Auto Build of configuration Debug for project final_project ****
make all 
'Building file: ../src/cnn.c'
'Invoking: MicroBlaze gcc compiler'
mb-gcc -Wall -O0 -g3 -c -fmessage-length=0 -MT"src/cnn.o" -I../../final_project_bsp/microblaze_0/include -mlittle-endian -mcpu=v10.0 -mxl-soft-mul -Wl,--no-relax -ffunction-sections -fdata-sections -MMD -MP -MF"src/cnn.d" -MT"src/cnn.o" -o "src/cnn.o" "../src/cnn.c"
../src/cnn.c:12:20: error: conflicting types for 'conv1_out'
 static signed char conv1_out[CONV2_OUT][7][7];
                    ^~~~~~~~~
../src/cnn.c:11:20: note: previous declaration of 'conv1_out' was here
 static signed char conv1_out[CONV1_OUT][14][14];
                    ^~~~~~~~~
../src/cnn.c: In function 'maxpool2d':
../src/cnn.c:99:7: error: expected ';' before '}' token
       }
       ^
../src/cnn.c: In function 'fc':
../src/cnn.c:125:2: error: expected identifier or '(' before '}' token
  }
  ^
../src/cnn.c:126:1: error: expected declaration or statement at end of input
 }
 ^
At top level:
../src/cnn.c:14:20: warning: 'fc2_out' defined but not used [-Wunused-variable]
 static signed char fc2_out[FC2_OUT];
                    ^~~~~~~
../src/cnn.c:13:20: warning: 'fc1_out' defined but not used [-Wunused-variable]
 static signed char fc1_out[FC1_OUT];
                    ^~~~~~~
../src/cnn.c:12:20: warning: 'conv1_out' defined but not used [-Wunused-variable]
 static signed char conv1_out[CONV2_OUT][7][7];
                    ^~~~~~~~~
../src/cnn.c:11:20: warning: 'conv1_out' defined but not used [-Wunused-variable]
 static signed char conv1_out[CONV1_OUT][14][14];
                    ^~~~~~~~~
make: *** [src/cnn.o] Error 1
20:43:54 **** Auto Build of configuration Debug for project final_project ****
make all 
'Building file: ../src/cnn.c'
'Invoking: MicroBlaze gcc compiler'
mb-gcc -Wall -O0 -g3 -c -fmessage-length=0 -MT"src/cnn.o" -I../../final_project_bsp/microblaze_0/include -mlittle-endian -mcpu=v10.0 -mxl-soft-mul -Wl,--no-relax -ffunction-sections -fdata-sections -MMD -MP -MF"src/cnn.d" -MT"src/cnn.o" -o "src/cnn.o" "../src/cnn.c"
../src/cnn.c:12:20: error: conflicting types for 'conv1_out'
 static signed char conv1_out[CONV2_OUT][7][7];
                    ^~~~~~~~~
../src/cnn.c:11:20: note: previous declaration of 'conv1_out' was here
 static signed char conv1_out[CONV1_OUT][14][14];
                    ^~~~~~~~~
../src/cnn.c: In function 'maxpool2d':
../src/cnn.c:99:7: error: expected ';' before '}' token
       }
       ^
At top level:
../src/cnn.c:14:20: warning: 'fc2_out' defined but not used [-Wunused-variable]
 static signed char fc2_out[FC2_OUT];
                    ^~~~~~~
../src/cnn.c:13:20: warning: 'fc1_out' defined but not used [-Wunused-variable]
 static signed char fc1_out[FC1_OUT];
                    ^~~~~~~
../src/cnn.c:12:20: warning: 'conv1_out' defined but not used [-Wunused-variable]
 static signed char conv1_out[CONV2_OUT][7][7];
                    ^~~~~~~~~
../src/cnn.c:11:20: warning: 'conv1_out' defined but not used [-Wunused-variable]
 static signed char conv1_out[CONV1_OUT][14][14];
                    ^~~~~~~~~
make: *** [src/cnn.o] Error 1
20:43:56 **** Auto Build of configuration Debug for project final_project ****
make all 
'Building file: ../src/cnn.c'
'Invoking: MicroBlaze gcc compiler'
mb-gcc -Wall -O0 -g3 -c -fmessage-length=0 -MT"src/cnn.o" -I../../final_project_bsp/microblaze_0/include -mlittle-endian -mcpu=v10.0 -mxl-soft-mul -Wl,--no-relax -ffunction-sections -fdata-sections -MMD -MP -MF"src/cnn.d" -MT"src/cnn.o" -o "src/cnn.o" "../src/cnn.c"
../src/cnn.c:12:20: error: conflicting types for 'conv1_out'
 static signed char conv1_out[CONV2_OUT][7][7];
                    ^~~~~~~~~
../src/cnn.c:11:20: note: previous declaration of 'conv1_out' was here
 static signed char conv1_out[CONV1_OUT][14][14];
                    ^~~~~~~~~
../src/cnn.c: In function 'maxpool2d':
../src/cnn.c:99:7: error: expected ';' before '}' token
       }
       ^
At top level:
../src/cnn.c:14:20: warning: 'fc2_out' defined but not used [-Wunused-variable]
 static signed char fc2_out[FC2_OUT];
                    ^~~~~~~
../src/cnn.c:13:20: warning: 'fc1_out' defined but not used [-Wunused-variable]
 static signed char fc1_out[FC1_OUT];
                    ^~~~~~~
../src/cnn.c:12:20: warning: 'conv1_out' defined but not used [-Wunused-variable]
 static signed char conv1_out[CONV2_OUT][7][7];
                    ^~~~~~~~~
../src/cnn.c:11:20: warning: 'conv1_out' defined but not used [-Wunused-variable]
 static signed char conv1_out[CONV1_OUT][14][14];
                    ^~~~~~~~~
make: *** [src/cnn.o] Error 1
20:45:21 **** Auto Build of configuration Debug for project final_project ****
make all 
'Building file: ../src/cnn.c'
'Invoking: MicroBlaze gcc compiler'
mb-gcc -Wall -O0 -g3 -c -fmessage-length=0 -MT"src/cnn.o" -I../../final_project_bsp/microblaze_0/include -mlittle-endian -mcpu=v10.0 -mxl-soft-mul -Wl,--no-relax -ffunction-sections -fdata-sections -MMD -MP -MF"src/cnn.d" -MT"src/cnn.o" -o "src/cnn.o" "../src/cnn.c"
../src/cnn.c:12:20: error: conflicting types for 'conv1_out'
 static signed char conv1_out[CONV2_OUT][7][7];
                    ^~~~~~~~~
../src/cnn.c:11:20: note: previous declaration of 'conv1_out' was here
 static signed char conv1_out[CONV1_OUT][14][14];
                    ^~~~~~~~~
../src/cnn.c: In function 'maxpool2d':
../src/cnn.c:99:7: error: expected ';' before '}' token
       }
       ^
../src/cnn.c: In function 'infer':
../src/cnn.c:132:24: error: 'input_flat' undeclared (first use in this function); did you mean 'input_3d'?
    input_3d[0][y][x] = input_flat[y * 28 + x];
                        ^~~~~~~~~~
                        input_3d
../src/cnn.c:132:24: note: each undeclared identifier is reported only once for each function it appears in
../src/cnn.c:129:21: warning: variable 'input_3d' set but not used [-Wunused-but-set-variable]
  static signed char input_3d[1][28][28];
                     ^~~~~~~~
../src/cnn.c:135:1: warning: control reaches end of non-void function [-Wreturn-type]
 }
 ^
At top level:
../src/cnn.c:14:20: warning: 'fc2_out' defined but not used [-Wunused-variable]
 static signed char fc2_out[FC2_OUT];
                    ^~~~~~~
../src/cnn.c:13:20: warning: 'fc1_out' defined but not used [-Wunused-variable]
 static signed char fc1_out[FC1_OUT];
                    ^~~~~~~
../src/cnn.c:12:20: warning: 'conv1_out' defined but not used [-Wunused-variable]
 static signed char conv1_out[CONV2_OUT][7][7];
                    ^~~~~~~~~
../src/cnn.c:11:20: warning: 'conv1_out' defined but not used [-Wunused-variable]
 static signed char conv1_out[CONV1_OUT][14][14];
                    ^~~~~~~~~
make: *** [src/cnn.o] Error 1
20:45:27 **** Auto Build of configuration Debug for project final_project ****
make all 
'Building file: ../src/cnn.c'
'Invoking: MicroBlaze gcc compiler'
mb-gcc -Wall -O0 -g3 -c -fmessage-length=0 -MT"src/cnn.o" -I../../final_project_bsp/microblaze_0/include -mlittle-endian -mcpu=v10.0 -mxl-soft-mul -Wl,--no-relax -ffunction-sections -fdata-sections -MMD -MP -MF"src/cnn.d" -MT"src/cnn.o" -o "src/cnn.o" "../src/cnn.c"
../src/cnn.c:12:20: error: conflicting types for 'conv1_out'
 static signed char conv1_out[CONV2_OUT][7][7];
                    ^~~~~~~~~
../src/cnn.c:11:20: note: previous declaration of 'conv1_out' was here
 static signed char conv1_out[CONV1_OUT][14][14];
                    ^~~~~~~~~
../src/cnn.c: In function 'maxpool2d':
../src/cnn.c:99:7: error: expected ';' before '}' token
       }
       ^
../src/cnn.c: In function 'infer':
../src/cnn.c:129:21: warning: variable 'input_3d' set but not used [-Wunused-but-set-variable]
  static signed char input_3d[1][28][28];
                     ^~~~~~~~
../src/cnn.c:135:1: warning: control reaches end of non-void function [-Wreturn-type]
 }
 ^
At top level:
[...]
'Finished building: ../src/cnn.c'
' '
'Building target: final_project.elf'
'Invoking: MicroBlaze gcc linker'
mb-gcc -Wl,-T -Wl,../src/lscript.ld -L../../final_project_bsp/microblaze_0/lib -mlittle-endian -mcpu=v10.0 -mxl-soft-mul -Wl,--no-relax -Wl,--gc-sections -o "final_project.elf"  ./src/cnn.o ./src/main.o   -Wl,--start-group,-lxil,-lgcc,-lc,--end-group
'Finished building target: final_project.elf'
' '
'Invoking: MicroBlaze Print Size'
mb-size final_project.elf  |tee "final_project.elf.size"
   text	   data	    bss	    dec	    hex	filename
  21940	    272	   7844	  30056	   7568	final_project.elf
'Finished building: final_project.elf.size'
' '
02:55:21 **** Auto Build of configuration Debug for project final_project ****
make all 
'Building file: ../src/cnn.c'
'Invoking: MicroBlaze gcc compiler'
mb-gcc -Wall -O0 -g3 -c -fmessage-length=0 -MT"src/cnn.o" -I../../final_project_bsp/microblaze_0/include -mlittle-endian -mcpu=v10.0 -mxl-soft-mul -Wl,--no-relax -ffunction-sections -fdata-sections -MMD -MP -MF"src/cnn.d" -MT"src/cnn.o" -o "src/cnn.o" "../src/cnn.c"
'Finished building: ../src/cnn.c'
' '
'Building target: final_project.elf'
'Invoking: MicroBlaze gcc linker'
mb-gcc -Wl,-T -Wl,../src/lscript.ld -L../../final_project_bsp/microblaze_0/lib -mlittle-endian -mcpu=v10.0 -mxl-soft-mul -Wl,--no-relax -Wl,--gc-sections -o "final_project.elf"  ./src/cnn.o ./src/main.o   -Wl,--start-group,-lxil,-lgcc,-lc,--end-group
'Finished building target: final_project.elf'
' '
'Invoking: MicroBlaze Print Size'
mb-size final_project.elf  |tee "final_project.elf.size"
   text	   data	    bss	    dec	    hex	filename
  21940	    272	   7844	  30056	   7568	final_project.elf
'Finished building: final_project.elf.size'
' '
02:55:37 **** Auto Build of configuration Debug for project final_project ****
make all 
'Building file: ../src/cnn.c'
'Invoking: MicroBlaze gcc compiler'
mb-gcc -Wall -O0 -g3 -c -fmessage-length=0 -MT"src/cnn.o" -I../../final_project_bsp/microblaze_0/include -mlittle-endian -mcpu=v10.0 -mxl-soft-mul -Wl,--no-relax -ffunction-sections -fdata-sections -MMD -MP -MF"src/cnn.d" -MT"src/cnn.o" -o "src/cnn.o" "../src/cnn.c"
'Finished building: ../src/cnn.c'
' '
'Building target: final_project.elf'
'Invoking: MicroBlaze gcc linker'
mb-gcc -Wl,-T -Wl,../src/lscript.ld -L../../final_project_bsp/microblaze_0/lib -mlittle-endian -mcpu=v10.0 -mxl-soft-mul -Wl,--no-relax -Wl,--gc-sections -o "final_project.elf"  ./src/cnn.o ./src/main.o   -Wl,--start-group,-lxil,-lgcc,-lc,--end-group
'Finished building target: final_project.elf'
' '
'Invoking: MicroBlaze Print Size'
mb-size final_project.elf  |tee "final_project.elf.size"
   text	   data	    bss	    dec	    hex	filename
  21940	    272	   7844	  30056	   7568	final_project.elf
'Finished building: final_project.elf.size'
' '
02:55:53 **** Auto Build of configuration Debug for project final_project ****
make all 
'Building file: ../src/cnn.c'
'Invoking: MicroBlaze gcc compiler'
mb-gcc -Wall -O0 -g3 -c -fmessage-length=0 -MT"src/cnn.o" -I../../final_project_bsp/microblaze_0/include -mlittle-endian -mcpu=v10.0 -mxl-soft-mul -Wl,--no-relax -ffunction-sections -fdata-sections -MMD -MP -MF"src/cnn.d" -MT"src/cnn.o" -o "src/cnn.o" "../src/cnn.c"
'Finished building: ../src/cnn.c'
' '
'Building target: final_project.elf'
'Invoking: MicroBlaze gcc linker'
mb-gcc -Wl,-T -Wl,../src/lscript.ld -L../../final_project_bsp/microblaze_0/lib -mlittle-endian -mcpu=v10.0 -mxl-soft-mul -Wl,--no-relax -Wl,--gc-sections -o "final_project.elf"  ./src/cnn.o ./src/main.o   -Wl,--start-group,-lxil,-lgcc,-lc,--end-group
'Finished building target: final_project.elf'
' '
'Invoking: MicroBlaze Print Size'
mb-size final_project.elf  |tee "final_project.elf.size"
   text	   data	    bss	    dec	    hex	filename
  21968	    272	   7840	  30080	   7580	final_project.elf
'Finished building: final_project.elf.size'
' '
02:56:46 **** Auto Build of configuration Debug for project final_project ****
make all 
'Building file: ../src/cnn.c'
'Invoking: MicroBlaze gcc compiler'
mb-gcc -Wall -O0 -g3 -c -fmessage-length=0 -MT"src/cnn.o" -I../../final_project_bsp/microblaze_0/include -mlittle-endian -mcpu=v10.0 -mxl-soft-mul -Wl,--no-relax -ffunction-sections -fdata-sections -MMD -MP -MF"src/cnn.d" -MT"src/cnn.o" -o "src/cnn.o" "../src/cnn.c"
../src/cnn.c: In function 'conv2d':
../src/cnn.c:64:35: warning: implicit declaration of function 'roundf' [-Wimplicit-function-declaration]
     float result = clamp((int32_t)roundf((float)acc * input_scale * w_scales[oc] / output_scale));
                                   ^~~~~~
../src/cnn.c:64:35: warning: incompatible implicit declaration of built-in function 'roundf'
../src/cnn.c:64:35: note: include '<math.h>' or provide a declaration of 'roundf'
../src/cnn.c: In function 'fc':
../src/cnn.c:122:30: warning: incompatible implicit declaration of built-in function 'roundf'
   output[o] = clamp((int32_t)roundf((float)acc * input_scale * w_scales[o] / output_scale));
                              ^~~~~~
../src/cnn.c:122:30: note: include '<math.h>' or provide a declaration of 'roundf'
'Finished building: ../src/cnn.c'
' '
'Building target: final_project.elf'
'Invoking: MicroBlaze gcc linker'
mb-gcc -Wl,-T -Wl,../src/lscript.ld -L../../final_project_bsp/microblaze_0/lib -mlittle-endian -mcpu=v10.0 -mxl-soft-mul -Wl,--no-relax -Wl,--gc-sections -o "final_project.elf"  ./src/cnn.o ./src/main.o   -Wl,--start-group,-lxil,-lgcc,-lc,--end-group
'Finished building target: final_project.elf'
' '
'Invoking: MicroBlaze Print Size'
mb-size final_project.elf  |tee "final_project.elf.size"
   text	   data	    bss	    dec	    hex	filename
  23696	    272	   7840	  31808	   7c40	final_project.elf
'Finished building: final_project.elf.size'
' '
02:56:53 **** Auto Build of configuration Debug for project final_project ****
make all 
'Building file: ../src/cnn.c'
'Invoking: MicroBlaze gcc compiler'
mb-gcc -Wall -O0 -g3 -c -fmessage-length=0 -MT"src/cnn.o" -I../../final_project_bsp/microblaze_0/include -mlittle-endian -mcpu=v10.0 -mxl-soft-mul -Wl,--no-relax -ffunction-sections -fdata-sections -MMD -MP -MF"src/cnn.d" -MT"src/cnn.o" -o "src/cnn.o" "../src/cnn.c"
../src/cnn.c: In function 'conv2d':
../src/cnn.c:64:53: warning: implicit declaration of function 'roundf' [-Wimplicit-function-declaration]
     output[(oc)*H*W + (y)*W + (x)] = clamp((int32_t)roundf((float)acc * input_scale * w_scales[oc] / output_scale));
                                                     ^~~~~~
../src/cnn.c:64:53: warning: incompatible implicit declaration of built-in function 'roundf'
../src/cnn.c:64:53: note: include '<math.h>' or provide a declaration of 'roundf'
../src/cnn.c: In function 'fc':
../src/cnn.c:121:30: warning: incompatible implicit declaration of built-in function 'roundf'
   output[o] = clamp((int32_t)roundf((float)acc * input_scale * w_scales[o] / output_scale));
                              ^~~~~~
../src/cnn.c:121:30: note: include '<math.h>' or provide a declaration of 'roundf'
'Finished building: ../src/cnn.c'
' '
'Building target: final_project.elf'
'Invoking: MicroBlaze gcc linker'
mb-gcc -Wl,-T -Wl,../src/lscript.ld -L../../final_project_bsp/microblaze_0/lib -mlittle-endian -mcpu=v10.0 -mxl-soft-mul -Wl,--no-relax -Wl,--gc-sections -o "final_project.elf"  ./src/cnn.o ./src/main.o   -Wl,--start-group,-lxil,-lgcc,-lc,--end-group
'Finished building target: final_project.elf'
' '
'Invoking: MicroBlaze Print Size'
mb-size final_project.elf  |tee "final_project.elf.size"
   text	   data	    bss	    dec	    hex	filename
  23644	    272	   7844	  31760	   7c10	final_project.elf
'Finished building: final_project.elf.size'
' '
02:57:03 **** Auto Build of configuration Debug for project final_project ****
make all 
'Building file: ../src/cnn.c'
'Invoking: MicroBlaze gcc compiler'
mb-gcc -Wall -O0 -g3 -c -fmessage-length=0 -MT"src/cnn.o" -I../../final_project_bsp/microblaze_0/include -mlittle-endian -mcpu=v10.0 -mxl-soft-mul -Wl,--no-relax -ffunction-sections -fdata-sections -MMD -MP -MF"src/cnn.d" -MT"src/cnn.o" -o "src/cnn.o" "../src/cnn.c"
'Finished building: ../src/cnn.c'
' '
'Building target: final_project.elf'
'Invoking: MicroBlaze gcc linker'
mb-gcc -Wl,-T -Wl,../src/lscript.ld -L../../final_project_bsp/microblaze_0/lib -mlittle-endian -mcpu=v10.0 -mxl-soft-mul -Wl,--no-relax -Wl,--gc-sections -o "final_project.elf"  ./src/cnn.o ./src/main.o   -Wl,--start-group,-lxil,-lgcc,-lc,--end-group
'Finished building target: final_project.elf'
' '
'Invoking: MicroBlaze Print Size'
mb-size final_project.elf  |tee "final_project.elf.size"
   text	   data	    bss	    dec	    hex	filename
  23644	    272	   7844	  31760	   7c10	final_project.elf
'Finished building: final_project.elf.size'
' '
02:57:05 **** Incremental Build of configuration Debug for project final_project ****
make all 
make: Nothing to be done for `all'.
03:02:56 **** Auto Build of configuration Debug for project final_project ****
make all 
'Building file: ../src/main.c'
'Invoking: MicroBlaze gcc compiler'
mb-gcc -Wall -O0 -g3 -c -fmessage-length=0 -MT"src/main.o" -I../../final_project_bsp/microblaze_0/include -mlittle-endian -mcpu=v10.0 -mxl-soft-mul -Wl,--no-relax -ffunction-sections -fdata-sections -MMD -MP -MF"src/main.d" -MT"src/main.o" -o "src/main.o" "../src/main.c"
../src/main.c: In function 'main':
../src/main.c:10:36: error: 'test_images' undeclared (first use in this function); did you mean 'test_image'?
  int result = infer((signed char *)test_images[0]);
                                    ^~~~~~~~~~~
                                    test_image
../src/main.c:10:36: note: each undeclared identifier is reported only once for each function it appears in
../src/main.c:12:8: error: 'true_labels' undeclared (first use in this function); did you mean 'true_label'?
   (int)true_labels[0],
        ^~~~~~~~~~~
        true_label
../src/main.c:13:8: error: 'python_preds' undeclared (first use in this function)
   (int)python_preds[0],
        ^~~~~~~~~~~~
make: *** [src/main.o] Error 1
03:03:51 **** Auto Build of configuration Debug for project final_project ****
make all 
'Building file: ../src/main.c'
'Invoking: MicroBlaze gcc compiler'
mb-gcc -Wall -O0 -g3 -c -fmessage-length=0 -MT"src/main.o" -I../../final_project_bsp/microblaze_0/include -mlittle-endian -mcpu=v10.0 -mxl-soft-mul -Wl,--no-relax -ffunction-sections -fdata-sections -MMD -MP -MF"src/main.d" -MT"src/main.o" -o "src/main.o" "../src/main.c"
../src/main.c: In function 'main':
../src/main.c:10:21: warning: passing argument 1 of 'infer' discards 'const' qualifier from pointer target type [-Wdiscarded-qualifiers]
  int result = infer(test_image);
                     ^~~~~~~~~~
In file included from ../src/main.c:3:0:
../src/cnn.h:4:5: note: expected 'signed char *' but argument is of type 'const int8_t * {aka const signed char *}'
 int infer(signed char flattened_input[784]);
     ^~~~~
../src/main.c:12:8: error: 'true_labels' undeclared (first use in this function); did you mean 'true_label'?
   (int)true_labels[0],
        ^~~~~~~~~~~
        true_label
../src/main.c:12:8: note: each undeclared identifier is reported only once for each function it appears in
../src/main.c:13:8: error: 'python_preds' undeclared (first use in this function)
   (int)python_preds[0],
        ^~~~~~~~~~~~
make: *** [src/main.o] Error 1
03:04:25 **** Auto Build of configuration Debug for project final_project ****
make all 
'Building file: ../src/main.c'
'Invoking: MicroBlaze gcc compiler'
mb-gcc -Wall -O0 -g3 -c -fmessage-length=0 -MT"src/main.o" -I../../final_project_bsp/microblaze_0/include -mlittle-endian -mcpu=v10.0 -mxl-soft-mul -Wl,--no-relax -ffunction-sections -fdata-sections -MMD -MP -MF"src/main.d" -MT"src/main.o" -o "src/main.o" "../src/main.c"
../src/main.c: In function 'main':
../src/main.c:10:21: warning: passing argument 1 of 'infer' discards 'const' qualifier from pointer target type [-Wdiscarded-qualifiers]
  int result = infer(test_image);
                     ^~~~~~~~~~
In file included from ../src/main.c:3:0:
../src/cnn.h:4:5: note: expected 'signed char *' but argument is of type 'const int8_t * {aka const signed char *}'
 int infer(signed char flattened_input[784]);
     ^~~~~
'Finished building: ../src/main.c'
' '
'Building target: final_project.elf'
'Invoking: MicroBlaze gcc linker'
mb-gcc -Wl,-T -Wl,../src/lscript.ld -L../../final_project_bsp/microblaze_0/lib -mlittle-endian -mcpu=v10.0 -mxl-soft-mul -Wl,--no-relax -Wl,--gc-sections -o "final_project.elf"  ./src/cnn.o ./src/main.o   -Wl,--start-group,-lxil,-lgcc,-lc,--end-group
'Finished building target: final_project.elf'
' '
'Invoking: MicroBlaze Print Size'
mb-size final_project.elf  |tee "final_project.elf.size"
   text	   data	    bss	    dec	    hex	filename
  23608	    272	   7840	  31720	   7be8	final_project.elf
'Finished building: final_project.elf.size'
' '
03:04:42 **** Auto Build of configuration Debug for project final_project ****
make all 
'Building file: ../src/main.c'
'Invoking: MicroBlaze gcc compiler'
mb-gcc -Wall -O0 -g3 -c -fmessage-length=0 -MT"src/main.o" -I../../final_project_bsp/microblaze_0/include -mlittle-endian -mcpu=v10.0 -mxl-soft-mul -Wl,--no-relax -ffunction-sections -fdata-sections -MMD -MP -MF"src/main.d" -MT"src/main.o" -o "src/main.o" "../src/main.c"
../src/main.c: In function 'main':
../src/main.c:10:21: warning: passing argument 1 of 'infer' makes pointer from integer without a cast [-Wint-conversion]
  int result = infer((signed char)*test_image);
                     ^
In file included from ../src/main.c:3:0:
../src/cnn.h:4:5: note: expected 'signed char *' but argument is of type 'signed char'
 int infer(signed char flattened_input[784]);
     ^~~~~
'Finished building: ../src/main.c'
' '
'Building target: final_project.elf'
'Invoking: MicroBlaze gcc linker'
mb-gcc -Wl,-T -Wl,../src/lscript.ld -L../../final_project_bsp/microblaze_0/lib -mlittle-endian -mcpu=v10.0 -mxl-soft-mul -Wl,--no-relax -Wl,--gc-sections -o "final_project.elf"  ./src/cnn.o ./src/main.o   -Wl,--start-group,-lxil,-lgcc,-lc,--end-group
'Finished building target: final_project.elf'
' '
'Invoking: MicroBlaze Print Size'
mb-size final_project.elf  |tee "final_project.elf.size"
   text	   data	    bss	    dec	    hex	filename
  22824	    272	   7840	  30936	   78d8	final_project.elf
'Finished building: final_project.elf.size'
' '
03:05:05 **** Auto Build of configuration Debug for project final_project ****
make all 
'Building file: ../src/main.c'
'Invoking: MicroBlaze gcc compiler'
mb-gcc -Wall -O0 -g3 -c -fmessage-length=0 -MT"src/main.o" -I../../final_project_bsp/microblaze_0/include -mlittle-endian -mcpu=v10.0 -mxl-soft-mul -Wl,--no-relax -ffunction-sections -fdata-sections -MMD -MP -MF"src/main.d" -MT"src/main.o" -o "src/main.o" "../src/main.c"
../src/main.c: In function 'main':
../src/main.c:10:36: error: 'test_images' undeclared (first use in this function); did you mean 'test_image'?
  int result = infer((signed char *)test_images[4]);
                                    ^~~~~~~~~~~
                                    test_image
../src/main.c:10:36: note: each undeclared identifier is reported only once for each function it appears in
make: *** [src/main.o] Error 1
03:05:10 **** Auto Build of configuration Debug for project final_project ****
make all 
'Building file: ../src/main.c'
'Invoking: MicroBlaze gcc compiler'
mb-gcc -Wall -O0 -g3 -c -fmessage-length=0 -MT"src/main.o" -I../../final_project_bsp/microblaze_0/include -mlittle-endian -mcpu=v10.0 -mxl-soft-mul -Wl,--no-relax -ffunction-sections -fdata-sections -MMD -MP -MF"src/main.d" -MT"src/main.o" -o "src/main.o" "../src/main.c"
'Finished building: ../src/main.c'
' '
'Building target: final_project.elf'
'Invoking: MicroBlaze gcc linker'
mb-gcc -Wl,-T -Wl,../src/lscript.ld -L../../final_project_bsp/microblaze_0/lib -mlittle-endian -mcpu=v10.0 -mxl-soft-mul -Wl,--no-relax -Wl,--gc-sections -o "final_project.elf"  ./src/cnn.o ./src/main.o   -Wl,--start-group,-lxil,-lgcc,-lc,--end-group
'Finished building target: final_project.elf'
' '
'Invoking: MicroBlaze Print Size'
mb-size final_project.elf  |tee "final_project.elf.size"
   text	   data	    bss	    dec	    hex	filename
  23600	    272	   7840	  31712	   7be0	final_project.elf
'Finished building: final_project.elf.size'
' '
03:05:13 **** Auto Build of configuration Debug for project final_project ****
make all 
'Building file: ../src/main.c'
'Invoking: MicroBlaze gcc compiler'
mb-gcc -Wall -O0 -g3 -c -fmessage-length=0 -MT"src/main.o" -I../../final_project_bsp/microblaze_0/include -mlittle-endian -mcpu=v10.0 -mxl-soft-mul -Wl,--no-relax -ffunction-sections -fdata-sections -MMD -MP -MF"src/main.d" -MT"src/main.o" -o "src/main.o" "../src/main.c"
'Finished building: ../src/main.c'
' '
'Building target: final_project.elf'
'Invoking: MicroBlaze gcc linker'
mb-gcc -Wl,-T -Wl,../src/lscript.ld -L../../final_project_bsp/microblaze_0/lib -mlittle-endian -mcpu=v10.0 -mxl-soft-mul -Wl,--no-relax -Wl,--gc-sections -o "final_project.elf"  ./src/cnn.o ./src/main.o   -Wl,--start-group,-lxil,-lgcc,-lc,--end-group
'Finished building target: final_project.elf'
' '
'Invoking: MicroBlaze Print Size'
mb-size final_project.elf  |tee "final_project.elf.size"
   text	   data	    bss	    dec	    hex	filename
  23600	    272	   7840	  31712	   7be0	final_project.elf
'Finished building: final_project.elf.size'
' '
03:05:16 **** Incremental Build of configuration Debug for project final_project ****
make all 
make: Nothing to be done for `all'.
10:25:12 **** Auto Build of configuration Debug for project final_project ****
make all 
'Building file: ../src/main.c'
'Invoking: MicroBlaze gcc compiler'
mb-gcc -Wall -O0 -g3 -c -fmessage-length=0 -MT"src/main.o" -I../../final_project_bsp/microblaze_0/include -mlittle-endian -mcpu=v10.0 -mxl-soft-mul -Wl,--no-relax -ffunction-sections -fdata-sections -MMD -MP -MF"src/main.d" -MT"src/main.o" -o "src/main.o" "../src/main.c"
'Finished building: ../src/main.c'
' '
'Building target: final_project.elf'
'Invoking: MicroBlaze gcc linker'
mb-gcc -Wl,-T -Wl,../src/lscript.ld -L../../final_project_bsp/microblaze_0/lib -mlittle-endian -mcpu=v10.0 -mxl-soft-mul -Wl,--no-relax -Wl,--gc-sections -o "final_project.elf"  ./src/cnn.o ./src/main.o   -Wl,--start-group,-lxil,-lgcc,-lc,--end-group
'Finished building target: final_project.elf'
' '
'Invoking: MicroBlaze Print Size'
mb-size final_project.elf  |tee "final_project.elf.size"
   text	   data	    bss	    dec	    hex	filename
  23600	    272	   7840	  31712	   7be0	final_project.elf
'Finished building: final_project.elf.size'
' '
10:25:17 **** Incremental Build of configuration Debug for project final_project ****
make all 
make: Nothing to be done for `all'.
10:26:15 **** Auto Build of configuration Debug for project final_project ****
make all 
'Building file: ../src/main.c'
'Invoking: MicroBlaze gcc compiler'
mb-gcc -Wall -O0 -g3 -c -fmessage-length=0 -MT"src/main.o" -I../../final_project_bsp/microblaze_0/include -mlittle-endian -mcpu=v10.0 -mxl-soft-mul -Wl,--no-relax -ffunction-sections -fdata-sections -MMD -MP -MF"src/main.d" -MT"src/main.o" -o "src/main.o" "../src/main.c"
'Finished building: ../src/main.c'
' '
'Building target: final_project.elf'
'Invoking: MicroBlaze gcc linker'
mb-gcc -Wl,-T -Wl,../src/lscript.ld -L../../final_project_bsp/microblaze_0/lib -mlittle-endian -mcpu=v10.0 -mxl-soft-mul -Wl,--no-relax -Wl,--gc-sections -o "final_project.elf"  ./src/cnn.o ./src/main.o   -Wl,--start-group,-lxil,-lgcc,-lc,--end-group
'Finished building target: final_project.elf'
' '
'Invoking: MicroBlaze Print Size'
mb-size final_project.elf  |tee "final_project.elf.size"
   text	   data	    bss	    dec	    hex	filename
  23600	    272	   7840	  31712	   7be0	final_project.elf
'Finished building: final_project.elf.size'
' '
10:26:18 **** Incremental Build of configuration Debug for project final_project ****
make all 
make: Nothing to be done for `all'.
